[3.402s] Invoking command in '/home/etdisc/Bureau/codef1tenth/src/Waypoints': PYTHONPATH=/home/etdisc/Bureau/codef1tenth/src/build/Waypoints/prefix_override:/usr/lib/python3/dist-packages/colcon_core/task/python/colcon_distutils_commands:/home/etdisc/Bureau/codef1tenth/src/install/Waypoints/lib/python3.8/site-packages:${PYTHONPATH} /usr/bin/python3 -W ignore:setup.py install is deprecated -W ignore:easy_install command is deprecated setup.py egg_info --egg-base ../build/Waypoints build --build-base /home/etdisc/Bureau/codef1tenth/src/build/Waypoints/build install --record /home/etdisc/Bureau/codef1tenth/src/build/Waypoints/install.log --single-version-externally-managed install_data
[3.914s] running egg_info
[3.917s] writing ../build/Waypoints/Waypoints.egg-info/PKG-INFO
[3.918s] writing dependency_links to ../build/Waypoints/Waypoints.egg-info/dependency_links.txt
[3.919s] writing entry points to ../build/Waypoints/Waypoints.egg-info/entry_points.txt
[3.920s] writing requirements to ../build/Waypoints/Waypoints.egg-info/requires.txt
[3.921s] writing top-level names to ../build/Waypoints/Waypoints.egg-info/top_level.txt
[4.026s] reading manifest file '../build/Waypoints/Waypoints.egg-info/SOURCES.txt'
[4.030s] writing manifest file '../build/Waypoints/Waypoints.egg-info/SOURCES.txt'
[4.032s] running build
[4.034s] running build_py
[4.046s] running install
[4.078s] running install_lib
[4.082s] running install_data
[4.083s] running install_egg_info
[4.088s] removing '/home/etdisc/Bureau/codef1tenth/src/install/Waypoints/lib/python3.8/site-packages/Waypoints-0.0.0-py3.8.egg-info' (and everything under it)
[4.089s] Copying ../build/Waypoints/Waypoints.egg-info to /home/etdisc/Bureau/codef1tenth/src/install/Waypoints/lib/python3.8/site-packages/Waypoints-0.0.0-py3.8.egg-info
[4.091s] running install_scripts
[4.110s] Installing pure_pursuit script to /home/etdisc/Bureau/codef1tenth/src/install/Waypoints/lib/Waypoints
[4.110s] Installing pure_pursuit2 script to /home/etdisc/Bureau/codef1tenth/src/install/Waypoints/lib/Waypoints
[4.111s] Installing waypoints_logger script to /home/etdisc/Bureau/codef1tenth/src/install/Waypoints/lib/Waypoints
[4.126s] writing list of installed files to '/home/etdisc/Bureau/codef1tenth/src/build/Waypoints/install.log'
[4.258s] Invoked command in '/home/etdisc/Bureau/codef1tenth/src/Waypoints' returned '0': PYTHONPATH=/home/etdisc/Bureau/codef1tenth/src/build/Waypoints/prefix_override:/usr/lib/python3/dist-packages/colcon_core/task/python/colcon_distutils_commands:/home/etdisc/Bureau/codef1tenth/src/install/Waypoints/lib/python3.8/site-packages:${PYTHONPATH} /usr/bin/python3 -W ignore:setup.py install is deprecated -W ignore:easy_install command is deprecated setup.py egg_info --egg-base ../build/Waypoints build --build-base /home/etdisc/Bureau/codef1tenth/src/build/Waypoints/build install --record /home/etdisc/Bureau/codef1tenth/src/build/Waypoints/install.log --single-version-externally-managed install_data
