[2.597s] Invoking command in '/home/etdisc/Bureau/codef1tenth/src/strategy': PYTHONPATH=/home/etdisc/Bureau/codef1tenth/build/strategy/prefix_override:/usr/lib/python3/dist-packages/colcon_core/task/python/colcon_distutils_commands:/home/etdisc/Bureau/codef1tenth/install/strategy/lib/python3.8/site-packages:${PYTHONPATH} /usr/bin/python3 -W ignore:setup.py install is deprecated -W ignore:easy_install command is deprecated setup.py egg_info --egg-base ../../build/strategy build --build-base /home/etdisc/Bureau/codef1tenth/build/strategy/build install --record /home/etdisc/Bureau/codef1tenth/build/strategy/install.log --single-version-externally-managed install_data
[2.941s] running egg_info
[2.942s] writing ../../build/strategy/strategy.egg-info/PKG-INFO
[2.944s] writing dependency_links to ../../build/strategy/strategy.egg-info/dependency_links.txt
[2.945s] writing entry points to ../../build/strategy/strategy.egg-info/entry_points.txt
[2.945s] writing requirements to ../../build/strategy/strategy.egg-info/requires.txt
[2.945s] writing top-level names to ../../build/strategy/strategy.egg-info/top_level.txt
[2.984s] reading manifest file '../../build/strategy/strategy.egg-info/SOURCES.txt'
[2.985s] writing manifest file '../../build/strategy/strategy.egg-info/SOURCES.txt'
[2.985s] running build
[2.985s] running build_py
[2.985s] copying strategy/basic_strategy_manager.py -> /home/etdisc/Bureau/codef1tenth/build/strategy/build/lib/strategy
[2.987s] copying strategy/__init__.py -> /home/etdisc/Bureau/codef1tenth/build/strategy/build/lib/strategy
[2.987s] running install
[2.988s] running install_lib
[2.988s] copying /home/etdisc/Bureau/codef1tenth/build/strategy/build/lib/strategy/basic_strategy_manager.py -> /home/etdisc/Bureau/codef1tenth/install/strategy/lib/python3.8/site-packages/strategy
[2.988s] copying /home/etdisc/Bureau/codef1tenth/build/strategy/build/lib/strategy/__init__.py -> /home/etdisc/Bureau/codef1tenth/install/strategy/lib/python3.8/site-packages/strategy
[2.990s] byte-compiling /home/etdisc/Bureau/codef1tenth/install/strategy/lib/python3.8/site-packages/strategy/basic_strategy_manager.py to basic_strategy_manager.cpython-38.pyc
[2.994s] byte-compiling /home/etdisc/Bureau/codef1tenth/install/strategy/lib/python3.8/site-packages/strategy/__init__.py to __init__.cpython-38.pyc
[2.994s] running install_data
[2.994s] copying resource/strategy -> /home/etdisc/Bureau/codef1tenth/install/strategy/share/ament_index/resource_index/packages
[2.997s] copying package.xml -> /home/etdisc/Bureau/codef1tenth/install/strategy/share/strategy
[2.997s] copying launch/basic_strategy.py -> /home/etdisc/Bureau/codef1tenth/install/strategy/share/strategy/launch
[2.997s] copying config/simulation.yaml -> /home/etdisc/Bureau/codef1tenth/install/strategy/share/strategy/config
[2.997s] copying config/real.yaml -> /home/etdisc/Bureau/codef1tenth/install/strategy/share/strategy/config
[2.997s] running install_egg_info
[2.999s] removing '/home/etdisc/Bureau/codef1tenth/install/strategy/lib/python3.8/site-packages/strategy-0.0.0-py3.8.egg-info' (and everything under it)
[3.004s] Copying ../../build/strategy/strategy.egg-info to /home/etdisc/Bureau/codef1tenth/install/strategy/lib/python3.8/site-packages/strategy-0.0.0-py3.8.egg-info
[3.004s] running install_scripts
[3.025s] Installing basic_strategy_manager script to /home/etdisc/Bureau/codef1tenth/install/strategy/lib/strategy
[3.026s] writing list of installed files to '/home/etdisc/Bureau/codef1tenth/build/strategy/install.log'
[3.078s] Invoked command in '/home/etdisc/Bureau/codef1tenth/src/strategy' returned '0': PYTHONPATH=/home/etdisc/Bureau/codef1tenth/build/strategy/prefix_override:/usr/lib/python3/dist-packages/colcon_core/task/python/colcon_distutils_commands:/home/etdisc/Bureau/codef1tenth/install/strategy/lib/python3.8/site-packages:${PYTHONPATH} /usr/bin/python3 -W ignore:setup.py install is deprecated -W ignore:easy_install command is deprecated setup.py egg_info --egg-base ../../build/strategy build --build-base /home/etdisc/Bureau/codef1tenth/build/strategy/build install --record /home/etdisc/Bureau/codef1tenth/build/strategy/install.log --single-version-externally-managed install_data
