[3.371s] Invoking command in '/home/etdisc/Bureau/codef1tenth/src/Simple_algo': PYTHONPATH=/home/etdisc/Bureau/codef1tenth/src/build/Simple_algo/prefix_override:/usr/lib/python3/dist-packages/colcon_core/task/python/colcon_distutils_commands:/home/etdisc/Bureau/codef1tenth/src/install/Simple_algo/lib/python3.8/site-packages:${PYTHONPATH} /usr/bin/python3 -W ignore:setup.py install is deprecated -W ignore:easy_install command is deprecated setup.py egg_info --egg-base ../build/Simple_algo build --build-base /home/etdisc/Bureau/codef1tenth/src/build/Simple_algo/build install --record /home/etdisc/Bureau/codef1tenth/src/build/Simple_algo/install.log --single-version-externally-managed install_data
[3.993s] running egg_info
[3.995s] writing ../build/Simple_algo/Simple_algo.egg-info/PKG-INFO
[3.996s] writing dependency_links to ../build/Simple_algo/Simple_algo.egg-info/dependency_links.txt
[3.996s] writing entry points to ../build/Simple_algo/Simple_algo.egg-info/entry_points.txt
[3.997s] writing requirements to ../build/Simple_algo/Simple_algo.egg-info/requires.txt
[3.998s] writing top-level names to ../build/Simple_algo/Simple_algo.egg-info/top_level.txt
[4.085s] reading manifest file '../build/Simple_algo/Simple_algo.egg-info/SOURCES.txt'
[4.088s] writing manifest file '../build/Simple_algo/Simple_algo.egg-info/SOURCES.txt'
[4.088s] running build
[4.088s] running build_py
[4.089s] running install
[4.091s] running install_lib
[4.095s] running install_data
[4.096s] running install_egg_info
[4.100s] removing '/home/etdisc/Bureau/codef1tenth/src/install/Simple_algo/lib/python3.8/site-packages/Simple_algo-1.0.0-py3.8.egg-info' (and everything under it)
[4.101s] Copying ../build/Simple_algo/Simple_algo.egg-info to /home/etdisc/Bureau/codef1tenth/src/install/Simple_algo/lib/python3.8/site-packages/Simple_algo-1.0.0-py3.8.egg-info
[4.102s] running install_scripts
[4.147s] Installing disparity_extender script to /home/etdisc/Bureau/codef1tenth/src/install/Simple_algo/lib/Simple_algo
[4.156s] Installing fast_disparity_extender script to /home/etdisc/Bureau/codef1tenth/src/install/Simple_algo/lib/Simple_algo
[4.159s] Installing gap_follow script to /home/etdisc/Bureau/codef1tenth/src/install/Simple_algo/lib/Simple_algo
[4.159s] Installing wall_follow script to /home/etdisc/Bureau/codef1tenth/src/install/Simple_algo/lib/Simple_algo
[4.159s] Installing wall_follow_penn script to /home/etdisc/Bureau/codef1tenth/src/install/Simple_algo/lib/Simple_algo
[4.159s] writing list of installed files to '/home/etdisc/Bureau/codef1tenth/src/build/Simple_algo/install.log'
[4.276s] Invoked command in '/home/etdisc/Bureau/codef1tenth/src/Simple_algo' returned '0': PYTHONPATH=/home/etdisc/Bureau/codef1tenth/src/build/Simple_algo/prefix_override:/usr/lib/python3/dist-packages/colcon_core/task/python/colcon_distutils_commands:/home/etdisc/Bureau/codef1tenth/src/install/Simple_algo/lib/python3.8/site-packages:${PYTHONPATH} /usr/bin/python3 -W ignore:setup.py install is deprecated -W ignore:easy_install command is deprecated setup.py egg_info --egg-base ../build/Simple_algo build --build-base /home/etdisc/Bureau/codef1tenth/src/build/Simple_algo/build install --record /home/etdisc/Bureau/codef1tenth/src/build/Simple_algo/install.log --single-version-externally-managed install_data
