-- The C compiler identification is GNU 9.4.0
-- The CXX compiler identification is GNU 9.4.0
-- Check for working C compiler: /usr/bin/cc
-- Check for working C compiler: /usr/bin/cc -- works
-- Detecting C compiler ABI info
-- Detecting C compiler ABI info - done
-- Detecting C compile features
-- Detecting C compile features - done
-- Check for working CXX compiler: /usr/bin/c++
-- Check for working CXX compiler: /usr/bin/c++ -- works
-- Detecting CXX compiler ABI info
-- Detecting CXX compiler ABI info - done
-- Detecting CXX compile features
-- Detecting CXX compile features - done
-- Found ament_cmake: 1.1.6 (/opt/ros/galactic/share/ament_cmake/cmake)
-- Found PythonInterp: /usr/bin/python3 (found suitable version "3.8.10", minimum required is "3") 
-- Using PYTHON_EXECUTABLE: /usr/bin/python3
-- Override CMake install command with custom implementation using symlinks instead of copying resources
-- Found rclcpp: 9.2.2 (/opt/ros/galactic/share/rclcpp/cmake)
-- Using all available rosidl_typesupport_c: rosidl_typesupport_fastrtps_c;rosidl_typesupport_introspection_c
-- Found rosidl_adapter: 2.2.3 (/opt/ros/galactic/share/rosidl_adapter/cmake)
-- Found OpenSSL: /usr/lib/x86_64-linux-gnu/libcrypto.so (found version "1.1.1f")  
-- Found FastRTPS: /opt/ros/galactic/include  
-- Using all available rosidl_typesupport_cpp: rosidl_typesupport_fastrtps_cpp;rosidl_typesupport_introspection_cpp
-- Found rmw_implementation_cmake: 3.3.1 (/opt/ros/galactic/share/rmw_implementation_cmake/cmake)
-- Found rmw_cyclonedds_cpp: 0.22.6 (/opt/ros/galactic/share/rmw_cyclonedds_cpp/cmake)
-- Using RMW implementation 'rmw_cyclonedds_cpp' as default
-- Looking for pthread.h
-- Looking for pthread.h - found
-- Performing Test CMAKE_HAVE_LIBC_PTHREAD
-- Performing Test CMAKE_HAVE_LIBC_PTHREAD - Failed
-- Looking for pthread_create in pthreads
-- Looking for pthread_create in pthreads - not found
-- Looking for pthread_create in pthread
-- Looking for pthread_create in pthread - found
-- Found Threads: TRUE  
-- Found robot_localization: 3.2.4 (/opt/ros/galactic/share/robot_localization/cmake)
-- Found sensor_msgs: 2.2.4 (/opt/ros/galactic/share/sensor_msgs/cmake)
-- Found nav_msgs: 2.2.4 (/opt/ros/galactic/share/nav_msgs/cmake)
-- Found diagnostic_updater: 2.1.3 (/opt/ros/galactic/share/diagnostic_updater/cmake)
-- Found ament_lint_auto: 0.10.7 (/opt/ros/galactic/share/ament_lint_auto/cmake)
-- Added test 'copyright' to check source files copyright and LICENSE
-- Added test 'flake8' to check Python code syntax and style conventions
-- Added test 'lint_cmake' to check CMake code style
-- Added test 'pep257' to check Python code against some of the style conventions in PEP 257
-- Added test 'xmllint' to check XML markup files
-- Configuring done
-- Generating done
-- Build files have been written to: /home/etdisc/Bureau/codef1tenth/build/f1_localization
-- Install configuration: ""
-- Execute custom install script
-- Symlinking: /home/etdisc/Bureau/codef1tenth/install/f1_localization/share/f1_localization/config/ekf.yaml
-- Symlinking: /home/etdisc/Bureau/codef1tenth/install/f1_localization/share/f1_localization/launch/localization.launch.py
-- Symlinking: /home/etdisc/Bureau/codef1tenth/install/f1_localization/share/ament_index/resource_index/package_run_dependencies/f1_localization
-- Symlinking: /home/etdisc/Bureau/codef1tenth/install/f1_localization/share/ament_index/resource_index/parent_prefix_path/f1_localization
-- Symlinking: /home/etdisc/Bureau/codef1tenth/install/f1_localization/share/f1_localization/environment/ament_prefix_path.sh
-- Symlinking: /home/etdisc/Bureau/codef1tenth/install/f1_localization/share/f1_localization/environment/ament_prefix_path.dsv
-- Symlinking: /home/etdisc/Bureau/codef1tenth/install/f1_localization/share/f1_localization/environment/path.sh
-- Symlinking: /home/etdisc/Bureau/codef1tenth/install/f1_localization/share/f1_localization/environment/path.dsv
-- Symlinking: /home/etdisc/Bureau/codef1tenth/install/f1_localization/share/f1_localization/local_setup.bash
-- Symlinking: /home/etdisc/Bureau/codef1tenth/install/f1_localization/share/f1_localization/local_setup.sh
-- Symlinking: /home/etdisc/Bureau/codef1tenth/install/f1_localization/share/f1_localization/local_setup.zsh
-- Symlinking: /home/etdisc/Bureau/codef1tenth/install/f1_localization/share/f1_localization/local_setup.dsv
-- Symlinking: /home/etdisc/Bureau/codef1tenth/install/f1_localization/share/f1_localization/package.dsv
-- Symlinking: /home/etdisc/Bureau/codef1tenth/install/f1_localization/share/ament_index/resource_index/packages/f1_localization
-- Symlinking: /home/etdisc/Bureau/codef1tenth/install/f1_localization/share/f1_localization/cmake/f1_localizationConfig.cmake
-- Symlinking: /home/etdisc/Bureau/codef1tenth/install/f1_localization/share/f1_localization/cmake/f1_localizationConfig-version.cmake
-- Symlinking: /home/etdisc/Bureau/codef1tenth/install/f1_localization/share/f1_localization/package.xml
