[0.081s] Invoking command in '/home/etdisc/Bureau/codef1tenth/build/f1_localization': CMAKE_PREFIX_PATH=${CMAKE_PREFIX_PATH}:/home/etdisc/depots/f1tenth/sim_ws/install/timer:/home/etdisc/depots/f1tenth/sim_ws/install/strategy:/home/etdisc/depots/f1tenth/sim_ws/install/localisation:/home/etdisc/depots/f1tenth/sim_ws/install/f1tenth_gym_ros:/home/etdisc/depots/f1tenth/sim_ws/install/Waypoints:/home/etdisc/depots/f1tenth/sim_ws/install/Simple_algo:/home/etdisc/depots/f1tenth/sim_ws/install/Planif:/home/etdisc/depots/f1tenth/sim_ws/install/Mapping:/home/etdisc/depots/f1tenth/sim_ws/install/AEB:/home/etdisc/Desktop/sim_ws/install/timer:/home/etdisc/Desktop/sim_ws/install/strategy:/home/etdisc/Desktop/sim_ws/install/localisation:/home/etdisc/Desktop/sim_ws/install/f1tenth_gym_ros:/home/etdisc/Desktop/sim_ws/install/Waypoints:/home/etdisc/Desktop/sim_ws/install/Simple_algo:/home/etdisc/Desktop/sim_ws/install/Planif:/home/etdisc/Desktop/sim_ws/install/Mapping:/home/etdisc/Desktop/sim_ws/install/AEB:/opt/ros/galactic /usr/bin/cmake /home/etdisc/Bureau/codef1tenth/src/f1_localization -DAMENT_CMAKE_SYMLINK_INSTALL=1 -DCMAKE_INSTALL_PREFIX=/home/etdisc/Bureau/codef1tenth/install/f1_localization
[1.768s] -- The C compiler identification is GNU 9.4.0
[2.370s] -- The CXX compiler identification is GNU 9.4.0
[2.417s] -- Check for working C compiler: /usr/bin/cc
[2.720s] -- Check for working C compiler: /usr/bin/cc -- works
[2.727s] -- Detecting C compiler ABI info
[2.886s] -- Detecting C compiler ABI info - done
[2.902s] -- Detecting C compile features
[2.903s] -- Detecting C compile features - done
[2.919s] -- Check for working CXX compiler: /usr/bin/c++
[3.083s] -- Check for working CXX compiler: /usr/bin/c++ -- works
[3.084s] -- Detecting CXX compiler ABI info
[3.244s] -- Detecting CXX compiler ABI info - done
[3.257s] -- Detecting CXX compile features
[3.257s] -- Detecting CXX compile features - done
[3.335s] -- Found ament_cmake: 1.1.6 (/opt/ros/galactic/share/ament_cmake/cmake)
[3.456s] -- Found PythonInterp: /usr/bin/python3 (found suitable version "3.8.10", minimum required is "3") 
[3.456s] -- Using PYTHON_EXECUTABLE: /usr/bin/python3
[3.656s] -- Override CMake install command with custom implementation using symlinks instead of copying resources
[3.867s] -- Found rclcpp: 9.2.2 (/opt/ros/galactic/share/rclcpp/cmake)
[4.289s] -- Using all available rosidl_typesupport_c: rosidl_typesupport_fastrtps_c;rosidl_typesupport_introspection_c
[4.342s] -- Found rosidl_adapter: 2.2.3 (/opt/ros/galactic/share/rosidl_adapter/cmake)
[4.929s] -- Found OpenSSL: /usr/lib/x86_64-linux-gnu/libcrypto.so (found version "1.1.1f")  
[4.992s] -- Found FastRTPS: /opt/ros/galactic/include  
[5.250s] -- Using all available rosidl_typesupport_cpp: rosidl_typesupport_fastrtps_cpp;rosidl_typesupport_introspection_cpp
[5.500s] -- Found rmw_implementation_cmake: 3.3.1 (/opt/ros/galactic/share/rmw_implementation_cmake/cmake)
[5.524s] -- Found rmw_cyclonedds_cpp: 0.22.6 (/opt/ros/galactic/share/rmw_cyclonedds_cpp/cmake)
[5.588s] -- Using RMW implementation 'rmw_cyclonedds_cpp' as default
[5.595s] -- Looking for pthread.h
[5.808s] -- Looking for pthread.h - found
[5.809s] -- Performing Test CMAKE_HAVE_LIBC_PTHREAD
[5.941s] -- Performing Test CMAKE_HAVE_LIBC_PTHREAD - Failed
[5.941s] -- Looking for pthread_create in pthreads
[6.064s] -- Looking for pthread_create in pthreads - not found
[6.064s] -- Looking for pthread_create in pthread
[6.190s] -- Looking for pthread_create in pthread - found
[6.192s] -- Found Threads: TRUE  
[6.562s] -- Found robot_localization: 3.2.4 (/opt/ros/galactic/share/robot_localization/cmake)
[7.254s] -- Found sensor_msgs: 2.2.4 (/opt/ros/galactic/share/sensor_msgs/cmake)
[7.370s] -- Found nav_msgs: 2.2.4 (/opt/ros/galactic/share/nav_msgs/cmake)
[7.497s] -- Found diagnostic_updater: 2.1.3 (/opt/ros/galactic/share/diagnostic_updater/cmake)
[7.551s] -- Found ament_lint_auto: 0.10.7 (/opt/ros/galactic/share/ament_lint_auto/cmake)
[7.899s] -- Added test 'copyright' to check source files copyright and LICENSE
[7.906s] -- Added test 'flake8' to check Python code syntax and style conventions
[7.911s] -- Added test 'lint_cmake' to check CMake code style
[7.915s] -- Added test 'pep257' to check Python code against some of the style conventions in PEP 257
[7.920s] -- Added test 'xmllint' to check XML markup files
[7.938s] -- Configuring done
[7.952s] -- Generating done
[7.968s] -- Build files have been written to: /home/etdisc/Bureau/codef1tenth/build/f1_localization
[7.991s] Invoked command in '/home/etdisc/Bureau/codef1tenth/build/f1_localization' returned '0': CMAKE_PREFIX_PATH=${CMAKE_PREFIX_PATH}:/home/etdisc/depots/f1tenth/sim_ws/install/timer:/home/etdisc/depots/f1tenth/sim_ws/install/strategy:/home/etdisc/depots/f1tenth/sim_ws/install/localisation:/home/etdisc/depots/f1tenth/sim_ws/install/f1tenth_gym_ros:/home/etdisc/depots/f1tenth/sim_ws/install/Waypoints:/home/etdisc/depots/f1tenth/sim_ws/install/Simple_algo:/home/etdisc/depots/f1tenth/sim_ws/install/Planif:/home/etdisc/depots/f1tenth/sim_ws/install/Mapping:/home/etdisc/depots/f1tenth/sim_ws/install/AEB:/home/etdisc/Desktop/sim_ws/install/timer:/home/etdisc/Desktop/sim_ws/install/strategy:/home/etdisc/Desktop/sim_ws/install/localisation:/home/etdisc/Desktop/sim_ws/install/f1tenth_gym_ros:/home/etdisc/Desktop/sim_ws/install/Waypoints:/home/etdisc/Desktop/sim_ws/install/Simple_algo:/home/etdisc/Desktop/sim_ws/install/Planif:/home/etdisc/Desktop/sim_ws/install/Mapping:/home/etdisc/Desktop/sim_ws/install/AEB:/opt/ros/galactic /usr/bin/cmake /home/etdisc/Bureau/codef1tenth/src/f1_localization -DAMENT_CMAKE_SYMLINK_INSTALL=1 -DCMAKE_INSTALL_PREFIX=/home/etdisc/Bureau/codef1tenth/install/f1_localization
[7.995s] Invoking command in '/home/etdisc/Bureau/codef1tenth/build/f1_localization': CMAKE_PREFIX_PATH=${CMAKE_PREFIX_PATH}:/home/etdisc/depots/f1tenth/sim_ws/install/timer:/home/etdisc/depots/f1tenth/sim_ws/install/strategy:/home/etdisc/depots/f1tenth/sim_ws/install/localisation:/home/etdisc/depots/f1tenth/sim_ws/install/f1tenth_gym_ros:/home/etdisc/depots/f1tenth/sim_ws/install/Waypoints:/home/etdisc/depots/f1tenth/sim_ws/install/Simple_algo:/home/etdisc/depots/f1tenth/sim_ws/install/Planif:/home/etdisc/depots/f1tenth/sim_ws/install/Mapping:/home/etdisc/depots/f1tenth/sim_ws/install/AEB:/home/etdisc/Desktop/sim_ws/install/timer:/home/etdisc/Desktop/sim_ws/install/strategy:/home/etdisc/Desktop/sim_ws/install/localisation:/home/etdisc/Desktop/sim_ws/install/f1tenth_gym_ros:/home/etdisc/Desktop/sim_ws/install/Waypoints:/home/etdisc/Desktop/sim_ws/install/Simple_algo:/home/etdisc/Desktop/sim_ws/install/Planif:/home/etdisc/Desktop/sim_ws/install/Mapping:/home/etdisc/Desktop/sim_ws/install/AEB:/opt/ros/galactic /usr/bin/cmake --build /home/etdisc/Bureau/codef1tenth/build/f1_localization -- -j8 -l8
[8.075s] Invoked command in '/home/etdisc/Bureau/codef1tenth/build/f1_localization' returned '0': CMAKE_PREFIX_PATH=${CMAKE_PREFIX_PATH}:/home/etdisc/depots/f1tenth/sim_ws/install/timer:/home/etdisc/depots/f1tenth/sim_ws/install/strategy:/home/etdisc/depots/f1tenth/sim_ws/install/localisation:/home/etdisc/depots/f1tenth/sim_ws/install/f1tenth_gym_ros:/home/etdisc/depots/f1tenth/sim_ws/install/Waypoints:/home/etdisc/depots/f1tenth/sim_ws/install/Simple_algo:/home/etdisc/depots/f1tenth/sim_ws/install/Planif:/home/etdisc/depots/f1tenth/sim_ws/install/Mapping:/home/etdisc/depots/f1tenth/sim_ws/install/AEB:/home/etdisc/Desktop/sim_ws/install/timer:/home/etdisc/Desktop/sim_ws/install/strategy:/home/etdisc/Desktop/sim_ws/install/localisation:/home/etdisc/Desktop/sim_ws/install/f1tenth_gym_ros:/home/etdisc/Desktop/sim_ws/install/Waypoints:/home/etdisc/Desktop/sim_ws/install/Simple_algo:/home/etdisc/Desktop/sim_ws/install/Planif:/home/etdisc/Desktop/sim_ws/install/Mapping:/home/etdisc/Desktop/sim_ws/install/AEB:/opt/ros/galactic /usr/bin/cmake --build /home/etdisc/Bureau/codef1tenth/build/f1_localization -- -j8 -l8
[8.105s] Invoking command in '/home/etdisc/Bureau/codef1tenth/build/f1_localization': CMAKE_PREFIX_PATH=${CMAKE_PREFIX_PATH}:/home/etdisc/depots/f1tenth/sim_ws/install/timer:/home/etdisc/depots/f1tenth/sim_ws/install/strategy:/home/etdisc/depots/f1tenth/sim_ws/install/localisation:/home/etdisc/depots/f1tenth/sim_ws/install/f1tenth_gym_ros:/home/etdisc/depots/f1tenth/sim_ws/install/Waypoints:/home/etdisc/depots/f1tenth/sim_ws/install/Simple_algo:/home/etdisc/depots/f1tenth/sim_ws/install/Planif:/home/etdisc/depots/f1tenth/sim_ws/install/Mapping:/home/etdisc/depots/f1tenth/sim_ws/install/AEB:/home/etdisc/Desktop/sim_ws/install/timer:/home/etdisc/Desktop/sim_ws/install/strategy:/home/etdisc/Desktop/sim_ws/install/localisation:/home/etdisc/Desktop/sim_ws/install/f1tenth_gym_ros:/home/etdisc/Desktop/sim_ws/install/Waypoints:/home/etdisc/Desktop/sim_ws/install/Simple_algo:/home/etdisc/Desktop/sim_ws/install/Planif:/home/etdisc/Desktop/sim_ws/install/Mapping:/home/etdisc/Desktop/sim_ws/install/AEB:/opt/ros/galactic /usr/bin/cmake --install /home/etdisc/Bureau/codef1tenth/build/f1_localization
[8.125s] -- Install configuration: ""
[8.126s] -- Execute custom install script
[8.127s] -- Symlinking: /home/etdisc/Bureau/codef1tenth/install/f1_localization/share/f1_localization/config/ekf.yaml
[8.151s] -- Symlinking: /home/etdisc/Bureau/codef1tenth/install/f1_localization/share/f1_localization/launch/localization.launch.py
[8.163s] -- Symlinking: /home/etdisc/Bureau/codef1tenth/install/f1_localization/share/ament_index/resource_index/package_run_dependencies/f1_localization
[8.175s] -- Symlinking: /home/etdisc/Bureau/codef1tenth/install/f1_localization/share/ament_index/resource_index/parent_prefix_path/f1_localization
[8.191s] -- Symlinking: /home/etdisc/Bureau/codef1tenth/install/f1_localization/share/f1_localization/environment/ament_prefix_path.sh
[8.204s] -- Symlinking: /home/etdisc/Bureau/codef1tenth/install/f1_localization/share/f1_localization/environment/ament_prefix_path.dsv
[8.220s] -- Symlinking: /home/etdisc/Bureau/codef1tenth/install/f1_localization/share/f1_localization/environment/path.sh
[8.238s] -- Symlinking: /home/etdisc/Bureau/codef1tenth/install/f1_localization/share/f1_localization/environment/path.dsv
[8.257s] -- Symlinking: /home/etdisc/Bureau/codef1tenth/install/f1_localization/share/f1_localization/local_setup.bash
[8.271s] -- Symlinking: /home/etdisc/Bureau/codef1tenth/install/f1_localization/share/f1_localization/local_setup.sh
[8.284s] -- Symlinking: /home/etdisc/Bureau/codef1tenth/install/f1_localization/share/f1_localization/local_setup.zsh
[8.298s] -- Symlinking: /home/etdisc/Bureau/codef1tenth/install/f1_localization/share/f1_localization/local_setup.dsv
[8.313s] -- Symlinking: /home/etdisc/Bureau/codef1tenth/install/f1_localization/share/f1_localization/package.dsv
[8.330s] -- Symlinking: /home/etdisc/Bureau/codef1tenth/install/f1_localization/share/ament_index/resource_index/packages/f1_localization
[8.350s] -- Symlinking: /home/etdisc/Bureau/codef1tenth/install/f1_localization/share/f1_localization/cmake/f1_localizationConfig.cmake
[8.361s] -- Symlinking: /home/etdisc/Bureau/codef1tenth/install/f1_localization/share/f1_localization/cmake/f1_localizationConfig-version.cmake
[8.374s] -- Symlinking: /home/etdisc/Bureau/codef1tenth/install/f1_localization/share/f1_localization/package.xml
[8.389s] Invoked command in '/home/etdisc/Bureau/codef1tenth/build/f1_localization' returned '0': CMAKE_PREFIX_PATH=${CMAKE_PREFIX_PATH}:/home/etdisc/depots/f1tenth/sim_ws/install/timer:/home/etdisc/depots/f1tenth/sim_ws/install/strategy:/home/etdisc/depots/f1tenth/sim_ws/install/localisation:/home/etdisc/depots/f1tenth/sim_ws/install/f1tenth_gym_ros:/home/etdisc/depots/f1tenth/sim_ws/install/Waypoints:/home/etdisc/depots/f1tenth/sim_ws/install/Simple_algo:/home/etdisc/depots/f1tenth/sim_ws/install/Planif:/home/etdisc/depots/f1tenth/sim_ws/install/Mapping:/home/etdisc/depots/f1tenth/sim_ws/install/AEB:/home/etdisc/Desktop/sim_ws/install/timer:/home/etdisc/Desktop/sim_ws/install/strategy:/home/etdisc/Desktop/sim_ws/install/localisation:/home/etdisc/Desktop/sim_ws/install/f1tenth_gym_ros:/home/etdisc/Desktop/sim_ws/install/Waypoints:/home/etdisc/Desktop/sim_ws/install/Simple_algo:/home/etdisc/Desktop/sim_ws/install/Planif:/home/etdisc/Desktop/sim_ws/install/Mapping:/home/etdisc/Desktop/sim_ws/install/AEB:/opt/ros/galactic /usr/bin/cmake --install /home/etdisc/Bureau/codef1tenth/build/f1_localization
