/home/etdisc/Bureau/codef1tenth/install/AEB/lib/python3.8/site-packages/AEB/aeb2.py
/home/etdisc/Bureau/codef1tenth/install/AEB/lib/python3.8/site-packages/AEB/multiplexer.py
/home/etdisc/Bureau/codef1tenth/install/AEB/lib/python3.8/site-packages/AEB/__init__.py
/home/etdisc/Bureau/codef1tenth/install/AEB/lib/python3.8/site-packages/AEB/AEB.py
/home/etdisc/Bureau/codef1tenth/install/AEB/lib/python3.8/site-packages/AEB/__pycache__/aeb2.cpython-38.pyc
/home/etdisc/Bureau/codef1tenth/install/AEB/lib/python3.8/site-packages/AEB/__pycache__/multiplexer.cpython-38.pyc
/home/etdisc/Bureau/codef1tenth/install/AEB/lib/python3.8/site-packages/AEB/__pycache__/__init__.cpython-38.pyc
/home/etdisc/Bureau/codef1tenth/install/AEB/lib/python3.8/site-packages/AEB/__pycache__/AEB.cpython-38.pyc
/home/etdisc/Bureau/codef1tenth/install/AEB/share/ament_index/resource_index/packages/AEB
/home/etdisc/Bureau/codef1tenth/install/AEB/share/AEB/package.xml
/home/etdisc/Bureau/codef1tenth/install/AEB/share/AEB/launch/safe_disparity_extender.py
/home/etdisc/Bureau/codef1tenth/install/AEB/share/AEB/config/simulation.yaml
/home/etdisc/Bureau/codef1tenth/install/AEB/share/AEB/config/real.yaml
/home/etdisc/Bureau/codef1tenth/install/AEB/lib/python3.8/site-packages/AEB-0.0.0-py3.8.egg-info/SOURCES.txt
/home/etdisc/Bureau/codef1tenth/install/AEB/lib/python3.8/site-packages/AEB-0.0.0-py3.8.egg-info/requires.txt
/home/etdisc/Bureau/codef1tenth/install/AEB/lib/python3.8/site-packages/AEB-0.0.0-py3.8.egg-info/zip-safe
/home/etdisc/Bureau/codef1tenth/install/AEB/lib/python3.8/site-packages/AEB-0.0.0-py3.8.egg-info/entry_points.txt
/home/etdisc/Bureau/codef1tenth/install/AEB/lib/python3.8/site-packages/AEB-0.0.0-py3.8.egg-info/top_level.txt
/home/etdisc/Bureau/codef1tenth/install/AEB/lib/python3.8/site-packages/AEB-0.0.0-py3.8.egg-info/PKG-INFO
/home/etdisc/Bureau/codef1tenth/install/AEB/lib/python3.8/site-packages/AEB-0.0.0-py3.8.egg-info/dependency_links.txt
/home/etdisc/Bureau/codef1tenth/install/AEB/lib/AEB/AEB
/home/etdisc/Bureau/codef1tenth/install/AEB/lib/AEB/aeb2
/home/etdisc/Bureau/codef1tenth/install/AEB/lib/AEB/multiplexer
