running egg_info
writing ../../build/Simple_algo/Simple_algo.egg-info/PKG-INFO
writing dependency_links to ../../build/Simple_algo/Simple_algo.egg-info/dependency_links.txt
writing entry points to ../../build/Simple_algo/Simple_algo.egg-info/entry_points.txt
writing requirements to ../../build/Simple_algo/Simple_algo.egg-info/requires.txt
writing top-level names to ../../build/Simple_algo/Simple_algo.egg-info/top_level.txt
reading manifest file '../../build/Simple_algo/Simple_algo.egg-info/SOURCES.txt'
writing manifest file '../../build/Simple_algo/Simple_algo.egg-info/SOURCES.txt'
running build
running build_py
running install
running install_lib
running install_data
running install_egg_info
removing '/home/etdisc/Bureau/codef1tenth/install/Simple_algo/lib/python3.8/site-packages/Simple_algo-1.0.0-py3.8.egg-info' (and everything under it)
Copying ../../build/Simple_algo/Simple_algo.egg-info to /home/etdisc/Bureau/codef1tenth/install/Simple_algo/lib/python3.8/site-packages/Simple_algo-1.0.0-py3.8.egg-info
running install_scripts
Installing disparity_extender script to /home/etdisc/Bureau/codef1tenth/install/Simple_algo/lib/Simple_algo
Installing fast_disparity_extender script to /home/etdisc/Bureau/codef1tenth/install/Simple_algo/lib/Simple_algo
Installing gap_follow script to /home/etdisc/Bureau/codef1tenth/install/Simple_algo/lib/Simple_algo
Installing wall_follow script to /home/etdisc/Bureau/codef1tenth/install/Simple_algo/lib/Simple_algo
Installing wall_follow_penn script to /home/etdisc/Bureau/codef1tenth/install/Simple_algo/lib/Simple_algo
writing list of installed files to '/home/etdisc/Bureau/codef1tenth/build/Simple_algo/install.log'
