[2.002s] Invoking command in '/home/etdisc/Bureau/codef1tenth/src/strategy': PYTHONPATH=/home/etdisc/Bureau/codef1tenth/src/build/strategy/prefix_override:/usr/lib/python3/dist-packages/colcon_core/task/python/colcon_distutils_commands:/home/etdisc/Bureau/codef1tenth/src/install/strategy/lib/python3.8/site-packages:${PYTHONPATH} /usr/bin/python3 -W ignore:setup.py install is deprecated -W ignore:easy_install command is deprecated setup.py egg_info --egg-base ../build/strategy build --build-base /home/etdisc/Bureau/codef1tenth/src/build/strategy/build install --record /home/etdisc/Bureau/codef1tenth/src/build/strategy/install.log --single-version-externally-managed install_data
[2.276s] running egg_info
[2.276s] writing ../build/strategy/strategy.egg-info/PKG-INFO
[2.277s] writing dependency_links to ../build/strategy/strategy.egg-info/dependency_links.txt
[2.277s] writing entry points to ../build/strategy/strategy.egg-info/entry_points.txt
[2.278s] writing requirements to ../build/strategy/strategy.egg-info/requires.txt
[2.278s] writing top-level names to ../build/strategy/strategy.egg-info/top_level.txt
[2.312s] reading manifest file '../build/strategy/strategy.egg-info/SOURCES.txt'
[2.314s] writing manifest file '../build/strategy/strategy.egg-info/SOURCES.txt'
[2.314s] running build
[2.314s] running build_py
[2.314s] running install
[2.315s] running install_lib
[2.317s] running install_data
[2.317s] running install_egg_info
[2.319s] removing '/home/etdisc/Bureau/codef1tenth/src/install/strategy/lib/python3.8/site-packages/strategy-0.0.0-py3.8.egg-info' (and everything under it)
[2.319s] Copying ../build/strategy/strategy.egg-info to /home/etdisc/Bureau/codef1tenth/src/install/strategy/lib/python3.8/site-packages/strategy-0.0.0-py3.8.egg-info
[2.320s] running install_scripts
[2.340s] Installing basic_strategy_manager script to /home/etdisc/Bureau/codef1tenth/src/install/strategy/lib/strategy
[2.340s] writing list of installed files to '/home/etdisc/Bureau/codef1tenth/src/build/strategy/install.log'
[2.370s] Invoked command in '/home/etdisc/Bureau/codef1tenth/src/strategy' returned '0': PYTHONPATH=/home/etdisc/Bureau/codef1tenth/src/build/strategy/prefix_override:/usr/lib/python3/dist-packages/colcon_core/task/python/colcon_distutils_commands:/home/etdisc/Bureau/codef1tenth/src/install/strategy/lib/python3.8/site-packages:${PYTHONPATH} /usr/bin/python3 -W ignore:setup.py install is deprecated -W ignore:easy_install command is deprecated setup.py egg_info --egg-base ../build/strategy build --build-base /home/etdisc/Bureau/codef1tenth/src/build/strategy/build install --record /home/etdisc/Bureau/codef1tenth/src/build/strategy/install.log --single-version-externally-managed install_data
