[3.945s] Invoking command in '/home/etdisc/Bureau/codef1tenth/src/Planif': PYTHONPATH=/home/etdisc/Bureau/codef1tenth/build/Planif/prefix_override:/usr/lib/python3/dist-packages/colcon_core/task/python/colcon_distutils_commands:/home/etdisc/Bureau/codef1tenth/install/Planif/lib/python3.8/site-packages:${PYTHONPATH} /usr/bin/python3 -W ignore:setup.py install is deprecated -W ignore:easy_install command is deprecated setup.py egg_info --egg-base ../../build/Planif build --build-base /home/etdisc/Bureau/codef1tenth/build/Planif/build install --record /home/etdisc/Bureau/codef1tenth/build/Planif/install.log --single-version-externally-managed install_data
[4.491s] running egg_info
[4.496s] writing ../../build/Planif/Planif.egg-info/PKG-INFO
[4.497s] writing dependency_links to ../../build/Planif/Planif.egg-info/dependency_links.txt
[4.497s] writing entry points to ../../build/Planif/Planif.egg-info/entry_points.txt
[4.497s] writing requirements to ../../build/Planif/Planif.egg-info/requires.txt
[4.497s] writing top-level names to ../../build/Planif/Planif.egg-info/top_level.txt
[4.578s] reading manifest file '../../build/Planif/Planif.egg-info/SOURCES.txt'
[4.581s] writing manifest file '../../build/Planif/Planif.egg-info/SOURCES.txt'
[4.581s] running build
[4.582s] running build_py
[4.582s] running install
[4.584s] running install_lib
[4.587s] running install_data
[4.587s] running install_egg_info
[4.591s] removing '/home/etdisc/Bureau/codef1tenth/install/Planif/lib/python3.8/site-packages/Planif-0.1.0-py3.8.egg-info' (and everything under it)
[4.616s] Copying ../../build/Planif/Planif.egg-info to /home/etdisc/Bureau/codef1tenth/install/Planif/lib/python3.8/site-packages/Planif-0.1.0-py3.8.egg-info
[4.617s] running install_scripts
[4.689s] Installing A_star script to /home/etdisc/Bureau/codef1tenth/install/Planif/lib/Planif
[4.700s] Installing A_star_SLAM script to /home/etdisc/Bureau/codef1tenth/install/Planif/lib/Planif
[4.700s] writing list of installed files to '/home/etdisc/Bureau/codef1tenth/build/Planif/install.log'
[4.865s] Invoked command in '/home/etdisc/Bureau/codef1tenth/src/Planif' returned '0': PYTHONPATH=/home/etdisc/Bureau/codef1tenth/build/Planif/prefix_override:/usr/lib/python3/dist-packages/colcon_core/task/python/colcon_distutils_commands:/home/etdisc/Bureau/codef1tenth/install/Planif/lib/python3.8/site-packages:${PYTHONPATH} /usr/bin/python3 -W ignore:setup.py install is deprecated -W ignore:easy_install command is deprecated setup.py egg_info --egg-base ../../build/Planif build --build-base /home/etdisc/Bureau/codef1tenth/build/Planif/build install --record /home/etdisc/Bureau/codef1tenth/build/Planif/install.log --single-version-externally-managed install_data
