[3.723s] Invoking command in '/home/etdisc/Bureau/codef1tenth/src/AEB': PYTHONPATH=/home/etdisc/Bureau/codef1tenth/build/AEB/prefix_override:/usr/lib/python3/dist-packages/colcon_core/task/python/colcon_distutils_commands:/home/etdisc/Bureau/codef1tenth/install/AEB/lib/python3.8/site-packages:${PYTHONPATH} /usr/bin/python3 -W ignore:setup.py install is deprecated -W ignore:easy_install command is deprecated setup.py egg_info --egg-base ../../build/AEB build --build-base /home/etdisc/Bureau/codef1tenth/build/AEB/build install --record /home/etdisc/Bureau/codef1tenth/build/AEB/install.log --single-version-externally-managed install_data
[4.294s] running egg_info
[4.296s] writing ../../build/AEB/AEB.egg-info/PKG-INFO
[4.296s] writing dependency_links to ../../build/AEB/AEB.egg-info/dependency_links.txt
[4.297s] writing entry points to ../../build/AEB/AEB.egg-info/entry_points.txt
[4.297s] writing requirements to ../../build/AEB/AEB.egg-info/requires.txt
[4.298s] writing top-level names to ../../build/AEB/AEB.egg-info/top_level.txt
[4.367s] reading manifest file '../../build/AEB/AEB.egg-info/SOURCES.txt'
[4.372s] writing manifest file '../../build/AEB/AEB.egg-info/SOURCES.txt'
[4.373s] running build
[4.373s] running build_py
[4.374s] running install
[4.376s] running install_lib
[4.379s] running install_data
[4.379s] running install_egg_info
[4.383s] removing '/home/etdisc/Bureau/codef1tenth/install/AEB/lib/python3.8/site-packages/AEB-0.0.0-py3.8.egg-info' (and everything under it)
[4.384s] Copying ../../build/AEB/AEB.egg-info to /home/etdisc/Bureau/codef1tenth/install/AEB/lib/python3.8/site-packages/AEB-0.0.0-py3.8.egg-info
[4.385s] running install_scripts
[4.424s] Installing AEB script to /home/etdisc/Bureau/codef1tenth/install/AEB/lib/AEB
[4.427s] Installing aeb2 script to /home/etdisc/Bureau/codef1tenth/install/AEB/lib/AEB
[4.427s] Installing multiplexer script to /home/etdisc/Bureau/codef1tenth/install/AEB/lib/AEB
[4.427s] writing list of installed files to '/home/etdisc/Bureau/codef1tenth/build/AEB/install.log'
[4.478s] Invoked command in '/home/etdisc/Bureau/codef1tenth/src/AEB' returned '0': PYTHONPATH=/home/etdisc/Bureau/codef1tenth/build/AEB/prefix_override:/usr/lib/python3/dist-packages/colcon_core/task/python/colcon_distutils_commands:/home/etdisc/Bureau/codef1tenth/install/AEB/lib/python3.8/site-packages:${PYTHONPATH} /usr/bin/python3 -W ignore:setup.py install is deprecated -W ignore:easy_install command is deprecated setup.py egg_info --egg-base ../../build/AEB build --build-base /home/etdisc/Bureau/codef1tenth/build/AEB/build install --record /home/etdisc/Bureau/codef1tenth/build/AEB/install.log --single-version-externally-managed install_data
