[3.353s] Invoking command in '/home/etdisc/Bureau/codef1tenth/src/Mapping': PYTHONPATH=/home/etdisc/Bureau/codef1tenth/src/build/Mapping/prefix_override:/usr/lib/python3/dist-packages/colcon_core/task/python/colcon_distutils_commands:/home/etdisc/Bureau/codef1tenth/src/install/Mapping/lib/python3.8/site-packages:${PYTHONPATH} /usr/bin/python3 -W ignore:setup.py install is deprecated -W ignore:easy_install command is deprecated setup.py egg_info --egg-base ../build/Mapping build --build-base /home/etdisc/Bureau/codef1tenth/src/build/Mapping/build install --record /home/etdisc/Bureau/codef1tenth/src/build/Mapping/install.log --single-version-externally-managed install_data
[3.960s] running egg_info
[3.962s] writing ../build/Mapping/Mapping.egg-info/PKG-INFO
[3.963s] writing dependency_links to ../build/Mapping/Mapping.egg-info/dependency_links.txt
[3.964s] writing entry points to ../build/Mapping/Mapping.egg-info/entry_points.txt
[3.966s] writing requirements to ../build/Mapping/Mapping.egg-info/requires.txt
[3.967s] writing top-level names to ../build/Mapping/Mapping.egg-info/top_level.txt
[4.051s] reading manifest file '../build/Mapping/Mapping.egg-info/SOURCES.txt'
[4.053s] writing manifest file '../build/Mapping/Mapping.egg-info/SOURCES.txt'
[4.055s] running build
[4.055s] running build_py
[4.056s] running install
[4.058s] running install_lib
[4.062s] running install_data
[4.062s] running install_egg_info
[4.066s] removing '/home/etdisc/Bureau/codef1tenth/src/install/Mapping/lib/python3.8/site-packages/Mapping-0.0.0-py3.8.egg-info' (and everything under it)
[4.067s] Copying ../build/Mapping/Mapping.egg-info to /home/etdisc/Bureau/codef1tenth/src/install/Mapping/lib/python3.8/site-packages/Mapping-0.0.0-py3.8.egg-info
[4.069s] running install_scripts
[4.108s] Installing centerline_extraction script to /home/etdisc/Bureau/codef1tenth/src/install/Mapping/lib/Mapping
[4.110s] Installing custom_slam script to /home/etdisc/Bureau/codef1tenth/src/install/Mapping/lib/Mapping
[4.110s] Installing pose_listener script to /home/etdisc/Bureau/codef1tenth/src/install/Mapping/lib/Mapping
[4.112s] Installing scan_filter script to /home/etdisc/Bureau/codef1tenth/src/install/Mapping/lib/Mapping
[4.113s] Installing virtual_imu script to /home/etdisc/Bureau/codef1tenth/src/install/Mapping/lib/Mapping
[4.115s] writing list of installed files to '/home/etdisc/Bureau/codef1tenth/src/build/Mapping/install.log'
[4.193s] Invoked command in '/home/etdisc/Bureau/codef1tenth/src/Mapping' returned '0': PYTHONPATH=/home/etdisc/Bureau/codef1tenth/src/build/Mapping/prefix_override:/usr/lib/python3/dist-packages/colcon_core/task/python/colcon_distutils_commands:/home/etdisc/Bureau/codef1tenth/src/install/Mapping/lib/python3.8/site-packages:${PYTHONPATH} /usr/bin/python3 -W ignore:setup.py install is deprecated -W ignore:easy_install command is deprecated setup.py egg_info --egg-base ../build/Mapping build --build-base /home/etdisc/Bureau/codef1tenth/src/build/Mapping/build install --record /home/etdisc/Bureau/codef1tenth/src/build/Mapping/install.log --single-version-externally-managed install_data
