[11.114s] Invoking command in '/home/etdisc/Bureau/codef1tenth/src/Planif': PYTHONPATH=/home/etdisc/Bureau/codef1tenth/build/Planif/prefix_override:/usr/lib/python3/dist-packages/colcon_core/task/python/colcon_distutils_commands:/home/etdisc/Bureau/codef1tenth/install/Planif/lib/python3.8/site-packages:${PYTHONPATH} /usr/bin/python3 -W ignore:setup.py install is deprecated -W ignore:easy_install command is deprecated setup.py egg_info --egg-base ../../build/Planif build --build-base /home/etdisc/Bureau/codef1tenth/build/Planif/build install --record /home/etdisc/Bureau/codef1tenth/build/Planif/install.log --single-version-externally-managed install_data
[12.189s] running egg_info
[12.189s] creating ../../build/Planif/Planif.egg-info
[12.190s] writing ../../build/Planif/Planif.egg-info/PKG-INFO
[12.193s] writing dependency_links to ../../build/Planif/Planif.egg-info/dependency_links.txt
[12.207s] writing entry points to ../../build/Planif/Planif.egg-info/entry_points.txt
[12.207s] writing requirements to ../../build/Planif/Planif.egg-info/requires.txt
[12.207s] writing top-level names to ../../build/Planif/Planif.egg-info/top_level.txt
[12.216s] writing manifest file '../../build/Planif/Planif.egg-info/SOURCES.txt'
[12.323s] reading manifest file '../../build/Planif/Planif.egg-info/SOURCES.txt'
[12.336s] writing manifest file '../../build/Planif/Planif.egg-info/SOURCES.txt'
[12.336s] running build
[12.336s] running build_py
[12.336s] creating /home/etdisc/Bureau/codef1tenth/build/Planif/build
[12.337s] creating /home/etdisc/Bureau/codef1tenth/build/Planif/build/lib
[12.337s] creating /home/etdisc/Bureau/codef1tenth/build/Planif/build/lib/Planif
[12.337s] copying Planif/A_etoile.py -> /home/etdisc/Bureau/codef1tenth/build/Planif/build/lib/Planif
[12.337s] copying Planif/__init__.py -> /home/etdisc/Bureau/codef1tenth/build/Planif/build/lib/Planif
[12.337s] copying Planif/A_etoile_SLAM.py -> /home/etdisc/Bureau/codef1tenth/build/Planif/build/lib/Planif
[12.338s] running install
[12.338s] running install_lib
[12.342s] creating /home/etdisc/Bureau/codef1tenth/install/Planif/lib/python3.8/site-packages/Planif
[12.343s] copying /home/etdisc/Bureau/codef1tenth/build/Planif/build/lib/Planif/A_etoile.py -> /home/etdisc/Bureau/codef1tenth/install/Planif/lib/python3.8/site-packages/Planif
[12.344s] copying /home/etdisc/Bureau/codef1tenth/build/Planif/build/lib/Planif/__init__.py -> /home/etdisc/Bureau/codef1tenth/install/Planif/lib/python3.8/site-packages/Planif
[12.344s] copying /home/etdisc/Bureau/codef1tenth/build/Planif/build/lib/Planif/A_etoile_SLAM.py -> /home/etdisc/Bureau/codef1tenth/install/Planif/lib/python3.8/site-packages/Planif
[12.355s] byte-compiling /home/etdisc/Bureau/codef1tenth/install/Planif/lib/python3.8/site-packages/Planif/A_etoile.py to A_etoile.cpython-38.pyc
[12.378s] byte-compiling /home/etdisc/Bureau/codef1tenth/install/Planif/lib/python3.8/site-packages/Planif/__init__.py to __init__.cpython-38.pyc
[12.382s] byte-compiling /home/etdisc/Bureau/codef1tenth/install/Planif/lib/python3.8/site-packages/Planif/A_etoile_SLAM.py to A_etoile_SLAM.cpython-38.pyc
[12.396s] running install_data
[12.396s] creating /home/etdisc/Bureau/codef1tenth/install/Planif/share/ament_index
[12.396s] creating /home/etdisc/Bureau/codef1tenth/install/Planif/share/ament_index/resource_index
[12.397s] creating /home/etdisc/Bureau/codef1tenth/install/Planif/share/ament_index/resource_index/packages
[12.397s] copying resource/Planif -> /home/etdisc/Bureau/codef1tenth/install/Planif/share/ament_index/resource_index/packages
[12.398s] copying package.xml -> /home/etdisc/Bureau/codef1tenth/install/Planif/share/Planif
[12.399s] running install_egg_info
[12.405s] Copying ../../build/Planif/Planif.egg-info to /home/etdisc/Bureau/codef1tenth/install/Planif/lib/python3.8/site-packages/Planif-0.1.0-py3.8.egg-info
[12.440s] running install_scripts
[12.507s] Installing A_star script to /home/etdisc/Bureau/codef1tenth/install/Planif/lib/Planif
[12.515s] Installing A_star_SLAM script to /home/etdisc/Bureau/codef1tenth/install/Planif/lib/Planif
[12.518s] writing list of installed files to '/home/etdisc/Bureau/codef1tenth/build/Planif/install.log'
[12.783s] Invoked command in '/home/etdisc/Bureau/codef1tenth/src/Planif' returned '0': PYTHONPATH=/home/etdisc/Bureau/codef1tenth/build/Planif/prefix_override:/usr/lib/python3/dist-packages/colcon_core/task/python/colcon_distutils_commands:/home/etdisc/Bureau/codef1tenth/install/Planif/lib/python3.8/site-packages:${PYTHONPATH} /usr/bin/python3 -W ignore:setup.py install is deprecated -W ignore:easy_install command is deprecated setup.py egg_info --egg-base ../../build/Planif build --build-base /home/etdisc/Bureau/codef1tenth/build/Planif/build install --record /home/etdisc/Bureau/codef1tenth/build/Planif/install.log --single-version-externally-managed install_data
