running egg_info
writing ../build/Waypoints/Waypoints.egg-info/PKG-INFO
writing dependency_links to ../build/Waypoints/Waypoints.egg-info/dependency_links.txt
writing entry points to ../build/Waypoints/Waypoints.egg-info/entry_points.txt
writing requirements to ../build/Waypoints/Waypoints.egg-info/requires.txt
writing top-level names to ../build/Waypoints/Waypoints.egg-info/top_level.txt
reading manifest file '../build/Waypoints/Waypoints.egg-info/SOURCES.txt'
writing manifest file '../build/Waypoints/Waypoints.egg-info/SOURCES.txt'
running build
running build_py
running install
running install_lib
running install_data
running install_egg_info
removing '/home/etdisc/Bureau/codef1tenth/src/install/Waypoints/lib/python3.8/site-packages/Waypoints-0.0.0-py3.8.egg-info' (and everything under it)
Copying ../build/Waypoints/Waypoints.egg-info to /home/etdisc/Bureau/codef1tenth/src/install/Waypoints/lib/python3.8/site-packages/Waypoints-0.0.0-py3.8.egg-info
running install_scripts
Installing pure_pursuit script to /home/etdisc/Bureau/codef1tenth/src/install/Waypoints/lib/Waypoints
Installing pure_pursuit2 script to /home/etdisc/Bureau/codef1tenth/src/install/Waypoints/lib/Waypoints
Installing waypoints_logger script to /home/etdisc/Bureau/codef1tenth/src/install/Waypoints/lib/Waypoints
writing list of installed files to '/home/etdisc/Bureau/codef1tenth/src/build/Waypoints/install.log'
