[3.363s] Invoking command in '/home/etdisc/Bureau/codef1tenth/src/Waypoints': PYTHONPATH=/home/etdisc/Bureau/codef1tenth/src/build/Waypoints/prefix_override:/usr/lib/python3/dist-packages/colcon_core/task/python/colcon_distutils_commands:/home/etdisc/Bureau/codef1tenth/src/install/Waypoints/lib/python3.8/site-packages:${PYTHONPATH} /usr/bin/python3 -W ignore:setup.py install is deprecated -W ignore:easy_install command is deprecated setup.py egg_info --egg-base ../build/Waypoints build --build-base /home/etdisc/Bureau/codef1tenth/src/build/Waypoints/build install --record /home/etdisc/Bureau/codef1tenth/src/build/Waypoints/install.log --single-version-externally-managed install_data
[3.966s] running egg_info
[3.968s] writing ../build/Waypoints/Waypoints.egg-info/PKG-INFO
[3.969s] writing dependency_links to ../build/Waypoints/Waypoints.egg-info/dependency_links.txt
[3.970s] writing entry points to ../build/Waypoints/Waypoints.egg-info/entry_points.txt
[3.972s] writing requirements to ../build/Waypoints/Waypoints.egg-info/requires.txt
[3.973s] writing top-level names to ../build/Waypoints/Waypoints.egg-info/top_level.txt
[4.064s] reading manifest file '../build/Waypoints/Waypoints.egg-info/SOURCES.txt'
[4.066s] writing manifest file '../build/Waypoints/Waypoints.egg-info/SOURCES.txt'
[4.067s] running build
[4.068s] running build_py
[4.068s] running install
[4.070s] running install_lib
[4.074s] running install_data
[4.074s] running install_egg_info
[4.079s] removing '/home/etdisc/Bureau/codef1tenth/src/install/Waypoints/lib/python3.8/site-packages/Waypoints-0.0.0-py3.8.egg-info' (and everything under it)
[4.079s] Copying ../build/Waypoints/Waypoints.egg-info to /home/etdisc/Bureau/codef1tenth/src/install/Waypoints/lib/python3.8/site-packages/Waypoints-0.0.0-py3.8.egg-info
[4.081s] running install_scripts
[4.135s] Installing pure_pursuit script to /home/etdisc/Bureau/codef1tenth/src/install/Waypoints/lib/Waypoints
[4.143s] Installing pure_pursuit2 script to /home/etdisc/Bureau/codef1tenth/src/install/Waypoints/lib/Waypoints
[4.150s] Installing waypoints_logger script to /home/etdisc/Bureau/codef1tenth/src/install/Waypoints/lib/Waypoints
[4.151s] writing list of installed files to '/home/etdisc/Bureau/codef1tenth/src/build/Waypoints/install.log'
[4.281s] Invoked command in '/home/etdisc/Bureau/codef1tenth/src/Waypoints' returned '0': PYTHONPATH=/home/etdisc/Bureau/codef1tenth/src/build/Waypoints/prefix_override:/usr/lib/python3/dist-packages/colcon_core/task/python/colcon_distutils_commands:/home/etdisc/Bureau/codef1tenth/src/install/Waypoints/lib/python3.8/site-packages:${PYTHONPATH} /usr/bin/python3 -W ignore:setup.py install is deprecated -W ignore:easy_install command is deprecated setup.py egg_info --egg-base ../build/Waypoints build --build-base /home/etdisc/Bureau/codef1tenth/src/build/Waypoints/build install --record /home/etdisc/Bureau/codef1tenth/src/build/Waypoints/install.log --single-version-externally-managed install_data
