[2.579s] Invoking command in '/home/etdisc/Bureau/codef1tenth/src/localisation': PYTHONPATH=/home/etdisc/Bureau/codef1tenth/build/localisation/prefix_override:/usr/lib/python3/dist-packages/colcon_core/task/python/colcon_distutils_commands:/home/etdisc/Bureau/codef1tenth/install/localisation/lib/python3.8/site-packages:${PYTHONPATH} /usr/bin/python3 -W ignore:setup.py install is deprecated -W ignore:easy_install command is deprecated setup.py egg_info --egg-base ../../build/localisation build --build-base /home/etdisc/Bureau/codef1tenth/build/localisation/build install --record /home/etdisc/Bureau/codef1tenth/build/localisation/install.log --single-version-externally-managed install_data
[3.098s] running egg_info
[3.098s] writing ../../build/localisation/localisation.egg-info/PKG-INFO
[3.099s] writing dependency_links to ../../build/localisation/localisation.egg-info/dependency_links.txt
[3.101s] writing entry points to ../../build/localisation/localisation.egg-info/entry_points.txt
[3.101s] writing requirements to ../../build/localisation/localisation.egg-info/requires.txt
[3.101s] writing top-level names to ../../build/localisation/localisation.egg-info/top_level.txt
[3.151s] reading manifest file '../../build/localisation/localisation.egg-info/SOURCES.txt'
[3.154s] writing manifest file '../../build/localisation/localisation.egg-info/SOURCES.txt'
[3.154s] running build
[3.154s] running build_py
[3.155s] copying localisation/lap_tracker.py -> /home/etdisc/Bureau/codef1tenth/build/localisation/build/lib/localisation
[3.156s] copying localisation/__init__.py -> /home/etdisc/Bureau/codef1tenth/build/localisation/build/lib/localisation
[3.156s] running install
[3.158s] running install_lib
[3.161s] copying /home/etdisc/Bureau/codef1tenth/build/localisation/build/lib/localisation/lap_tracker.py -> /home/etdisc/Bureau/codef1tenth/install/localisation/lib/python3.8/site-packages/localisation
[3.162s] copying /home/etdisc/Bureau/codef1tenth/build/localisation/build/lib/localisation/__init__.py -> /home/etdisc/Bureau/codef1tenth/install/localisation/lib/python3.8/site-packages/localisation
[3.162s] byte-compiling /home/etdisc/Bureau/codef1tenth/install/localisation/lib/python3.8/site-packages/localisation/lap_tracker.py to lap_tracker.cpython-38.pyc
[3.166s] byte-compiling /home/etdisc/Bureau/codef1tenth/install/localisation/lib/python3.8/site-packages/localisation/__init__.py to __init__.cpython-38.pyc
[3.167s] running install_data
[3.170s] copying resource/localisation -> /home/etdisc/Bureau/codef1tenth/install/localisation/share/ament_index/resource_index/packages
[3.171s] copying package.xml -> /home/etdisc/Bureau/codef1tenth/install/localisation/share/localisation
[3.171s] running install_egg_info
[3.174s] removing '/home/etdisc/Bureau/codef1tenth/install/localisation/lib/python3.8/site-packages/localisation-0.0.0-py3.8.egg-info' (and everything under it)
[3.179s] Copying ../../build/localisation/localisation.egg-info to /home/etdisc/Bureau/codef1tenth/install/localisation/lib/python3.8/site-packages/localisation-0.0.0-py3.8.egg-info
[3.182s] running install_scripts
[3.216s] Installing lap_tracker script to /home/etdisc/Bureau/codef1tenth/install/localisation/lib/localisation
[3.217s] writing list of installed files to '/home/etdisc/Bureau/codef1tenth/build/localisation/install.log'
[3.264s] Invoked command in '/home/etdisc/Bureau/codef1tenth/src/localisation' returned '0': PYTHONPATH=/home/etdisc/Bureau/codef1tenth/build/localisation/prefix_override:/usr/lib/python3/dist-packages/colcon_core/task/python/colcon_distutils_commands:/home/etdisc/Bureau/codef1tenth/install/localisation/lib/python3.8/site-packages:${PYTHONPATH} /usr/bin/python3 -W ignore:setup.py install is deprecated -W ignore:easy_install command is deprecated setup.py egg_info --egg-base ../../build/localisation build --build-base /home/etdisc/Bureau/codef1tenth/build/localisation/build install --record /home/etdisc/Bureau/codef1tenth/build/localisation/install.log --single-version-externally-managed install_data
