[0.122s] Invoking command in '/home/etdisc/Bureau/codef1tenth/build/f1_localization': CMAKE_PREFIX_PATH=${CMAKE_PREFIX_PATH}:/home/etdisc/depots/f1tenth/sim_ws/install/timer:/home/etdisc/depots/f1tenth/sim_ws/install/strategy:/home/etdisc/depots/f1tenth/sim_ws/install/localisation:/home/etdisc/depots/f1tenth/sim_ws/install/f1tenth_gym_ros:/home/etdisc/depots/f1tenth/sim_ws/install/Waypoints:/home/etdisc/depots/f1tenth/sim_ws/install/Simple_algo:/home/etdisc/depots/f1tenth/sim_ws/install/Planif:/home/etdisc/depots/f1tenth/sim_ws/install/Mapping:/home/etdisc/depots/f1tenth/sim_ws/install/AEB:/home/etdisc/Desktop/sim_ws/install/timer:/home/etdisc/Desktop/sim_ws/install/strategy:/home/etdisc/Desktop/sim_ws/install/localisation:/home/etdisc/Desktop/sim_ws/install/f1tenth_gym_ros:/home/etdisc/Desktop/sim_ws/install/Waypoints:/home/etdisc/Desktop/sim_ws/install/Simple_algo:/home/etdisc/Desktop/sim_ws/install/Planif:/home/etdisc/Desktop/sim_ws/install/Mapping:/home/etdisc/Desktop/sim_ws/install/AEB:/opt/ros/galactic /usr/bin/cmake /home/etdisc/Bureau/codef1tenth/src/f1_localization -DAMENT_CMAKE_SYMLINK_INSTALL=1 -DCMAKE_INSTALL_PREFIX=/home/etdisc/Bureau/codef1tenth/install/f1_localization
[0.761s] -- The C compiler identification is GNU 9.4.0
[1.238s] -- The CXX compiler identification is GNU 9.4.0
[1.283s] -- Check for working C compiler: /usr/bin/cc
[1.470s] -- Check for working C compiler: /usr/bin/cc -- works
[1.474s] -- Detecting C compiler ABI info
[1.612s] -- Detecting C compiler ABI info - done
[1.627s] -- Detecting C compile features
[1.630s] -- Detecting C compile features - done
[1.638s] -- Check for working CXX compiler: /usr/bin/c++
[1.785s] -- Check for working CXX compiler: /usr/bin/c++ -- works
[1.787s] -- Detecting CXX compiler ABI info
[1.930s] -- Detecting CXX compiler ABI info - done
[1.943s] -- Detecting CXX compile features
[1.943s] -- Detecting CXX compile features - done
[2.058s] -- Found ament_cmake: 1.1.6 (/opt/ros/galactic/share/ament_cmake/cmake)
[2.170s] -- Found PythonInterp: /usr/bin/python3 (found suitable version "3.8.10", minimum required is "3") 
[2.170s] -- Using PYTHON_EXECUTABLE: /usr/bin/python3
[2.351s] -- Override CMake install command with custom implementation using symlinks instead of copying resources
[2.596s] -- Found rclcpp: 9.2.2 (/opt/ros/galactic/share/rclcpp/cmake)
[2.980s] -- Using all available rosidl_typesupport_c: rosidl_typesupport_fastrtps_c;rosidl_typesupport_introspection_c
[3.031s] -- Found rosidl_adapter: 2.2.3 (/opt/ros/galactic/share/rosidl_adapter/cmake)
[3.676s] -- Found OpenSSL: /usr/lib/x86_64-linux-gnu/libcrypto.so (found version "1.1.1f")  
[3.735s] -- Found FastRTPS: /opt/ros/galactic/include  
[3.986s] -- Using all available rosidl_typesupport_cpp: rosidl_typesupport_fastrtps_cpp;rosidl_typesupport_introspection_cpp
[4.215s] -- Found rmw_implementation_cmake: 3.3.1 (/opt/ros/galactic/share/rmw_implementation_cmake/cmake)
[4.236s] -- Found rmw_cyclonedds_cpp: 0.22.6 (/opt/ros/galactic/share/rmw_cyclonedds_cpp/cmake)
[4.287s] -- Using RMW implementation 'rmw_cyclonedds_cpp' as default
[4.293s] -- Looking for pthread.h
[4.489s] -- Looking for pthread.h - found
[4.489s] -- Performing Test CMAKE_HAVE_LIBC_PTHREAD
[4.687s] -- Performing Test CMAKE_HAVE_LIBC_PTHREAD - Failed
[4.687s] -- Looking for pthread_create in pthreads
[4.838s] -- Looking for pthread_create in pthreads - not found
[4.838s] -- Looking for pthread_create in pthread
[5.070s] -- Looking for pthread_create in pthread - found
[5.072s] -- Found Threads: TRUE  
[5.426s] -- Found robot_localization: 3.2.4 (/opt/ros/galactic/share/robot_localization/cmake)
[6.199s] -- Found sensor_msgs: 2.2.4 (/opt/ros/galactic/share/sensor_msgs/cmake)
[6.331s] -- Found nav_msgs: 2.2.4 (/opt/ros/galactic/share/nav_msgs/cmake)
[6.446s] -- Found diagnostic_updater: 2.1.3 (/opt/ros/galactic/share/diagnostic_updater/cmake)
[6.493s] -- Found ament_lint_auto: 0.10.7 (/opt/ros/galactic/share/ament_lint_auto/cmake)
[6.752s] -- Added test 'copyright' to check source files copyright and LICENSE
[6.762s] -- Added test 'flake8' to check Python code syntax and style conventions
[6.774s] -- Added test 'lint_cmake' to check CMake code style
[6.782s] -- Added test 'pep257' to check Python code against some of the style conventions in PEP 257
[6.788s] -- Added test 'xmllint' to check XML markup files
[6.802s] -- Configuring done
[6.823s] -- Generating done
[6.836s] -- Build files have been written to: /home/etdisc/Bureau/codef1tenth/build/f1_localization
[6.852s] Invoked command in '/home/etdisc/Bureau/codef1tenth/build/f1_localization' returned '0': CMAKE_PREFIX_PATH=${CMAKE_PREFIX_PATH}:/home/etdisc/depots/f1tenth/sim_ws/install/timer:/home/etdisc/depots/f1tenth/sim_ws/install/strategy:/home/etdisc/depots/f1tenth/sim_ws/install/localisation:/home/etdisc/depots/f1tenth/sim_ws/install/f1tenth_gym_ros:/home/etdisc/depots/f1tenth/sim_ws/install/Waypoints:/home/etdisc/depots/f1tenth/sim_ws/install/Simple_algo:/home/etdisc/depots/f1tenth/sim_ws/install/Planif:/home/etdisc/depots/f1tenth/sim_ws/install/Mapping:/home/etdisc/depots/f1tenth/sim_ws/install/AEB:/home/etdisc/Desktop/sim_ws/install/timer:/home/etdisc/Desktop/sim_ws/install/strategy:/home/etdisc/Desktop/sim_ws/install/localisation:/home/etdisc/Desktop/sim_ws/install/f1tenth_gym_ros:/home/etdisc/Desktop/sim_ws/install/Waypoints:/home/etdisc/Desktop/sim_ws/install/Simple_algo:/home/etdisc/Desktop/sim_ws/install/Planif:/home/etdisc/Desktop/sim_ws/install/Mapping:/home/etdisc/Desktop/sim_ws/install/AEB:/opt/ros/galactic /usr/bin/cmake /home/etdisc/Bureau/codef1tenth/src/f1_localization -DAMENT_CMAKE_SYMLINK_INSTALL=1 -DCMAKE_INSTALL_PREFIX=/home/etdisc/Bureau/codef1tenth/install/f1_localization
[6.859s] Invoking command in '/home/etdisc/Bureau/codef1tenth/build/f1_localization': CMAKE_PREFIX_PATH=${CMAKE_PREFIX_PATH}:/home/etdisc/depots/f1tenth/sim_ws/install/timer:/home/etdisc/depots/f1tenth/sim_ws/install/strategy:/home/etdisc/depots/f1tenth/sim_ws/install/localisation:/home/etdisc/depots/f1tenth/sim_ws/install/f1tenth_gym_ros:/home/etdisc/depots/f1tenth/sim_ws/install/Waypoints:/home/etdisc/depots/f1tenth/sim_ws/install/Simple_algo:/home/etdisc/depots/f1tenth/sim_ws/install/Planif:/home/etdisc/depots/f1tenth/sim_ws/install/Mapping:/home/etdisc/depots/f1tenth/sim_ws/install/AEB:/home/etdisc/Desktop/sim_ws/install/timer:/home/etdisc/Desktop/sim_ws/install/strategy:/home/etdisc/Desktop/sim_ws/install/localisation:/home/etdisc/Desktop/sim_ws/install/f1tenth_gym_ros:/home/etdisc/Desktop/sim_ws/install/Waypoints:/home/etdisc/Desktop/sim_ws/install/Simple_algo:/home/etdisc/Desktop/sim_ws/install/Planif:/home/etdisc/Desktop/sim_ws/install/Mapping:/home/etdisc/Desktop/sim_ws/install/AEB:/opt/ros/galactic /usr/bin/cmake --build /home/etdisc/Bureau/codef1tenth/build/f1_localization -- -j8 -l8
[6.946s] Invoked command in '/home/etdisc/Bureau/codef1tenth/build/f1_localization' returned '0': CMAKE_PREFIX_PATH=${CMAKE_PREFIX_PATH}:/home/etdisc/depots/f1tenth/sim_ws/install/timer:/home/etdisc/depots/f1tenth/sim_ws/install/strategy:/home/etdisc/depots/f1tenth/sim_ws/install/localisation:/home/etdisc/depots/f1tenth/sim_ws/install/f1tenth_gym_ros:/home/etdisc/depots/f1tenth/sim_ws/install/Waypoints:/home/etdisc/depots/f1tenth/sim_ws/install/Simple_algo:/home/etdisc/depots/f1tenth/sim_ws/install/Planif:/home/etdisc/depots/f1tenth/sim_ws/install/Mapping:/home/etdisc/depots/f1tenth/sim_ws/install/AEB:/home/etdisc/Desktop/sim_ws/install/timer:/home/etdisc/Desktop/sim_ws/install/strategy:/home/etdisc/Desktop/sim_ws/install/localisation:/home/etdisc/Desktop/sim_ws/install/f1tenth_gym_ros:/home/etdisc/Desktop/sim_ws/install/Waypoints:/home/etdisc/Desktop/sim_ws/install/Simple_algo:/home/etdisc/Desktop/sim_ws/install/Planif:/home/etdisc/Desktop/sim_ws/install/Mapping:/home/etdisc/Desktop/sim_ws/install/AEB:/opt/ros/galactic /usr/bin/cmake --build /home/etdisc/Bureau/codef1tenth/build/f1_localization -- -j8 -l8
[6.977s] Invoking command in '/home/etdisc/Bureau/codef1tenth/build/f1_localization': CMAKE_PREFIX_PATH=${CMAKE_PREFIX_PATH}:/home/etdisc/depots/f1tenth/sim_ws/install/timer:/home/etdisc/depots/f1tenth/sim_ws/install/strategy:/home/etdisc/depots/f1tenth/sim_ws/install/localisation:/home/etdisc/depots/f1tenth/sim_ws/install/f1tenth_gym_ros:/home/etdisc/depots/f1tenth/sim_ws/install/Waypoints:/home/etdisc/depots/f1tenth/sim_ws/install/Simple_algo:/home/etdisc/depots/f1tenth/sim_ws/install/Planif:/home/etdisc/depots/f1tenth/sim_ws/install/Mapping:/home/etdisc/depots/f1tenth/sim_ws/install/AEB:/home/etdisc/Desktop/sim_ws/install/timer:/home/etdisc/Desktop/sim_ws/install/strategy:/home/etdisc/Desktop/sim_ws/install/localisation:/home/etdisc/Desktop/sim_ws/install/f1tenth_gym_ros:/home/etdisc/Desktop/sim_ws/install/Waypoints:/home/etdisc/Desktop/sim_ws/install/Simple_algo:/home/etdisc/Desktop/sim_ws/install/Planif:/home/etdisc/Desktop/sim_ws/install/Mapping:/home/etdisc/Desktop/sim_ws/install/AEB:/opt/ros/galactic /usr/bin/cmake --install /home/etdisc/Bureau/codef1tenth/build/f1_localization
[7.007s] -- Install configuration: ""
[7.012s] -- Execute custom install script
[7.015s] -- Symlinking: /home/etdisc/Bureau/codef1tenth/install/f1_localization/share/f1_localization/config/ekf.yaml
[7.033s] -- Symlinking: /home/etdisc/Bureau/codef1tenth/install/f1_localization/share/f1_localization/launch/localization.launch.py
[7.056s] -- Symlinking: /home/etdisc/Bureau/codef1tenth/install/f1_localization/share/ament_index/resource_index/package_run_dependencies/f1_localization
[7.071s] -- Symlinking: /home/etdisc/Bureau/codef1tenth/install/f1_localization/share/ament_index/resource_index/parent_prefix_path/f1_localization
[7.098s] -- Symlinking: /home/etdisc/Bureau/codef1tenth/install/f1_localization/share/f1_localization/environment/ament_prefix_path.sh
[7.145s] -- Symlinking: /home/etdisc/Bureau/codef1tenth/install/f1_localization/share/f1_localization/environment/ament_prefix_path.dsv
[7.159s] -- Symlinking: /home/etdisc/Bureau/codef1tenth/install/f1_localization/share/f1_localization/environment/path.sh
[7.173s] -- Symlinking: /home/etdisc/Bureau/codef1tenth/install/f1_localization/share/f1_localization/environment/path.dsv
[7.196s] -- Symlinking: /home/etdisc/Bureau/codef1tenth/install/f1_localization/share/f1_localization/local_setup.bash
[7.216s] -- Symlinking: /home/etdisc/Bureau/codef1tenth/install/f1_localization/share/f1_localization/local_setup.sh
[7.240s] -- Symlinking: /home/etdisc/Bureau/codef1tenth/install/f1_localization/share/f1_localization/local_setup.zsh
[7.266s] -- Symlinking: /home/etdisc/Bureau/codef1tenth/install/f1_localization/share/f1_localization/local_setup.dsv
[7.283s] -- Symlinking: /home/etdisc/Bureau/codef1tenth/install/f1_localization/share/f1_localization/package.dsv
[7.303s] -- Symlinking: /home/etdisc/Bureau/codef1tenth/install/f1_localization/share/ament_index/resource_index/packages/f1_localization
[7.323s] -- Symlinking: /home/etdisc/Bureau/codef1tenth/install/f1_localization/share/f1_localization/cmake/f1_localizationConfig.cmake
[7.344s] -- Symlinking: /home/etdisc/Bureau/codef1tenth/install/f1_localization/share/f1_localization/cmake/f1_localizationConfig-version.cmake
[7.366s] -- Symlinking: /home/etdisc/Bureau/codef1tenth/install/f1_localization/share/f1_localization/package.xml
[7.386s] Invoked command in '/home/etdisc/Bureau/codef1tenth/build/f1_localization' returned '0': CMAKE_PREFIX_PATH=${CMAKE_PREFIX_PATH}:/home/etdisc/depots/f1tenth/sim_ws/install/timer:/home/etdisc/depots/f1tenth/sim_ws/install/strategy:/home/etdisc/depots/f1tenth/sim_ws/install/localisation:/home/etdisc/depots/f1tenth/sim_ws/install/f1tenth_gym_ros:/home/etdisc/depots/f1tenth/sim_ws/install/Waypoints:/home/etdisc/depots/f1tenth/sim_ws/install/Simple_algo:/home/etdisc/depots/f1tenth/sim_ws/install/Planif:/home/etdisc/depots/f1tenth/sim_ws/install/Mapping:/home/etdisc/depots/f1tenth/sim_ws/install/AEB:/home/etdisc/Desktop/sim_ws/install/timer:/home/etdisc/Desktop/sim_ws/install/strategy:/home/etdisc/Desktop/sim_ws/install/localisation:/home/etdisc/Desktop/sim_ws/install/f1tenth_gym_ros:/home/etdisc/Desktop/sim_ws/install/Waypoints:/home/etdisc/Desktop/sim_ws/install/Simple_algo:/home/etdisc/Desktop/sim_ws/install/Planif:/home/etdisc/Desktop/sim_ws/install/Mapping:/home/etdisc/Desktop/sim_ws/install/AEB:/opt/ros/galactic /usr/bin/cmake --install /home/etdisc/Bureau/codef1tenth/build/f1_localization
