[3.717s] Invoking command in '/home/etdisc/Bureau/codef1tenth/src/Mapping': PYTHONPATH=/home/etdisc/Bureau/codef1tenth/src/build/Mapping/prefix_override:/usr/lib/python3/dist-packages/colcon_core/task/python/colcon_distutils_commands:/home/etdisc/Bureau/codef1tenth/src/install/Mapping/lib/python3.8/site-packages:${PYTHONPATH} /usr/bin/python3 -W ignore:setup.py install is deprecated -W ignore:easy_install command is deprecated setup.py egg_info --egg-base ../build/Mapping build --build-base /home/etdisc/Bureau/codef1tenth/src/build/Mapping/build install --record /home/etdisc/Bureau/codef1tenth/src/build/Mapping/install.log --single-version-externally-managed install_data
[4.246s] running egg_info
[4.246s] writing ../build/Mapping/Mapping.egg-info/PKG-INFO
[4.246s] writing dependency_links to ../build/Mapping/Mapping.egg-info/dependency_links.txt
[4.246s] writing entry points to ../build/Mapping/Mapping.egg-info/entry_points.txt
[4.246s] writing requirements to ../build/Mapping/Mapping.egg-info/requires.txt
[4.247s] writing top-level names to ../build/Mapping/Mapping.egg-info/top_level.txt
[4.315s] reading manifest file '../build/Mapping/Mapping.egg-info/SOURCES.txt'
[4.317s] writing manifest file '../build/Mapping/Mapping.egg-info/SOURCES.txt'
[4.317s] running build
[4.317s] running build_py
[4.318s] running install
[4.320s] running install_lib
[4.323s] running install_data
[4.324s] running install_egg_info
[4.328s] removing '/home/etdisc/Bureau/codef1tenth/src/install/Mapping/lib/python3.8/site-packages/Mapping-0.0.0-py3.8.egg-info' (and everything under it)
[4.328s] Copying ../build/Mapping/Mapping.egg-info to /home/etdisc/Bureau/codef1tenth/src/install/Mapping/lib/python3.8/site-packages/Mapping-0.0.0-py3.8.egg-info
[4.330s] running install_scripts
[4.374s] Installing centerline_extraction script to /home/etdisc/Bureau/codef1tenth/src/install/Mapping/lib/Mapping
[4.374s] Installing custom_slam script to /home/etdisc/Bureau/codef1tenth/src/install/Mapping/lib/Mapping
[4.375s] Installing pose_listener script to /home/etdisc/Bureau/codef1tenth/src/install/Mapping/lib/Mapping
[4.375s] Installing scan_filter script to /home/etdisc/Bureau/codef1tenth/src/install/Mapping/lib/Mapping
[4.376s] Installing virtual_imu script to /home/etdisc/Bureau/codef1tenth/src/install/Mapping/lib/Mapping
[4.376s] writing list of installed files to '/home/etdisc/Bureau/codef1tenth/src/build/Mapping/install.log'
[4.483s] Invoked command in '/home/etdisc/Bureau/codef1tenth/src/Mapping' returned '0': PYTHONPATH=/home/etdisc/Bureau/codef1tenth/src/build/Mapping/prefix_override:/usr/lib/python3/dist-packages/colcon_core/task/python/colcon_distutils_commands:/home/etdisc/Bureau/codef1tenth/src/install/Mapping/lib/python3.8/site-packages:${PYTHONPATH} /usr/bin/python3 -W ignore:setup.py install is deprecated -W ignore:easy_install command is deprecated setup.py egg_info --egg-base ../build/Mapping build --build-base /home/etdisc/Bureau/codef1tenth/src/build/Mapping/build install --record /home/etdisc/Bureau/codef1tenth/src/build/Mapping/install.log --single-version-externally-managed install_data
