[1.342s] Invoking command in '/home/etdisc/Bureau/codef1tenth/src/timer': PYTHONPATH=/home/etdisc/Bureau/codef1tenth/src/build/timer/prefix_override:/usr/lib/python3/dist-packages/colcon_core/task/python/colcon_distutils_commands:/home/etdisc/Bureau/codef1tenth/src/install/timer/lib/python3.8/site-packages:${PYTHONPATH} /usr/bin/python3 -W ignore:setup.py install is deprecated -W ignore:easy_install command is deprecated setup.py egg_info --egg-base ../build/timer build --build-base /home/etdisc/Bureau/codef1tenth/src/build/timer/build install --record /home/etdisc/Bureau/codef1tenth/src/build/timer/install.log --single-version-externally-managed install_data
[1.664s] running egg_info
[1.664s] creating ../build/timer/timer.egg-info
[1.665s] writing ../build/timer/timer.egg-info/PKG-INFO
[1.665s] writing dependency_links to ../build/timer/timer.egg-info/dependency_links.txt
[1.665s] writing entry points to ../build/timer/timer.egg-info/entry_points.txt
[1.665s] writing requirements to ../build/timer/timer.egg-info/requires.txt
[1.666s] writing top-level names to ../build/timer/timer.egg-info/top_level.txt
[1.667s] writing manifest file '../build/timer/timer.egg-info/SOURCES.txt'
[1.705s] reading manifest file '../build/timer/timer.egg-info/SOURCES.txt'
[1.705s] writing manifest file '../build/timer/timer.egg-info/SOURCES.txt'
[1.706s] running build
[1.706s] running build_py
[1.707s] creating /home/etdisc/Bureau/codef1tenth/src/build/timer/build
[1.707s] creating /home/etdisc/Bureau/codef1tenth/src/build/timer/build/lib
[1.707s] creating /home/etdisc/Bureau/codef1tenth/src/build/timer/build/lib/timer
[1.707s] copying timer/__init__.py -> /home/etdisc/Bureau/codef1tenth/src/build/timer/build/lib/timer
[1.707s] copying timer/timer_node.py -> /home/etdisc/Bureau/codef1tenth/src/build/timer/build/lib/timer
[1.708s] running install
[1.709s] running install_lib
[1.710s] creating /home/etdisc/Bureau/codef1tenth/src/install/timer/lib/python3.8/site-packages/timer
[1.712s] copying /home/etdisc/Bureau/codef1tenth/src/build/timer/build/lib/timer/__init__.py -> /home/etdisc/Bureau/codef1tenth/src/install/timer/lib/python3.8/site-packages/timer
[1.712s] copying /home/etdisc/Bureau/codef1tenth/src/build/timer/build/lib/timer/timer_node.py -> /home/etdisc/Bureau/codef1tenth/src/install/timer/lib/python3.8/site-packages/timer
[1.713s] byte-compiling /home/etdisc/Bureau/codef1tenth/src/install/timer/lib/python3.8/site-packages/timer/__init__.py to __init__.cpython-38.pyc
[1.714s] byte-compiling /home/etdisc/Bureau/codef1tenth/src/install/timer/lib/python3.8/site-packages/timer/timer_node.py to timer_node.cpython-38.pyc
[1.716s] running install_data
[1.717s] creating /home/etdisc/Bureau/codef1tenth/src/install/timer/share/ament_index
[1.717s] creating /home/etdisc/Bureau/codef1tenth/src/install/timer/share/ament_index/resource_index
[1.717s] creating /home/etdisc/Bureau/codef1tenth/src/install/timer/share/ament_index/resource_index/packages
[1.718s] copying resource/timer -> /home/etdisc/Bureau/codef1tenth/src/install/timer/share/ament_index/resource_index/packages
[1.719s] copying package.xml -> /home/etdisc/Bureau/codef1tenth/src/install/timer/share/timer
[1.719s] creating /home/etdisc/Bureau/codef1tenth/src/install/timer/share/timer/config
[1.720s] copying config/params.yaml -> /home/etdisc/Bureau/codef1tenth/src/install/timer/share/timer/config
[1.720s] running install_egg_info
[1.722s] Copying ../build/timer/timer.egg-info to /home/etdisc/Bureau/codef1tenth/src/install/timer/lib/python3.8/site-packages/timer-0.0.0-py3.8.egg-info
[1.724s] running install_scripts
[1.749s] Installing timer script to /home/etdisc/Bureau/codef1tenth/src/install/timer/lib/timer
[1.750s] writing list of installed files to '/home/etdisc/Bureau/codef1tenth/src/build/timer/install.log'
[1.781s] Invoked command in '/home/etdisc/Bureau/codef1tenth/src/timer' returned '0': PYTHONPATH=/home/etdisc/Bureau/codef1tenth/src/build/timer/prefix_override:/usr/lib/python3/dist-packages/colcon_core/task/python/colcon_distutils_commands:/home/etdisc/Bureau/codef1tenth/src/install/timer/lib/python3.8/site-packages:${PYTHONPATH} /usr/bin/python3 -W ignore:setup.py install is deprecated -W ignore:easy_install command is deprecated setup.py egg_info --egg-base ../build/timer build --build-base /home/etdisc/Bureau/codef1tenth/src/build/timer/build install --record /home/etdisc/Bureau/codef1tenth/src/build/timer/install.log --single-version-externally-managed install_data
