[3.373s] Invoking command in '/home/etdisc/Bureau/codef1tenth/src/strategy': PYTHONPATH=/home/etdisc/Bureau/codef1tenth/build/strategy/prefix_override:/usr/lib/python3/dist-packages/colcon_core/task/python/colcon_distutils_commands:/home/etdisc/Bureau/codef1tenth/install/strategy/lib/python3.8/site-packages:${PYTHONPATH} /usr/bin/python3 -W ignore:setup.py install is deprecated -W ignore:easy_install command is deprecated setup.py egg_info --egg-base ../../build/strategy build --build-base /home/etdisc/Bureau/codef1tenth/build/strategy/build install --record /home/etdisc/Bureau/codef1tenth/build/strategy/install.log --single-version-externally-managed install_data
[3.964s] running egg_info
[3.966s] writing ../../build/strategy/strategy.egg-info/PKG-INFO
[3.969s] writing dependency_links to ../../build/strategy/strategy.egg-info/dependency_links.txt
[3.971s] writing entry points to ../../build/strategy/strategy.egg-info/entry_points.txt
[3.972s] writing requirements to ../../build/strategy/strategy.egg-info/requires.txt
[3.973s] writing top-level names to ../../build/strategy/strategy.egg-info/top_level.txt
[4.061s] reading manifest file '../../build/strategy/strategy.egg-info/SOURCES.txt'
[4.065s] writing manifest file '../../build/strategy/strategy.egg-info/SOURCES.txt'
[4.065s] running build
[4.066s] running build_py
[4.067s] running install
[4.072s] running install_lib
[4.080s] running install_data
[4.081s] running install_egg_info
[4.086s] removing '/home/etdisc/Bureau/codef1tenth/install/strategy/lib/python3.8/site-packages/strategy-0.0.0-py3.8.egg-info' (and everything under it)
[4.092s] Copying ../../build/strategy/strategy.egg-info to /home/etdisc/Bureau/codef1tenth/install/strategy/lib/python3.8/site-packages/strategy-0.0.0-py3.8.egg-info
[4.099s] running install_scripts
[4.156s] Installing basic_strategy_manager script to /home/etdisc/Bureau/codef1tenth/install/strategy/lib/strategy
[4.163s] writing list of installed files to '/home/etdisc/Bureau/codef1tenth/build/strategy/install.log'
[4.233s] Invoked command in '/home/etdisc/Bureau/codef1tenth/src/strategy' returned '0': PYTHONPATH=/home/etdisc/Bureau/codef1tenth/build/strategy/prefix_override:/usr/lib/python3/dist-packages/colcon_core/task/python/colcon_distutils_commands:/home/etdisc/Bureau/codef1tenth/install/strategy/lib/python3.8/site-packages:${PYTHONPATH} /usr/bin/python3 -W ignore:setup.py install is deprecated -W ignore:easy_install command is deprecated setup.py egg_info --egg-base ../../build/strategy build --build-base /home/etdisc/Bureau/codef1tenth/build/strategy/build install --record /home/etdisc/Bureau/codef1tenth/build/strategy/install.log --single-version-externally-managed install_data
