[6.395s] Invoking command in '/home/etdisc/Bureau/codef1tenth/src/Mapping': PYTHONPATH=/home/etdisc/Bureau/codef1tenth/build/Mapping/prefix_override:/usr/lib/python3/dist-packages/colcon_core/task/python/colcon_distutils_commands:/home/etdisc/Bureau/codef1tenth/install/Mapping/lib/python3.8/site-packages:${PYTHONPATH} /usr/bin/python3 -W ignore:setup.py install is deprecated -W ignore:easy_install command is deprecated setup.py egg_info --egg-base ../../build/Mapping build --build-base /home/etdisc/Bureau/codef1tenth/build/Mapping/build install --record /home/etdisc/Bureau/codef1tenth/build/Mapping/install.log --single-version-externally-managed install_data
[7.339s] running egg_info
[7.345s] writing ../../build/Mapping/Mapping.egg-info/PKG-INFO
[7.345s] writing dependency_links to ../../build/Mapping/Mapping.egg-info/dependency_links.txt
[7.352s] writing entry points to ../../build/Mapping/Mapping.egg-info/entry_points.txt
[7.353s] writing requirements to ../../build/Mapping/Mapping.egg-info/requires.txt
[7.355s] writing top-level names to ../../build/Mapping/Mapping.egg-info/top_level.txt
[7.486s] reading manifest file '../../build/Mapping/Mapping.egg-info/SOURCES.txt'
[7.490s] writing manifest file '../../build/Mapping/Mapping.egg-info/SOURCES.txt'
[7.492s] running build
[7.492s] running build_py
[7.496s] copying Mapping/Occupancy_Grid.py -> /home/etdisc/Bureau/codef1tenth/build/Mapping/build/lib/Mapping
[7.502s] copying Mapping/pose_listener.py -> /home/etdisc/Bureau/codef1tenth/build/Mapping/build/lib/Mapping
[7.503s] copying Mapping/centerline_extraction.py -> /home/etdisc/Bureau/codef1tenth/build/Mapping/build/lib/Mapping
[7.513s] copying Mapping/__init__.py -> /home/etdisc/Bureau/codef1tenth/build/Mapping/build/lib/Mapping
[7.515s] copying Mapping/virtual_imu.py -> /home/etdisc/Bureau/codef1tenth/build/Mapping/build/lib/Mapping
[7.517s] copying Mapping/scan_filter.py -> /home/etdisc/Bureau/codef1tenth/build/Mapping/build/lib/Mapping
[7.518s] copying Mapping/custom_slam.py -> /home/etdisc/Bureau/codef1tenth/build/Mapping/build/lib/Mapping
[7.523s] running install
[7.526s] running install_lib
[7.531s] copying /home/etdisc/Bureau/codef1tenth/build/Mapping/build/lib/Mapping/Occupancy_Grid.py -> /home/etdisc/Bureau/codef1tenth/install/Mapping/lib/python3.8/site-packages/Mapping
[7.532s] copying /home/etdisc/Bureau/codef1tenth/build/Mapping/build/lib/Mapping/pose_listener.py -> /home/etdisc/Bureau/codef1tenth/install/Mapping/lib/python3.8/site-packages/Mapping
[7.532s] copying /home/etdisc/Bureau/codef1tenth/build/Mapping/build/lib/Mapping/centerline_extraction.py -> /home/etdisc/Bureau/codef1tenth/install/Mapping/lib/python3.8/site-packages/Mapping
[7.532s] copying /home/etdisc/Bureau/codef1tenth/build/Mapping/build/lib/Mapping/__init__.py -> /home/etdisc/Bureau/codef1tenth/install/Mapping/lib/python3.8/site-packages/Mapping
[7.532s] copying /home/etdisc/Bureau/codef1tenth/build/Mapping/build/lib/Mapping/virtual_imu.py -> /home/etdisc/Bureau/codef1tenth/install/Mapping/lib/python3.8/site-packages/Mapping
[7.532s] copying /home/etdisc/Bureau/codef1tenth/build/Mapping/build/lib/Mapping/scan_filter.py -> /home/etdisc/Bureau/codef1tenth/install/Mapping/lib/python3.8/site-packages/Mapping
[7.532s] copying /home/etdisc/Bureau/codef1tenth/build/Mapping/build/lib/Mapping/custom_slam.py -> /home/etdisc/Bureau/codef1tenth/install/Mapping/lib/python3.8/site-packages/Mapping
[7.533s] byte-compiling /home/etdisc/Bureau/codef1tenth/install/Mapping/lib/python3.8/site-packages/Mapping/Occupancy_Grid.py to Occupancy_Grid.cpython-38.pyc
[7.549s] byte-compiling /home/etdisc/Bureau/codef1tenth/install/Mapping/lib/python3.8/site-packages/Mapping/pose_listener.py to pose_listener.cpython-38.pyc
[7.558s] byte-compiling /home/etdisc/Bureau/codef1tenth/install/Mapping/lib/python3.8/site-packages/Mapping/centerline_extraction.py to centerline_extraction.cpython-38.pyc
[7.566s] byte-compiling /home/etdisc/Bureau/codef1tenth/install/Mapping/lib/python3.8/site-packages/Mapping/__init__.py to __init__.cpython-38.pyc
[7.568s] byte-compiling /home/etdisc/Bureau/codef1tenth/install/Mapping/lib/python3.8/site-packages/Mapping/virtual_imu.py to virtual_imu.cpython-38.pyc
[7.601s] byte-compiling /home/etdisc/Bureau/codef1tenth/install/Mapping/lib/python3.8/site-packages/Mapping/scan_filter.py to scan_filter.cpython-38.pyc
[7.601s] byte-compiling /home/etdisc/Bureau/codef1tenth/install/Mapping/lib/python3.8/site-packages/Mapping/custom_slam.py to custom_slam.cpython-38.pyc
[7.602s] running install_data
[7.602s] copying resource/Mapping -> /home/etdisc/Bureau/codef1tenth/install/Mapping/share/ament_index/resource_index/packages
[7.602s] copying package.xml -> /home/etdisc/Bureau/codef1tenth/install/Mapping/share/Mapping
[7.603s] copying cartographer_config/real.lua -> /home/etdisc/Bureau/codef1tenth/install/Mapping/share/Mapping/cartographer_config
[7.604s] copying cartographer_config/simulation.lua -> /home/etdisc/Bureau/codef1tenth/install/Mapping/share/Mapping/cartographer_config
[7.606s] copying launch/slam.py -> /home/etdisc/Bureau/codef1tenth/install/Mapping/share/Mapping/launch
[7.608s] copying config/simulation.yaml -> /home/etdisc/Bureau/codef1tenth/install/Mapping/share/Mapping/config
[7.609s] copying config/real.yaml -> /home/etdisc/Bureau/codef1tenth/install/Mapping/share/Mapping/config
[7.615s] running install_egg_info
[7.628s] removing '/home/etdisc/Bureau/codef1tenth/install/Mapping/lib/python3.8/site-packages/Mapping-0.0.0-py3.8.egg-info' (and everything under it)
[7.650s] Copying ../../build/Mapping/Mapping.egg-info to /home/etdisc/Bureau/codef1tenth/install/Mapping/lib/python3.8/site-packages/Mapping-0.0.0-py3.8.egg-info
[7.677s] running install_scripts
[7.820s] Installing centerline_extraction script to /home/etdisc/Bureau/codef1tenth/install/Mapping/lib/Mapping
[7.834s] Installing custom_slam script to /home/etdisc/Bureau/codef1tenth/install/Mapping/lib/Mapping
[7.835s] Installing pose_listener script to /home/etdisc/Bureau/codef1tenth/install/Mapping/lib/Mapping
[7.837s] Installing scan_filter script to /home/etdisc/Bureau/codef1tenth/install/Mapping/lib/Mapping
[7.839s] Installing virtual_imu script to /home/etdisc/Bureau/codef1tenth/install/Mapping/lib/Mapping
[7.842s] writing list of installed files to '/home/etdisc/Bureau/codef1tenth/build/Mapping/install.log'
[7.941s] Invoked command in '/home/etdisc/Bureau/codef1tenth/src/Mapping' returned '0': PYTHONPATH=/home/etdisc/Bureau/codef1tenth/build/Mapping/prefix_override:/usr/lib/python3/dist-packages/colcon_core/task/python/colcon_distutils_commands:/home/etdisc/Bureau/codef1tenth/install/Mapping/lib/python3.8/site-packages:${PYTHONPATH} /usr/bin/python3 -W ignore:setup.py install is deprecated -W ignore:easy_install command is deprecated setup.py egg_info --egg-base ../../build/Mapping build --build-base /home/etdisc/Bureau/codef1tenth/build/Mapping/build install --record /home/etdisc/Bureau/codef1tenth/build/Mapping/install.log --single-version-externally-managed install_data
