[11.213s] Invoking command in '/home/etdisc/Bureau/codef1tenth/src/Waypoints': PYTHONPATH=/home/etdisc/Bureau/codef1tenth/build/Waypoints/prefix_override:/usr/lib/python3/dist-packages/colcon_core/task/python/colcon_distutils_commands:/home/etdisc/Bureau/codef1tenth/install/Waypoints/lib/python3.8/site-packages:${PYTHONPATH} /usr/bin/python3 -W ignore:setup.py install is deprecated -W ignore:easy_install command is deprecated setup.py egg_info --egg-base ../../build/Waypoints build --build-base /home/etdisc/Bureau/codef1tenth/build/Waypoints/build install --record /home/etdisc/Bureau/codef1tenth/build/Waypoints/install.log --single-version-externally-managed install_data
[12.514s] running egg_info
[12.520s] creating ../../build/Waypoints/Waypoints.egg-info
[12.521s] writing ../../build/Waypoints/Waypoints.egg-info/PKG-INFO
[12.523s] writing dependency_links to ../../build/Waypoints/Waypoints.egg-info/dependency_links.txt
[12.531s] writing entry points to ../../build/Waypoints/Waypoints.egg-info/entry_points.txt
[12.531s] writing requirements to ../../build/Waypoints/Waypoints.egg-info/requires.txt
[12.532s] writing top-level names to ../../build/Waypoints/Waypoints.egg-info/top_level.txt
[12.539s] writing manifest file '../../build/Waypoints/Waypoints.egg-info/SOURCES.txt'
[12.667s] reading manifest file '../../build/Waypoints/Waypoints.egg-info/SOURCES.txt'
[12.668s] writing manifest file '../../build/Waypoints/Waypoints.egg-info/SOURCES.txt'
[12.668s] running build
[12.669s] running build_py
[12.669s] creating /home/etdisc/Bureau/codef1tenth/build/Waypoints/build
[12.669s] creating /home/etdisc/Bureau/codef1tenth/build/Waypoints/build/lib
[12.669s] creating /home/etdisc/Bureau/codef1tenth/build/Waypoints/build/lib/Waypoints
[12.669s] copying Waypoints/pure_pursuit.py -> /home/etdisc/Bureau/codef1tenth/build/Waypoints/build/lib/Waypoints
[12.669s] copying Waypoints/pure_pursuit2.py -> /home/etdisc/Bureau/codef1tenth/build/Waypoints/build/lib/Waypoints
[12.670s] copying Waypoints/__init__.py -> /home/etdisc/Bureau/codef1tenth/build/Waypoints/build/lib/Waypoints
[12.670s] copying Waypoints/waypoint_logger_pure_pursuit.py -> /home/etdisc/Bureau/codef1tenth/build/Waypoints/build/lib/Waypoints
[12.670s] running install
[12.673s] running install_lib
[12.677s] creating /home/etdisc/Bureau/codef1tenth/install/Waypoints/lib/python3.8/site-packages/Waypoints
[12.677s] copying /home/etdisc/Bureau/codef1tenth/build/Waypoints/build/lib/Waypoints/pure_pursuit.py -> /home/etdisc/Bureau/codef1tenth/install/Waypoints/lib/python3.8/site-packages/Waypoints
[12.680s] copying /home/etdisc/Bureau/codef1tenth/build/Waypoints/build/lib/Waypoints/pure_pursuit2.py -> /home/etdisc/Bureau/codef1tenth/install/Waypoints/lib/python3.8/site-packages/Waypoints
[12.681s] copying /home/etdisc/Bureau/codef1tenth/build/Waypoints/build/lib/Waypoints/__init__.py -> /home/etdisc/Bureau/codef1tenth/install/Waypoints/lib/python3.8/site-packages/Waypoints
[12.682s] copying /home/etdisc/Bureau/codef1tenth/build/Waypoints/build/lib/Waypoints/waypoint_logger_pure_pursuit.py -> /home/etdisc/Bureau/codef1tenth/install/Waypoints/lib/python3.8/site-packages/Waypoints
[12.684s] byte-compiling /home/etdisc/Bureau/codef1tenth/install/Waypoints/lib/python3.8/site-packages/Waypoints/pure_pursuit.py to pure_pursuit.cpython-38.pyc
[12.692s] byte-compiling /home/etdisc/Bureau/codef1tenth/install/Waypoints/lib/python3.8/site-packages/Waypoints/pure_pursuit2.py to pure_pursuit2.cpython-38.pyc
[12.704s] byte-compiling /home/etdisc/Bureau/codef1tenth/install/Waypoints/lib/python3.8/site-packages/Waypoints/__init__.py to __init__.cpython-38.pyc
[12.705s] byte-compiling /home/etdisc/Bureau/codef1tenth/install/Waypoints/lib/python3.8/site-packages/Waypoints/waypoint_logger_pure_pursuit.py to waypoint_logger_pure_pursuit.cpython-38.pyc
[12.707s] running install_data
[12.708s] creating /home/etdisc/Bureau/codef1tenth/install/Waypoints/share/ament_index
[12.710s] creating /home/etdisc/Bureau/codef1tenth/install/Waypoints/share/ament_index/resource_index
[12.711s] creating /home/etdisc/Bureau/codef1tenth/install/Waypoints/share/ament_index/resource_index/packages
[12.714s] copying resource/Waypoints -> /home/etdisc/Bureau/codef1tenth/install/Waypoints/share/ament_index/resource_index/packages
[12.714s] copying package.xml -> /home/etdisc/Bureau/codef1tenth/install/Waypoints/share/Waypoints
[12.720s] running install_egg_info
[12.727s] Copying ../../build/Waypoints/Waypoints.egg-info to /home/etdisc/Bureau/codef1tenth/install/Waypoints/lib/python3.8/site-packages/Waypoints-0.0.0-py3.8.egg-info
[12.743s] running install_scripts
[12.785s] Installing pure_pursuit script to /home/etdisc/Bureau/codef1tenth/install/Waypoints/lib/Waypoints
[12.791s] Installing pure_pursuit2 script to /home/etdisc/Bureau/codef1tenth/install/Waypoints/lib/Waypoints
[12.791s] Installing waypoints_logger script to /home/etdisc/Bureau/codef1tenth/install/Waypoints/lib/Waypoints
[12.794s] writing list of installed files to '/home/etdisc/Bureau/codef1tenth/build/Waypoints/install.log'
[13.889s] Invoked command in '/home/etdisc/Bureau/codef1tenth/src/Waypoints' returned '0': PYTHONPATH=/home/etdisc/Bureau/codef1tenth/build/Waypoints/prefix_override:/usr/lib/python3/dist-packages/colcon_core/task/python/colcon_distutils_commands:/home/etdisc/Bureau/codef1tenth/install/Waypoints/lib/python3.8/site-packages:${PYTHONPATH} /usr/bin/python3 -W ignore:setup.py install is deprecated -W ignore:easy_install command is deprecated setup.py egg_info --egg-base ../../build/Waypoints build --build-base /home/etdisc/Bureau/codef1tenth/build/Waypoints/build install --record /home/etdisc/Bureau/codef1tenth/build/Waypoints/install.log --single-version-externally-managed install_data
