/home/etdisc/Bureau/codef1tenth/src/install/Simple_algo/lib/python3.8/site-packages/Simple_algo/DisparityExtender.py
/home/etdisc/Bureau/codef1tenth/src/install/Simple_algo/lib/python3.8/site-packages/Simple_algo/wall_follow_penn.py
/home/etdisc/Bureau/codef1tenth/src/install/Simple_algo/lib/python3.8/site-packages/Simple_algo/wall_follow.py
/home/etdisc/Bureau/codef1tenth/src/install/Simple_algo/lib/python3.8/site-packages/Simple_algo/loadTopics.py
/home/etdisc/Bureau/codef1tenth/src/install/Simple_algo/lib/python3.8/site-packages/Simple_algo/fast_disparity_extender.py
/home/etdisc/Bureau/codef1tenth/src/install/Simple_algo/lib/python3.8/site-packages/Simple_algo/__init__.py
/home/etdisc/Bureau/codef1tenth/src/install/Simple_algo/lib/python3.8/site-packages/Simple_algo/follow_gap_penn.py
/home/etdisc/Bureau/codef1tenth/src/install/Simple_algo/lib/python3.8/site-packages/Simple_algo/__pycache__/DisparityExtender.cpython-38.pyc
/home/etdisc/Bureau/codef1tenth/src/install/Simple_algo/lib/python3.8/site-packages/Simple_algo/__pycache__/wall_follow_penn.cpython-38.pyc
/home/etdisc/Bureau/codef1tenth/src/install/Simple_algo/lib/python3.8/site-packages/Simple_algo/__pycache__/wall_follow.cpython-38.pyc
/home/etdisc/Bureau/codef1tenth/src/install/Simple_algo/lib/python3.8/site-packages/Simple_algo/__pycache__/loadTopics.cpython-38.pyc
/home/etdisc/Bureau/codef1tenth/src/install/Simple_algo/lib/python3.8/site-packages/Simple_algo/__pycache__/fast_disparity_extender.cpython-38.pyc
/home/etdisc/Bureau/codef1tenth/src/install/Simple_algo/lib/python3.8/site-packages/Simple_algo/__pycache__/__init__.cpython-38.pyc
/home/etdisc/Bureau/codef1tenth/src/install/Simple_algo/lib/python3.8/site-packages/Simple_algo/__pycache__/follow_gap_penn.cpython-38.pyc
/home/etdisc/Bureau/codef1tenth/src/install/Simple_algo/share/ament_index/resource_index/packages/Simple_algo
/home/etdisc/Bureau/codef1tenth/src/install/Simple_algo/share/Simple_algo/package.xml
/home/etdisc/Bureau/codef1tenth/src/install/Simple_algo/share/Simple_algo/config/simulation.yaml
/home/etdisc/Bureau/codef1tenth/src/install/Simple_algo/share/Simple_algo/config/real.yaml
/home/etdisc/Bureau/codef1tenth/src/install/Simple_algo/share/Simple_algo/launch/fast_disparity_extender.launch.py
/home/etdisc/Bureau/codef1tenth/src/install/Simple_algo/lib/python3.8/site-packages/Simple_algo-1.0.0-py3.8.egg-info/SOURCES.txt
/home/etdisc/Bureau/codef1tenth/src/install/Simple_algo/lib/python3.8/site-packages/Simple_algo-1.0.0-py3.8.egg-info/requires.txt
/home/etdisc/Bureau/codef1tenth/src/install/Simple_algo/lib/python3.8/site-packages/Simple_algo-1.0.0-py3.8.egg-info/zip-safe
/home/etdisc/Bureau/codef1tenth/src/install/Simple_algo/lib/python3.8/site-packages/Simple_algo-1.0.0-py3.8.egg-info/entry_points.txt
/home/etdisc/Bureau/codef1tenth/src/install/Simple_algo/lib/python3.8/site-packages/Simple_algo-1.0.0-py3.8.egg-info/top_level.txt
/home/etdisc/Bureau/codef1tenth/src/install/Simple_algo/lib/python3.8/site-packages/Simple_algo-1.0.0-py3.8.egg-info/PKG-INFO
/home/etdisc/Bureau/codef1tenth/src/install/Simple_algo/lib/python3.8/site-packages/Simple_algo-1.0.0-py3.8.egg-info/dependency_links.txt
/home/etdisc/Bureau/codef1tenth/src/install/Simple_algo/lib/Simple_algo/disparity_extender
/home/etdisc/Bureau/codef1tenth/src/install/Simple_algo/lib/Simple_algo/fast_disparity_extender
/home/etdisc/Bureau/codef1tenth/src/install/Simple_algo/lib/Simple_algo/gap_follow
/home/etdisc/Bureau/codef1tenth/src/install/Simple_algo/lib/Simple_algo/wall_follow
/home/etdisc/Bureau/codef1tenth/src/install/Simple_algo/lib/Simple_algo/wall_follow_penn
