[3.717s] Invoking command in '/home/etdisc/Bureau/codef1tenth/src/localisation': PYTHONPATH=/home/etdisc/Bureau/codef1tenth/src/build/localisation/prefix_override:/usr/lib/python3/dist-packages/colcon_core/task/python/colcon_distutils_commands:/home/etdisc/Bureau/codef1tenth/src/install/localisation/lib/python3.8/site-packages:${PYTHONPATH} /usr/bin/python3 -W ignore:setup.py install is deprecated -W ignore:easy_install command is deprecated setup.py egg_info --egg-base ../build/localisation build --build-base /home/etdisc/Bureau/codef1tenth/src/build/localisation/build install --record /home/etdisc/Bureau/codef1tenth/src/build/localisation/install.log --single-version-externally-managed install_data
[4.340s] running egg_info
[4.340s] writing ../build/localisation/localisation.egg-info/PKG-INFO
[4.341s] writing dependency_links to ../build/localisation/localisation.egg-info/dependency_links.txt
[4.341s] writing entry points to ../build/localisation/localisation.egg-info/entry_points.txt
[4.341s] writing requirements to ../build/localisation/localisation.egg-info/requires.txt
[4.341s] writing top-level names to ../build/localisation/localisation.egg-info/top_level.txt
[4.341s] reading manifest file '../build/localisation/localisation.egg-info/SOURCES.txt'
[4.341s] writing manifest file '../build/localisation/localisation.egg-info/SOURCES.txt'
[4.342s] running build
[4.342s] running build_py
[4.342s] running install
[4.342s] running install_lib
[4.342s] running install_data
[4.342s] running install_egg_info
[4.342s] removing '/home/etdisc/Bureau/codef1tenth/src/install/localisation/lib/python3.8/site-packages/localisation-0.0.0-py3.8.egg-info' (and everything under it)
[4.342s] Copying ../build/localisation/localisation.egg-info to /home/etdisc/Bureau/codef1tenth/src/install/localisation/lib/python3.8/site-packages/localisation-0.0.0-py3.8.egg-info
[4.342s] running install_scripts
[4.382s] Installing lap_tracker script to /home/etdisc/Bureau/codef1tenth/src/install/localisation/lib/localisation
[4.382s] writing list of installed files to '/home/etdisc/Bureau/codef1tenth/src/build/localisation/install.log'
[4.507s] Invoked command in '/home/etdisc/Bureau/codef1tenth/src/localisation' returned '0': PYTHONPATH=/home/etdisc/Bureau/codef1tenth/src/build/localisation/prefix_override:/usr/lib/python3/dist-packages/colcon_core/task/python/colcon_distutils_commands:/home/etdisc/Bureau/codef1tenth/src/install/localisation/lib/python3.8/site-packages:${PYTHONPATH} /usr/bin/python3 -W ignore:setup.py install is deprecated -W ignore:easy_install command is deprecated setup.py egg_info --egg-base ../build/localisation build --build-base /home/etdisc/Bureau/codef1tenth/src/build/localisation/build install --record /home/etdisc/Bureau/codef1tenth/src/build/localisation/install.log --single-version-externally-managed install_data
