[3.195s] Invoking command in '/home/etdisc/Bureau/codef1tenth/src/Waypoints': PYTHONPATH=/home/etdisc/Bureau/codef1tenth/src/build/Waypoints/prefix_override:/usr/lib/python3/dist-packages/colcon_core/task/python/colcon_distutils_commands:/home/etdisc/Bureau/codef1tenth/src/install/Waypoints/lib/python3.8/site-packages:${PYTHONPATH} /usr/bin/python3 -W ignore:setup.py install is deprecated -W ignore:easy_install command is deprecated setup.py egg_info --egg-base ../build/Waypoints build --build-base /home/etdisc/Bureau/codef1tenth/src/build/Waypoints/build install --record /home/etdisc/Bureau/codef1tenth/src/build/Waypoints/install.log --single-version-externally-managed install_data
[3.720s] running egg_info
[3.721s] writing ../build/Waypoints/Waypoints.egg-info/PKG-INFO
[3.722s] writing dependency_links to ../build/Waypoints/Waypoints.egg-info/dependency_links.txt
[3.722s] writing entry points to ../build/Waypoints/Waypoints.egg-info/entry_points.txt
[3.723s] writing requirements to ../build/Waypoints/Waypoints.egg-info/requires.txt
[3.723s] writing top-level names to ../build/Waypoints/Waypoints.egg-info/top_level.txt
[3.794s] reading manifest file '../build/Waypoints/Waypoints.egg-info/SOURCES.txt'
[3.796s] writing manifest file '../build/Waypoints/Waypoints.egg-info/SOURCES.txt'
[3.796s] running build
[3.796s] running build_py
[3.797s] running install
[3.799s] running install_lib
[3.802s] running install_data
[3.802s] running install_egg_info
[3.805s] removing '/home/etdisc/Bureau/codef1tenth/src/install/Waypoints/lib/python3.8/site-packages/Waypoints-0.0.0-py3.8.egg-info' (and everything under it)
[3.806s] Copying ../build/Waypoints/Waypoints.egg-info to /home/etdisc/Bureau/codef1tenth/src/install/Waypoints/lib/python3.8/site-packages/Waypoints-0.0.0-py3.8.egg-info
[3.809s] running install_scripts
[3.843s] Installing pure_pursuit script to /home/etdisc/Bureau/codef1tenth/src/install/Waypoints/lib/Waypoints
[3.844s] Installing pure_pursuit2 script to /home/etdisc/Bureau/codef1tenth/src/install/Waypoints/lib/Waypoints
[3.844s] Installing waypoints_logger script to /home/etdisc/Bureau/codef1tenth/src/install/Waypoints/lib/Waypoints
[3.845s] writing list of installed files to '/home/etdisc/Bureau/codef1tenth/src/build/Waypoints/install.log'
[3.921s] Invoked command in '/home/etdisc/Bureau/codef1tenth/src/Waypoints' returned '0': PYTHONPATH=/home/etdisc/Bureau/codef1tenth/src/build/Waypoints/prefix_override:/usr/lib/python3/dist-packages/colcon_core/task/python/colcon_distutils_commands:/home/etdisc/Bureau/codef1tenth/src/install/Waypoints/lib/python3.8/site-packages:${PYTHONPATH} /usr/bin/python3 -W ignore:setup.py install is deprecated -W ignore:easy_install command is deprecated setup.py egg_info --egg-base ../build/Waypoints build --build-base /home/etdisc/Bureau/codef1tenth/src/build/Waypoints/build install --record /home/etdisc/Bureau/codef1tenth/src/build/Waypoints/install.log --single-version-externally-managed install_data
