[11.037s] Invoking command in '/home/etdisc/Bureau/codef1tenth/src/Simple_algo': PYTHONPATH=/home/etdisc/Bureau/codef1tenth/build/Simple_algo/prefix_override:/usr/lib/python3/dist-packages/colcon_core/task/python/colcon_distutils_commands:/home/etdisc/Bureau/codef1tenth/install/Simple_algo/lib/python3.8/site-packages:${PYTHONPATH} /usr/bin/python3 -W ignore:setup.py install is deprecated -W ignore:easy_install command is deprecated setup.py egg_info --egg-base ../../build/Simple_algo build --build-base /home/etdisc/Bureau/codef1tenth/build/Simple_algo/build install --record /home/etdisc/Bureau/codef1tenth/build/Simple_algo/install.log --single-version-externally-managed install_data
[11.957s] running egg_info
[11.958s] creating ../../build/Simple_algo/Simple_algo.egg-info
[11.959s] writing ../../build/Simple_algo/Simple_algo.egg-info/PKG-INFO
[11.962s] writing dependency_links to ../../build/Simple_algo/Simple_algo.egg-info/dependency_links.txt
[11.965s] writing entry points to ../../build/Simple_algo/Simple_algo.egg-info/entry_points.txt
[11.969s] writing requirements to ../../build/Simple_algo/Simple_algo.egg-info/requires.txt
[11.975s] writing top-level names to ../../build/Simple_algo/Simple_algo.egg-info/top_level.txt
[11.976s] writing manifest file '../../build/Simple_algo/Simple_algo.egg-info/SOURCES.txt'
[12.084s] reading manifest file '../../build/Simple_algo/Simple_algo.egg-info/SOURCES.txt'
[12.088s] writing manifest file '../../build/Simple_algo/Simple_algo.egg-info/SOURCES.txt'
[12.088s] running build
[12.088s] running build_py
[12.088s] creating /home/etdisc/Bureau/codef1tenth/build/Simple_algo/build
[12.089s] creating /home/etdisc/Bureau/codef1tenth/build/Simple_algo/build/lib
[12.110s] creating /home/etdisc/Bureau/codef1tenth/build/Simple_algo/build/lib/Simple_algo
[12.117s] copying Simple_algo/DisparityExtender.py -> /home/etdisc/Bureau/codef1tenth/build/Simple_algo/build/lib/Simple_algo
[12.118s] copying Simple_algo/wall_follow_penn.py -> /home/etdisc/Bureau/codef1tenth/build/Simple_algo/build/lib/Simple_algo
[12.127s] copying Simple_algo/wall_follow.py -> /home/etdisc/Bureau/codef1tenth/build/Simple_algo/build/lib/Simple_algo
[12.131s] copying Simple_algo/loadTopics.py -> /home/etdisc/Bureau/codef1tenth/build/Simple_algo/build/lib/Simple_algo
[12.131s] copying Simple_algo/fast_disparity_extender.py -> /home/etdisc/Bureau/codef1tenth/build/Simple_algo/build/lib/Simple_algo
[12.154s] copying Simple_algo/__init__.py -> /home/etdisc/Bureau/codef1tenth/build/Simple_algo/build/lib/Simple_algo
[12.154s] copying Simple_algo/follow_gap_penn.py -> /home/etdisc/Bureau/codef1tenth/build/Simple_algo/build/lib/Simple_algo
[12.155s] running install
[12.157s] running install_lib
[12.167s] creating /home/etdisc/Bureau/codef1tenth/install/Simple_algo/lib/python3.8/site-packages/Simple_algo
[12.171s] copying /home/etdisc/Bureau/codef1tenth/build/Simple_algo/build/lib/Simple_algo/DisparityExtender.py -> /home/etdisc/Bureau/codef1tenth/install/Simple_algo/lib/python3.8/site-packages/Simple_algo
[12.172s] copying /home/etdisc/Bureau/codef1tenth/build/Simple_algo/build/lib/Simple_algo/wall_follow_penn.py -> /home/etdisc/Bureau/codef1tenth/install/Simple_algo/lib/python3.8/site-packages/Simple_algo
[12.180s] copying /home/etdisc/Bureau/codef1tenth/build/Simple_algo/build/lib/Simple_algo/wall_follow.py -> /home/etdisc/Bureau/codef1tenth/install/Simple_algo/lib/python3.8/site-packages/Simple_algo
[12.186s] copying /home/etdisc/Bureau/codef1tenth/build/Simple_algo/build/lib/Simple_algo/loadTopics.py -> /home/etdisc/Bureau/codef1tenth/install/Simple_algo/lib/python3.8/site-packages/Simple_algo
[12.186s] copying /home/etdisc/Bureau/codef1tenth/build/Simple_algo/build/lib/Simple_algo/fast_disparity_extender.py -> /home/etdisc/Bureau/codef1tenth/install/Simple_algo/lib/python3.8/site-packages/Simple_algo
[12.187s] copying /home/etdisc/Bureau/codef1tenth/build/Simple_algo/build/lib/Simple_algo/__init__.py -> /home/etdisc/Bureau/codef1tenth/install/Simple_algo/lib/python3.8/site-packages/Simple_algo
[12.187s] copying /home/etdisc/Bureau/codef1tenth/build/Simple_algo/build/lib/Simple_algo/follow_gap_penn.py -> /home/etdisc/Bureau/codef1tenth/install/Simple_algo/lib/python3.8/site-packages/Simple_algo
[12.187s] byte-compiling /home/etdisc/Bureau/codef1tenth/install/Simple_algo/lib/python3.8/site-packages/Simple_algo/DisparityExtender.py to DisparityExtender.cpython-38.pyc
[12.201s] byte-compiling /home/etdisc/Bureau/codef1tenth/install/Simple_algo/lib/python3.8/site-packages/Simple_algo/wall_follow_penn.py to wall_follow_penn.cpython-38.pyc
[12.217s] byte-compiling /home/etdisc/Bureau/codef1tenth/install/Simple_algo/lib/python3.8/site-packages/Simple_algo/wall_follow.py to wall_follow.cpython-38.pyc
[12.218s] byte-compiling /home/etdisc/Bureau/codef1tenth/install/Simple_algo/lib/python3.8/site-packages/Simple_algo/loadTopics.py to loadTopics.cpython-38.pyc
[12.218s] byte-compiling /home/etdisc/Bureau/codef1tenth/install/Simple_algo/lib/python3.8/site-packages/Simple_algo/fast_disparity_extender.py to fast_disparity_extender.cpython-38.pyc
[12.219s] byte-compiling /home/etdisc/Bureau/codef1tenth/install/Simple_algo/lib/python3.8/site-packages/Simple_algo/__init__.py to __init__.cpython-38.pyc
[12.231s] byte-compiling /home/etdisc/Bureau/codef1tenth/install/Simple_algo/lib/python3.8/site-packages/Simple_algo/follow_gap_penn.py to follow_gap_penn.cpython-38.pyc
[12.231s] running install_data
[12.242s] creating /home/etdisc/Bureau/codef1tenth/install/Simple_algo/share/ament_index
[12.242s] creating /home/etdisc/Bureau/codef1tenth/install/Simple_algo/share/ament_index/resource_index
[12.243s] creating /home/etdisc/Bureau/codef1tenth/install/Simple_algo/share/ament_index/resource_index/packages
[12.250s] copying resource/Simple_algo -> /home/etdisc/Bureau/codef1tenth/install/Simple_algo/share/ament_index/resource_index/packages
[12.250s] copying package.xml -> /home/etdisc/Bureau/codef1tenth/install/Simple_algo/share/Simple_algo
[12.257s] creating /home/etdisc/Bureau/codef1tenth/install/Simple_algo/share/Simple_algo/config
[12.258s] copying config/simulation.yaml -> /home/etdisc/Bureau/codef1tenth/install/Simple_algo/share/Simple_algo/config
[12.258s] copying config/real.yaml -> /home/etdisc/Bureau/codef1tenth/install/Simple_algo/share/Simple_algo/config
[12.260s] creating /home/etdisc/Bureau/codef1tenth/install/Simple_algo/share/Simple_algo/launch
[12.260s] copying launch/fast_disparity_extender.launch.py -> /home/etdisc/Bureau/codef1tenth/install/Simple_algo/share/Simple_algo/launch
[12.261s] running install_egg_info
[12.261s] Copying ../../build/Simple_algo/Simple_algo.egg-info to /home/etdisc/Bureau/codef1tenth/install/Simple_algo/lib/python3.8/site-packages/Simple_algo-1.0.0-py3.8.egg-info
[12.275s] running install_scripts
[12.316s] Installing disparity_extender script to /home/etdisc/Bureau/codef1tenth/install/Simple_algo/lib/Simple_algo
[12.320s] Installing fast_disparity_extender script to /home/etdisc/Bureau/codef1tenth/install/Simple_algo/lib/Simple_algo
[12.322s] Installing gap_follow script to /home/etdisc/Bureau/codef1tenth/install/Simple_algo/lib/Simple_algo
[12.334s] Installing wall_follow script to /home/etdisc/Bureau/codef1tenth/install/Simple_algo/lib/Simple_algo
[12.334s] Installing wall_follow_penn script to /home/etdisc/Bureau/codef1tenth/install/Simple_algo/lib/Simple_algo
[12.335s] writing list of installed files to '/home/etdisc/Bureau/codef1tenth/build/Simple_algo/install.log'
[12.764s] Invoked command in '/home/etdisc/Bureau/codef1tenth/src/Simple_algo' returned '0': PYTHONPATH=/home/etdisc/Bureau/codef1tenth/build/Simple_algo/prefix_override:/usr/lib/python3/dist-packages/colcon_core/task/python/colcon_distutils_commands:/home/etdisc/Bureau/codef1tenth/install/Simple_algo/lib/python3.8/site-packages:${PYTHONPATH} /usr/bin/python3 -W ignore:setup.py install is deprecated -W ignore:easy_install command is deprecated setup.py egg_info --egg-base ../../build/Simple_algo build --build-base /home/etdisc/Bureau/codef1tenth/build/Simple_algo/build install --record /home/etdisc/Bureau/codef1tenth/build/Simple_algo/install.log --single-version-externally-managed install_data
