[0.208s] DEBUG:colcon:Command line arguments: ['/usr/bin/colcon', 'build']
[0.208s] DEBUG:colcon:Parsed command line arguments: Namespace(allow_overriding=[], ament_cmake_args=None, base_paths=['.'], build_base='build', catkin_cmake_args=None, catkin_skip_building_tests=False, cmake_args=None, cmake_clean_cache=False, cmake_clean_first=False, cmake_force_configure=False, cmake_target=None, cmake_target_skip_unavailable=False, continue_on_error=False, event_handlers=None, executor='parallel', ignore_user_meta=False, install_base='install', log_base=None, log_level=None, main=<bound method BuildVerb.main of <colcon_core.verb.build.BuildVerb object at 0x7fe8ff169610>>, merge_install=False, metas=['./colcon.meta'], packages_above=None, packages_above_and_dependencies=None, packages_above_depth=None, packages_end=None, packages_ignore=None, packages_ignore_regex=None, packages_select=None, packages_select_build_failed=False, packages_select_by_dep=None, packages_select_regex=None, packages_select_test_failures=False, packages_skip=None, packages_skip_build_finished=False, packages_skip_by_dep=None, packages_skip_regex=None, packages_skip_test_passed=False, packages_skip_up_to=None, packages_start=None, packages_up_to=None, packages_up_to_regex=None, parallel_workers=8, paths=None, symlink_install=False, test_result_base=None, verb_extension=<colcon_core.verb.build.BuildVerb object at 0x7fe8ff169610>, verb_name='build', verb_parser=<colcon_defaults.argument_parser.defaults.DefaultArgumentsDecorator object at 0x7fe8ff169af0>)
[0.425s] Level 1:colcon.colcon_core.package_discovery:discover_packages(colcon_meta) check parameters
[0.425s] Level 1:colcon.colcon_core.package_discovery:discover_packages(recursive) check parameters
[0.426s] Level 1:colcon.colcon_core.package_discovery:discover_packages(ignore) check parameters
[0.426s] Level 1:colcon.colcon_core.package_discovery:discover_packages(path) check parameters
[0.426s] Level 1:colcon.colcon_core.package_discovery:discover_packages(colcon_meta) discover
[0.426s] Level 1:colcon.colcon_core.package_discovery:discover_packages(recursive) discover
[0.426s] INFO:colcon.colcon_core.package_discovery:Crawling recursively for packages in '/home/etdisc/Bureau/codef1tenth/src'
[0.427s] Level 1:colcon.colcon_core.package_identification:_identify(.) by extensions ['ignore', 'ignore_ament_install']
[0.427s] Level 1:colcon.colcon_core.package_identification:_identify(.) by extension 'ignore'
[0.427s] Level 1:colcon.colcon_core.package_identification:_identify(.) by extension 'ignore_ament_install'
[0.428s] Level 1:colcon.colcon_core.package_identification:_identify(.) by extensions ['colcon_pkg']
[0.428s] Level 1:colcon.colcon_core.package_identification:_identify(.) by extension 'colcon_pkg'
[0.428s] Level 1:colcon.colcon_core.package_identification:_identify(.) by extensions ['colcon_meta']
[0.428s] Level 1:colcon.colcon_core.package_identification:_identify(.) by extension 'colcon_meta'
[0.429s] Level 1:colcon.colcon_core.package_identification:_identify(.) by extensions ['ros']
[0.429s] Level 1:colcon.colcon_core.package_identification:_identify(.) by extension 'ros'
[0.445s] Level 1:colcon.colcon_core.package_identification:_identify(.) by extensions ['cmake', 'python']
[0.445s] Level 1:colcon.colcon_core.package_identification:_identify(.) by extension 'cmake'
[0.446s] Level 1:colcon.colcon_core.package_identification:_identify(.) by extension 'python'
[0.446s] Level 1:colcon.colcon_core.package_identification:_identify(.) by extensions ['python_setup_py']
[0.446s] Level 1:colcon.colcon_core.package_identification:_identify(.) by extension 'python_setup_py'
[0.446s] Level 1:colcon.colcon_core.package_identification:_identify(AEB) by extensions ['ignore', 'ignore_ament_install']
[0.447s] Level 1:colcon.colcon_core.package_identification:_identify(AEB) by extension 'ignore'
[0.447s] Level 1:colcon.colcon_core.package_identification:_identify(AEB) by extension 'ignore_ament_install'
[0.447s] Level 1:colcon.colcon_core.package_identification:_identify(AEB) by extensions ['colcon_pkg']
[0.447s] Level 1:colcon.colcon_core.package_identification:_identify(AEB) by extension 'colcon_pkg'
[0.448s] Level 1:colcon.colcon_core.package_identification:_identify(AEB) by extensions ['colcon_meta']
[0.448s] Level 1:colcon.colcon_core.package_identification:_identify(AEB) by extension 'colcon_meta'
[0.448s] Level 1:colcon.colcon_core.package_identification:_identify(AEB) by extensions ['ros']
[0.448s] Level 1:colcon.colcon_core.package_identification:_identify(AEB) by extension 'ros'
[0.452s] DEBUG:colcon.colcon_core.package_identification:Package 'AEB' with type 'ros.ament_python' and name 'AEB'
[0.453s] Level 1:colcon.colcon_core.package_identification:_identify(Mapping) by extensions ['ignore', 'ignore_ament_install']
[0.453s] Level 1:colcon.colcon_core.package_identification:_identify(Mapping) by extension 'ignore'
[0.454s] Level 1:colcon.colcon_core.package_identification:_identify(Mapping) by extension 'ignore_ament_install'
[0.454s] Level 1:colcon.colcon_core.package_identification:_identify(Mapping) by extensions ['colcon_pkg']
[0.454s] Level 1:colcon.colcon_core.package_identification:_identify(Mapping) by extension 'colcon_pkg'
[0.454s] Level 1:colcon.colcon_core.package_identification:_identify(Mapping) by extensions ['colcon_meta']
[0.454s] Level 1:colcon.colcon_core.package_identification:_identify(Mapping) by extension 'colcon_meta'
[0.455s] Level 1:colcon.colcon_core.package_identification:_identify(Mapping) by extensions ['ros']
[0.455s] Level 1:colcon.colcon_core.package_identification:_identify(Mapping) by extension 'ros'
[0.456s] DEBUG:colcon.colcon_core.package_identification:Package 'Mapping' with type 'ros.ament_python' and name 'Mapping'
[0.456s] Level 1:colcon.colcon_core.package_identification:_identify(Planif) by extensions ['ignore', 'ignore_ament_install']
[0.456s] Level 1:colcon.colcon_core.package_identification:_identify(Planif) by extension 'ignore'
[0.456s] Level 1:colcon.colcon_core.package_identification:_identify(Planif) by extension 'ignore_ament_install'
[0.456s] Level 1:colcon.colcon_core.package_identification:_identify(Planif) by extensions ['colcon_pkg']
[0.456s] Level 1:colcon.colcon_core.package_identification:_identify(Planif) by extension 'colcon_pkg'
[0.456s] Level 1:colcon.colcon_core.package_identification:_identify(Planif) by extensions ['colcon_meta']
[0.456s] Level 1:colcon.colcon_core.package_identification:_identify(Planif) by extension 'colcon_meta'
[0.457s] Level 1:colcon.colcon_core.package_identification:_identify(Planif) by extensions ['ros']
[0.457s] Level 1:colcon.colcon_core.package_identification:_identify(Planif) by extension 'ros'
[0.457s] DEBUG:colcon.colcon_core.package_identification:Package 'Planif' with type 'ros.ament_python' and name 'Planif'
[0.458s] Level 1:colcon.colcon_core.package_identification:_identify(Simple_algo) by extensions ['ignore', 'ignore_ament_install']
[0.458s] Level 1:colcon.colcon_core.package_identification:_identify(Simple_algo) by extension 'ignore'
[0.458s] Level 1:colcon.colcon_core.package_identification:_identify(Simple_algo) by extension 'ignore_ament_install'
[0.458s] Level 1:colcon.colcon_core.package_identification:_identify(Simple_algo) by extensions ['colcon_pkg']
[0.458s] Level 1:colcon.colcon_core.package_identification:_identify(Simple_algo) by extension 'colcon_pkg'
[0.458s] Level 1:colcon.colcon_core.package_identification:_identify(Simple_algo) by extensions ['colcon_meta']
[0.458s] Level 1:colcon.colcon_core.package_identification:_identify(Simple_algo) by extension 'colcon_meta'
[0.458s] Level 1:colcon.colcon_core.package_identification:_identify(Simple_algo) by extensions ['ros']
[0.458s] Level 1:colcon.colcon_core.package_identification:_identify(Simple_algo) by extension 'ros'
[0.459s] DEBUG:colcon.colcon_core.package_identification:Package 'Simple_algo' with type 'ros.ament_python' and name 'Simple_algo'
[0.459s] Level 1:colcon.colcon_core.package_identification:_identify(Waypoints) by extensions ['ignore', 'ignore_ament_install']
[0.459s] Level 1:colcon.colcon_core.package_identification:_identify(Waypoints) by extension 'ignore'
[0.459s] Level 1:colcon.colcon_core.package_identification:_identify(Waypoints) by extension 'ignore_ament_install'
[0.459s] Level 1:colcon.colcon_core.package_identification:_identify(Waypoints) by extensions ['colcon_pkg']
[0.459s] Level 1:colcon.colcon_core.package_identification:_identify(Waypoints) by extension 'colcon_pkg'
[0.459s] Level 1:colcon.colcon_core.package_identification:_identify(Waypoints) by extensions ['colcon_meta']
[0.460s] Level 1:colcon.colcon_core.package_identification:_identify(Waypoints) by extension 'colcon_meta'
[0.460s] Level 1:colcon.colcon_core.package_identification:_identify(Waypoints) by extensions ['ros']
[0.460s] Level 1:colcon.colcon_core.package_identification:_identify(Waypoints) by extension 'ros'
[0.460s] DEBUG:colcon.colcon_core.package_identification:Package 'Waypoints' with type 'ros.ament_python' and name 'Waypoints'
[0.461s] Level 1:colcon.colcon_core.package_identification:_identify(build) by extensions ['ignore', 'ignore_ament_install']
[0.461s] Level 1:colcon.colcon_core.package_identification:_identify(build) by extension 'ignore'
[0.461s] Level 1:colcon.colcon_core.package_identification:_identify(build) ignored
[0.461s] Level 1:colcon.colcon_core.package_identification:_identify(custom_msgs) by extensions ['ignore', 'ignore_ament_install']
[0.461s] Level 1:colcon.colcon_core.package_identification:_identify(custom_msgs) by extension 'ignore'
[0.461s] Level 1:colcon.colcon_core.package_identification:_identify(custom_msgs) by extension 'ignore_ament_install'
[0.461s] Level 1:colcon.colcon_core.package_identification:_identify(custom_msgs) by extensions ['colcon_pkg']
[0.461s] Level 1:colcon.colcon_core.package_identification:_identify(custom_msgs) by extension 'colcon_pkg'
[0.461s] Level 1:colcon.colcon_core.package_identification:_identify(custom_msgs) by extensions ['colcon_meta']
[0.461s] Level 1:colcon.colcon_core.package_identification:_identify(custom_msgs) by extension 'colcon_meta'
[0.461s] Level 1:colcon.colcon_core.package_identification:_identify(custom_msgs) by extensions ['ros']
[0.461s] Level 1:colcon.colcon_core.package_identification:_identify(custom_msgs) by extension 'ros'
[0.462s] DEBUG:colcon.colcon_core.package_identification:Package 'custom_msgs' with type 'ros.ament_cmake' and name 'custom_msgs'
[0.462s] Level 1:colcon.colcon_core.package_identification:_identify(f1tenth_gym_ros) by extensions ['ignore', 'ignore_ament_install']
[0.463s] Level 1:colcon.colcon_core.package_identification:_identify(f1tenth_gym_ros) by extension 'ignore'
[0.463s] Level 1:colcon.colcon_core.package_identification:_identify(f1tenth_gym_ros) by extension 'ignore_ament_install'
[0.463s] Level 1:colcon.colcon_core.package_identification:_identify(f1tenth_gym_ros) by extensions ['colcon_pkg']
[0.463s] Level 1:colcon.colcon_core.package_identification:_identify(f1tenth_gym_ros) by extension 'colcon_pkg'
[0.463s] Level 1:colcon.colcon_core.package_identification:_identify(f1tenth_gym_ros) by extensions ['colcon_meta']
[0.463s] Level 1:colcon.colcon_core.package_identification:_identify(f1tenth_gym_ros) by extension 'colcon_meta'
[0.463s] Level 1:colcon.colcon_core.package_identification:_identify(f1tenth_gym_ros) by extensions ['ros']
[0.463s] Level 1:colcon.colcon_core.package_identification:_identify(f1tenth_gym_ros) by extension 'ros'
[0.464s] DEBUG:colcon.colcon_core.package_identification:Package 'f1tenth_gym_ros' with type 'ros.ament_python' and name 'f1tenth_gym_ros'
[0.464s] Level 1:colcon.colcon_core.package_identification:_identify(f1tenth_system) by extensions ['ignore', 'ignore_ament_install']
[0.464s] Level 1:colcon.colcon_core.package_identification:_identify(f1tenth_system) by extension 'ignore'
[0.464s] Level 1:colcon.colcon_core.package_identification:_identify(f1tenth_system) ignored
[0.464s] Level 1:colcon.colcon_core.package_identification:_identify(install) by extensions ['ignore', 'ignore_ament_install']
[0.464s] Level 1:colcon.colcon_core.package_identification:_identify(install) by extension 'ignore'
[0.465s] Level 1:colcon.colcon_core.package_identification:_identify(install) ignored
[0.465s] Level 1:colcon.colcon_core.package_identification:_identify(localisation) by extensions ['ignore', 'ignore_ament_install']
[0.465s] Level 1:colcon.colcon_core.package_identification:_identify(localisation) by extension 'ignore'
[0.465s] Level 1:colcon.colcon_core.package_identification:_identify(localisation) by extension 'ignore_ament_install'
[0.465s] Level 1:colcon.colcon_core.package_identification:_identify(localisation) by extensions ['colcon_pkg']
[0.465s] Level 1:colcon.colcon_core.package_identification:_identify(localisation) by extension 'colcon_pkg'
[0.465s] Level 1:colcon.colcon_core.package_identification:_identify(localisation) by extensions ['colcon_meta']
[0.465s] Level 1:colcon.colcon_core.package_identification:_identify(localisation) by extension 'colcon_meta'
[0.465s] Level 1:colcon.colcon_core.package_identification:_identify(localisation) by extensions ['ros']
[0.465s] Level 1:colcon.colcon_core.package_identification:_identify(localisation) by extension 'ros'
[0.466s] DEBUG:colcon.colcon_core.package_identification:Package 'localisation' with type 'ros.ament_python' and name 'localisation'
[0.466s] Level 1:colcon.colcon_core.package_identification:_identify(log) by extensions ['ignore', 'ignore_ament_install']
[0.466s] Level 1:colcon.colcon_core.package_identification:_identify(log) by extension 'ignore'
[0.466s] Level 1:colcon.colcon_core.package_identification:_identify(log) ignored
[0.466s] Level 1:colcon.colcon_core.package_identification:_identify(strategy) by extensions ['ignore', 'ignore_ament_install']
[0.466s] Level 1:colcon.colcon_core.package_identification:_identify(strategy) by extension 'ignore'
[0.466s] Level 1:colcon.colcon_core.package_identification:_identify(strategy) by extension 'ignore_ament_install'
[0.466s] Level 1:colcon.colcon_core.package_identification:_identify(strategy) by extensions ['colcon_pkg']
[0.466s] Level 1:colcon.colcon_core.package_identification:_identify(strategy) by extension 'colcon_pkg'
[0.466s] Level 1:colcon.colcon_core.package_identification:_identify(strategy) by extensions ['colcon_meta']
[0.466s] Level 1:colcon.colcon_core.package_identification:_identify(strategy) by extension 'colcon_meta'
[0.466s] Level 1:colcon.colcon_core.package_identification:_identify(strategy) by extensions ['ros']
[0.466s] Level 1:colcon.colcon_core.package_identification:_identify(strategy) by extension 'ros'
[0.467s] DEBUG:colcon.colcon_core.package_identification:Package 'strategy' with type 'ros.ament_python' and name 'strategy'
[0.467s] Level 1:colcon.colcon_core.package_identification:_identify(timer) by extensions ['ignore', 'ignore_ament_install']
[0.467s] Level 1:colcon.colcon_core.package_identification:_identify(timer) by extension 'ignore'
[0.468s] Level 1:colcon.colcon_core.package_identification:_identify(timer) by extension 'ignore_ament_install'
[0.468s] Level 1:colcon.colcon_core.package_identification:_identify(timer) by extensions ['colcon_pkg']
[0.468s] Level 1:colcon.colcon_core.package_identification:_identify(timer) by extension 'colcon_pkg'
[0.468s] Level 1:colcon.colcon_core.package_identification:_identify(timer) by extensions ['colcon_meta']
[0.468s] Level 1:colcon.colcon_core.package_identification:_identify(timer) by extension 'colcon_meta'
[0.468s] Level 1:colcon.colcon_core.package_identification:_identify(timer) by extensions ['ros']
[0.468s] Level 1:colcon.colcon_core.package_identification:_identify(timer) by extension 'ros'
[0.469s] DEBUG:colcon.colcon_core.package_identification:Package 'timer' with type 'ros.ament_python' and name 'timer'
[0.469s] Level 1:colcon.colcon_core.package_discovery:discover_packages(recursive) using defaults
[0.469s] Level 1:colcon.colcon_core.package_discovery:discover_packages(ignore) discover
[0.469s] Level 1:colcon.colcon_core.package_discovery:discover_packages(ignore) using defaults
[0.469s] Level 1:colcon.colcon_core.package_discovery:discover_packages(path) discover
[0.469s] Level 1:colcon.colcon_core.package_discovery:discover_packages(path) using defaults
[0.516s] Level 1:colcon.colcon_core.package_discovery:discover_packages(prefix_path) check parameters
[0.516s] Level 1:colcon.colcon_core.package_discovery:discover_packages(prefix_path) discover
[0.519s] DEBUG:colcon.colcon_installed_package_information.package_discovery:Found 10 installed packages in /home/etdisc/depots/f1tenth/sim_ws/install
[0.521s] DEBUG:colcon.colcon_installed_package_information.package_discovery:Found 296 installed packages in /opt/ros/galactic
[0.523s] Level 1:colcon.colcon_core.package_discovery:discover_packages(prefix_path) using defaults
[0.597s] Level 5:colcon.colcon_core.verb:set package 'AEB' build argument 'cmake_args' from command line to 'None'
[0.597s] Level 5:colcon.colcon_core.verb:set package 'AEB' build argument 'cmake_target' from command line to 'None'
[0.597s] Level 5:colcon.colcon_core.verb:set package 'AEB' build argument 'cmake_target_skip_unavailable' from command line to 'False'
[0.597s] Level 5:colcon.colcon_core.verb:set package 'AEB' build argument 'cmake_clean_cache' from command line to 'False'
[0.597s] Level 5:colcon.colcon_core.verb:set package 'AEB' build argument 'cmake_clean_first' from command line to 'False'
[0.597s] Level 5:colcon.colcon_core.verb:set package 'AEB' build argument 'cmake_force_configure' from command line to 'False'
[0.598s] Level 5:colcon.colcon_core.verb:set package 'AEB' build argument 'ament_cmake_args' from command line to 'None'
[0.598s] Level 5:colcon.colcon_core.verb:set package 'AEB' build argument 'catkin_cmake_args' from command line to 'None'
[0.598s] Level 5:colcon.colcon_core.verb:set package 'AEB' build argument 'catkin_skip_building_tests' from command line to 'False'
[0.598s] DEBUG:colcon.colcon_core.verb:Building package 'AEB' with the following arguments: {'ament_cmake_args': None, 'build_base': '/home/etdisc/Bureau/codef1tenth/src/build/AEB', 'catkin_cmake_args': None, 'catkin_skip_building_tests': False, 'cmake_args': None, 'cmake_clean_cache': False, 'cmake_clean_first': False, 'cmake_force_configure': False, 'cmake_target': None, 'cmake_target_skip_unavailable': False, 'install_base': '/home/etdisc/Bureau/codef1tenth/src/install/AEB', 'merge_install': False, 'path': '/home/etdisc/Bureau/codef1tenth/src/AEB', 'symlink_install': False, 'test_result_base': None}
[0.598s] Level 5:colcon.colcon_core.verb:set package 'Mapping' build argument 'cmake_args' from command line to 'None'
[0.598s] Level 5:colcon.colcon_core.verb:set package 'Mapping' build argument 'cmake_target' from command line to 'None'
[0.598s] Level 5:colcon.colcon_core.verb:set package 'Mapping' build argument 'cmake_target_skip_unavailable' from command line to 'False'
[0.598s] Level 5:colcon.colcon_core.verb:set package 'Mapping' build argument 'cmake_clean_cache' from command line to 'False'
[0.598s] Level 5:colcon.colcon_core.verb:set package 'Mapping' build argument 'cmake_clean_first' from command line to 'False'
[0.598s] Level 5:colcon.colcon_core.verb:set package 'Mapping' build argument 'cmake_force_configure' from command line to 'False'
[0.598s] Level 5:colcon.colcon_core.verb:set package 'Mapping' build argument 'ament_cmake_args' from command line to 'None'
[0.598s] Level 5:colcon.colcon_core.verb:set package 'Mapping' build argument 'catkin_cmake_args' from command line to 'None'
[0.598s] Level 5:colcon.colcon_core.verb:set package 'Mapping' build argument 'catkin_skip_building_tests' from command line to 'False'
[0.598s] DEBUG:colcon.colcon_core.verb:Building package 'Mapping' with the following arguments: {'ament_cmake_args': None, 'build_base': '/home/etdisc/Bureau/codef1tenth/src/build/Mapping', 'catkin_cmake_args': None, 'catkin_skip_building_tests': False, 'cmake_args': None, 'cmake_clean_cache': False, 'cmake_clean_first': False, 'cmake_force_configure': False, 'cmake_target': None, 'cmake_target_skip_unavailable': False, 'install_base': '/home/etdisc/Bureau/codef1tenth/src/install/Mapping', 'merge_install': False, 'path': '/home/etdisc/Bureau/codef1tenth/src/Mapping', 'symlink_install': False, 'test_result_base': None}
[0.599s] Level 5:colcon.colcon_core.verb:set package 'Planif' build argument 'cmake_args' from command line to 'None'
[0.599s] Level 5:colcon.colcon_core.verb:set package 'Planif' build argument 'cmake_target' from command line to 'None'
[0.599s] Level 5:colcon.colcon_core.verb:set package 'Planif' build argument 'cmake_target_skip_unavailable' from command line to 'False'
[0.599s] Level 5:colcon.colcon_core.verb:set package 'Planif' build argument 'cmake_clean_cache' from command line to 'False'
[0.599s] Level 5:colcon.colcon_core.verb:set package 'Planif' build argument 'cmake_clean_first' from command line to 'False'
[0.599s] Level 5:colcon.colcon_core.verb:set package 'Planif' build argument 'cmake_force_configure' from command line to 'False'
[0.599s] Level 5:colcon.colcon_core.verb:set package 'Planif' build argument 'ament_cmake_args' from command line to 'None'
[0.599s] Level 5:colcon.colcon_core.verb:set package 'Planif' build argument 'catkin_cmake_args' from command line to 'None'
[0.599s] Level 5:colcon.colcon_core.verb:set package 'Planif' build argument 'catkin_skip_building_tests' from command line to 'False'
[0.599s] DEBUG:colcon.colcon_core.verb:Building package 'Planif' with the following arguments: {'ament_cmake_args': None, 'build_base': '/home/etdisc/Bureau/codef1tenth/src/build/Planif', 'catkin_cmake_args': None, 'catkin_skip_building_tests': False, 'cmake_args': None, 'cmake_clean_cache': False, 'cmake_clean_first': False, 'cmake_force_configure': False, 'cmake_target': None, 'cmake_target_skip_unavailable': False, 'install_base': '/home/etdisc/Bureau/codef1tenth/src/install/Planif', 'merge_install': False, 'path': '/home/etdisc/Bureau/codef1tenth/src/Planif', 'symlink_install': False, 'test_result_base': None}
[0.599s] Level 5:colcon.colcon_core.verb:set package 'Simple_algo' build argument 'cmake_args' from command line to 'None'
[0.599s] Level 5:colcon.colcon_core.verb:set package 'Simple_algo' build argument 'cmake_target' from command line to 'None'
[0.599s] Level 5:colcon.colcon_core.verb:set package 'Simple_algo' build argument 'cmake_target_skip_unavailable' from command line to 'False'
[0.599s] Level 5:colcon.colcon_core.verb:set package 'Simple_algo' build argument 'cmake_clean_cache' from command line to 'False'
[0.599s] Level 5:colcon.colcon_core.verb:set package 'Simple_algo' build argument 'cmake_clean_first' from command line to 'False'
[0.599s] Level 5:colcon.colcon_core.verb:set package 'Simple_algo' build argument 'cmake_force_configure' from command line to 'False'
[0.599s] Level 5:colcon.colcon_core.verb:set package 'Simple_algo' build argument 'ament_cmake_args' from command line to 'None'
[0.599s] Level 5:colcon.colcon_core.verb:set package 'Simple_algo' build argument 'catkin_cmake_args' from command line to 'None'
[0.599s] Level 5:colcon.colcon_core.verb:set package 'Simple_algo' build argument 'catkin_skip_building_tests' from command line to 'False'
[0.599s] DEBUG:colcon.colcon_core.verb:Building package 'Simple_algo' with the following arguments: {'ament_cmake_args': None, 'build_base': '/home/etdisc/Bureau/codef1tenth/src/build/Simple_algo', 'catkin_cmake_args': None, 'catkin_skip_building_tests': False, 'cmake_args': None, 'cmake_clean_cache': False, 'cmake_clean_first': False, 'cmake_force_configure': False, 'cmake_target': None, 'cmake_target_skip_unavailable': False, 'install_base': '/home/etdisc/Bureau/codef1tenth/src/install/Simple_algo', 'merge_install': False, 'path': '/home/etdisc/Bureau/codef1tenth/src/Simple_algo', 'symlink_install': False, 'test_result_base': None}
[0.600s] Level 5:colcon.colcon_core.verb:set package 'Waypoints' build argument 'cmake_args' from command line to 'None'
[0.600s] Level 5:colcon.colcon_core.verb:set package 'Waypoints' build argument 'cmake_target' from command line to 'None'
[0.600s] Level 5:colcon.colcon_core.verb:set package 'Waypoints' build argument 'cmake_target_skip_unavailable' from command line to 'False'
[0.600s] Level 5:colcon.colcon_core.verb:set package 'Waypoints' build argument 'cmake_clean_cache' from command line to 'False'
[0.600s] Level 5:colcon.colcon_core.verb:set package 'Waypoints' build argument 'cmake_clean_first' from command line to 'False'
[0.600s] Level 5:colcon.colcon_core.verb:set package 'Waypoints' build argument 'cmake_force_configure' from command line to 'False'
[0.600s] Level 5:colcon.colcon_core.verb:set package 'Waypoints' build argument 'ament_cmake_args' from command line to 'None'
[0.600s] Level 5:colcon.colcon_core.verb:set package 'Waypoints' build argument 'catkin_cmake_args' from command line to 'None'
[0.600s] Level 5:colcon.colcon_core.verb:set package 'Waypoints' build argument 'catkin_skip_building_tests' from command line to 'False'
[0.600s] DEBUG:colcon.colcon_core.verb:Building package 'Waypoints' with the following arguments: {'ament_cmake_args': None, 'build_base': '/home/etdisc/Bureau/codef1tenth/src/build/Waypoints', 'catkin_cmake_args': None, 'catkin_skip_building_tests': False, 'cmake_args': None, 'cmake_clean_cache': False, 'cmake_clean_first': False, 'cmake_force_configure': False, 'cmake_target': None, 'cmake_target_skip_unavailable': False, 'install_base': '/home/etdisc/Bureau/codef1tenth/src/install/Waypoints', 'merge_install': False, 'path': '/home/etdisc/Bureau/codef1tenth/src/Waypoints', 'symlink_install': False, 'test_result_base': None}
[0.600s] Level 5:colcon.colcon_core.verb:set package 'custom_msgs' build argument 'cmake_args' from command line to 'None'
[0.601s] Level 5:colcon.colcon_core.verb:set package 'custom_msgs' build argument 'cmake_target' from command line to 'None'
[0.601s] Level 5:colcon.colcon_core.verb:set package 'custom_msgs' build argument 'cmake_target_skip_unavailable' from command line to 'False'
[0.601s] Level 5:colcon.colcon_core.verb:set package 'custom_msgs' build argument 'cmake_clean_cache' from command line to 'False'
[0.601s] Level 5:colcon.colcon_core.verb:set package 'custom_msgs' build argument 'cmake_clean_first' from command line to 'False'
[0.601s] Level 5:colcon.colcon_core.verb:set package 'custom_msgs' build argument 'cmake_force_configure' from command line to 'False'
[0.601s] Level 5:colcon.colcon_core.verb:set package 'custom_msgs' build argument 'ament_cmake_args' from command line to 'None'
[0.601s] Level 5:colcon.colcon_core.verb:set package 'custom_msgs' build argument 'catkin_cmake_args' from command line to 'None'
[0.601s] Level 5:colcon.colcon_core.verb:set package 'custom_msgs' build argument 'catkin_skip_building_tests' from command line to 'False'
[0.601s] DEBUG:colcon.colcon_core.verb:Building package 'custom_msgs' with the following arguments: {'ament_cmake_args': None, 'build_base': '/home/etdisc/Bureau/codef1tenth/src/build/custom_msgs', 'catkin_cmake_args': None, 'catkin_skip_building_tests': False, 'cmake_args': None, 'cmake_clean_cache': False, 'cmake_clean_first': False, 'cmake_force_configure': False, 'cmake_target': None, 'cmake_target_skip_unavailable': False, 'install_base': '/home/etdisc/Bureau/codef1tenth/src/install/custom_msgs', 'merge_install': False, 'path': '/home/etdisc/Bureau/codef1tenth/src/custom_msgs', 'symlink_install': False, 'test_result_base': None}
[0.601s] Level 5:colcon.colcon_core.verb:set package 'f1tenth_gym_ros' build argument 'cmake_args' from command line to 'None'
[0.601s] Level 5:colcon.colcon_core.verb:set package 'f1tenth_gym_ros' build argument 'cmake_target' from command line to 'None'
[0.601s] Level 5:colcon.colcon_core.verb:set package 'f1tenth_gym_ros' build argument 'cmake_target_skip_unavailable' from command line to 'False'
[0.601s] Level 5:colcon.colcon_core.verb:set package 'f1tenth_gym_ros' build argument 'cmake_clean_cache' from command line to 'False'
[0.601s] Level 5:colcon.colcon_core.verb:set package 'f1tenth_gym_ros' build argument 'cmake_clean_first' from command line to 'False'
[0.601s] Level 5:colcon.colcon_core.verb:set package 'f1tenth_gym_ros' build argument 'cmake_force_configure' from command line to 'False'
[0.601s] Level 5:colcon.colcon_core.verb:set package 'f1tenth_gym_ros' build argument 'ament_cmake_args' from command line to 'None'
[0.601s] Level 5:colcon.colcon_core.verb:set package 'f1tenth_gym_ros' build argument 'catkin_cmake_args' from command line to 'None'
[0.601s] Level 5:colcon.colcon_core.verb:set package 'f1tenth_gym_ros' build argument 'catkin_skip_building_tests' from command line to 'False'
[0.601s] DEBUG:colcon.colcon_core.verb:Building package 'f1tenth_gym_ros' with the following arguments: {'ament_cmake_args': None, 'build_base': '/home/etdisc/Bureau/codef1tenth/src/build/f1tenth_gym_ros', 'catkin_cmake_args': None, 'catkin_skip_building_tests': False, 'cmake_args': None, 'cmake_clean_cache': False, 'cmake_clean_first': False, 'cmake_force_configure': False, 'cmake_target': None, 'cmake_target_skip_unavailable': False, 'install_base': '/home/etdisc/Bureau/codef1tenth/src/install/f1tenth_gym_ros', 'merge_install': False, 'path': '/home/etdisc/Bureau/codef1tenth/src/f1tenth_gym_ros', 'symlink_install': False, 'test_result_base': None}
[0.602s] Level 5:colcon.colcon_core.verb:set package 'localisation' build argument 'cmake_args' from command line to 'None'
[0.602s] Level 5:colcon.colcon_core.verb:set package 'localisation' build argument 'cmake_target' from command line to 'None'
[0.602s] Level 5:colcon.colcon_core.verb:set package 'localisation' build argument 'cmake_target_skip_unavailable' from command line to 'False'
[0.602s] Level 5:colcon.colcon_core.verb:set package 'localisation' build argument 'cmake_clean_cache' from command line to 'False'
[0.602s] Level 5:colcon.colcon_core.verb:set package 'localisation' build argument 'cmake_clean_first' from command line to 'False'
[0.602s] Level 5:colcon.colcon_core.verb:set package 'localisation' build argument 'cmake_force_configure' from command line to 'False'
[0.602s] Level 5:colcon.colcon_core.verb:set package 'localisation' build argument 'ament_cmake_args' from command line to 'None'
[0.602s] Level 5:colcon.colcon_core.verb:set package 'localisation' build argument 'catkin_cmake_args' from command line to 'None'
[0.602s] Level 5:colcon.colcon_core.verb:set package 'localisation' build argument 'catkin_skip_building_tests' from command line to 'False'
[0.602s] DEBUG:colcon.colcon_core.verb:Building package 'localisation' with the following arguments: {'ament_cmake_args': None, 'build_base': '/home/etdisc/Bureau/codef1tenth/src/build/localisation', 'catkin_cmake_args': None, 'catkin_skip_building_tests': False, 'cmake_args': None, 'cmake_clean_cache': False, 'cmake_clean_first': False, 'cmake_force_configure': False, 'cmake_target': None, 'cmake_target_skip_unavailable': False, 'install_base': '/home/etdisc/Bureau/codef1tenth/src/install/localisation', 'merge_install': False, 'path': '/home/etdisc/Bureau/codef1tenth/src/localisation', 'symlink_install': False, 'test_result_base': None}
[0.602s] Level 5:colcon.colcon_core.verb:set package 'strategy' build argument 'cmake_args' from command line to 'None'
[0.602s] Level 5:colcon.colcon_core.verb:set package 'strategy' build argument 'cmake_target' from command line to 'None'
[0.602s] Level 5:colcon.colcon_core.verb:set package 'strategy' build argument 'cmake_target_skip_unavailable' from command line to 'False'
[0.602s] Level 5:colcon.colcon_core.verb:set package 'strategy' build argument 'cmake_clean_cache' from command line to 'False'
[0.602s] Level 5:colcon.colcon_core.verb:set package 'strategy' build argument 'cmake_clean_first' from command line to 'False'
[0.602s] Level 5:colcon.colcon_core.verb:set package 'strategy' build argument 'cmake_force_configure' from command line to 'False'
[0.602s] Level 5:colcon.colcon_core.verb:set package 'strategy' build argument 'ament_cmake_args' from command line to 'None'
[0.602s] Level 5:colcon.colcon_core.verb:set package 'strategy' build argument 'catkin_cmake_args' from command line to 'None'
[0.602s] Level 5:colcon.colcon_core.verb:set package 'strategy' build argument 'catkin_skip_building_tests' from command line to 'False'
[0.602s] DEBUG:colcon.colcon_core.verb:Building package 'strategy' with the following arguments: {'ament_cmake_args': None, 'build_base': '/home/etdisc/Bureau/codef1tenth/src/build/strategy', 'catkin_cmake_args': None, 'catkin_skip_building_tests': False, 'cmake_args': None, 'cmake_clean_cache': False, 'cmake_clean_first': False, 'cmake_force_configure': False, 'cmake_target': None, 'cmake_target_skip_unavailable': False, 'install_base': '/home/etdisc/Bureau/codef1tenth/src/install/strategy', 'merge_install': False, 'path': '/home/etdisc/Bureau/codef1tenth/src/strategy', 'symlink_install': False, 'test_result_base': None}
[0.603s] Level 5:colcon.colcon_core.verb:set package 'timer' build argument 'cmake_args' from command line to 'None'
[0.603s] Level 5:colcon.colcon_core.verb:set package 'timer' build argument 'cmake_target' from command line to 'None'
[0.603s] Level 5:colcon.colcon_core.verb:set package 'timer' build argument 'cmake_target_skip_unavailable' from command line to 'False'
[0.603s] Level 5:colcon.colcon_core.verb:set package 'timer' build argument 'cmake_clean_cache' from command line to 'False'
[0.603s] Level 5:colcon.colcon_core.verb:set package 'timer' build argument 'cmake_clean_first' from command line to 'False'
[0.603s] Level 5:colcon.colcon_core.verb:set package 'timer' build argument 'cmake_force_configure' from command line to 'False'
[0.603s] Level 5:colcon.colcon_core.verb:set package 'timer' build argument 'ament_cmake_args' from command line to 'None'
[0.603s] Level 5:colcon.colcon_core.verb:set package 'timer' build argument 'catkin_cmake_args' from command line to 'None'
[0.603s] Level 5:colcon.colcon_core.verb:set package 'timer' build argument 'catkin_skip_building_tests' from command line to 'False'
[0.603s] DEBUG:colcon.colcon_core.verb:Building package 'timer' with the following arguments: {'ament_cmake_args': None, 'build_base': '/home/etdisc/Bureau/codef1tenth/src/build/timer', 'catkin_cmake_args': None, 'catkin_skip_building_tests': False, 'cmake_args': None, 'cmake_clean_cache': False, 'cmake_clean_first': False, 'cmake_force_configure': False, 'cmake_target': None, 'cmake_target_skip_unavailable': False, 'install_base': '/home/etdisc/Bureau/codef1tenth/src/install/timer', 'merge_install': False, 'path': '/home/etdisc/Bureau/codef1tenth/src/timer', 'symlink_install': False, 'test_result_base': None}
[0.603s] INFO:colcon.colcon_core.executor:Executing jobs using 'parallel' executor
[0.605s] DEBUG:colcon.colcon_parallel_executor.executor.parallel:run_until_complete
[0.605s] INFO:colcon.colcon_ros.task.ament_python.build:Building ROS package in '/home/etdisc/Bureau/codef1tenth/src/AEB' with build type 'ament_python'
[0.606s] Level 1:colcon.colcon_core.shell:create_environment_hook('AEB', 'ament_prefix_path')
[0.610s] INFO:colcon.colcon_core.plugin_system:Skipping extension 'colcon_core.shell.bat': Not used on non-Windows systems
[0.610s] INFO:colcon.colcon_core.shell:Creating environment hook '/home/etdisc/Bureau/codef1tenth/src/install/AEB/share/AEB/hook/ament_prefix_path.ps1'
[0.619s] INFO:colcon.colcon_core.shell:Creating environment descriptor '/home/etdisc/Bureau/codef1tenth/src/install/AEB/share/AEB/hook/ament_prefix_path.dsv'
[0.621s] INFO:colcon.colcon_core.shell:Creating environment hook '/home/etdisc/Bureau/codef1tenth/src/install/AEB/share/AEB/hook/ament_prefix_path.sh'
[0.623s] INFO:colcon.colcon_core.shell:Skip shell extension 'powershell' for command environment: Not usable outside of PowerShell
[0.623s] DEBUG:colcon.colcon_core.shell:Skip shell extension 'dsv' for command environment
[0.631s] INFO:colcon.colcon_ros.task.ament_python.build:Building ROS package in '/home/etdisc/Bureau/codef1tenth/src/Mapping' with build type 'ament_python'
[0.632s] Level 1:colcon.colcon_core.shell:create_environment_hook('Mapping', 'ament_prefix_path')
[0.632s] INFO:colcon.colcon_core.shell:Creating environment hook '/home/etdisc/Bureau/codef1tenth/src/install/Mapping/share/Mapping/hook/ament_prefix_path.ps1'
[0.635s] INFO:colcon.colcon_core.shell:Creating environment descriptor '/home/etdisc/Bureau/codef1tenth/src/install/Mapping/share/Mapping/hook/ament_prefix_path.dsv'
[0.636s] INFO:colcon.colcon_core.shell:Creating environment hook '/home/etdisc/Bureau/codef1tenth/src/install/Mapping/share/Mapping/hook/ament_prefix_path.sh'
[0.638s] INFO:colcon.colcon_core.shell:Skip shell extension 'powershell' for command environment: Not usable outside of PowerShell
[0.638s] DEBUG:colcon.colcon_core.shell:Skip shell extension 'dsv' for command environment
[0.647s] INFO:colcon.colcon_ros.task.ament_python.build:Building ROS package in '/home/etdisc/Bureau/codef1tenth/src/Planif' with build type 'ament_python'
[0.647s] Level 1:colcon.colcon_core.shell:create_environment_hook('Planif', 'ament_prefix_path')
[0.648s] INFO:colcon.colcon_core.shell:Creating environment hook '/home/etdisc/Bureau/codef1tenth/src/install/Planif/share/Planif/hook/ament_prefix_path.ps1'
[0.653s] INFO:colcon.colcon_core.shell:Creating environment descriptor '/home/etdisc/Bureau/codef1tenth/src/install/Planif/share/Planif/hook/ament_prefix_path.dsv'
[0.654s] INFO:colcon.colcon_core.shell:Creating environment hook '/home/etdisc/Bureau/codef1tenth/src/install/Planif/share/Planif/hook/ament_prefix_path.sh'
[0.656s] INFO:colcon.colcon_core.shell:Skip shell extension 'powershell' for command environment: Not usable outside of PowerShell
[0.656s] DEBUG:colcon.colcon_core.shell:Skip shell extension 'dsv' for command environment
[0.664s] INFO:colcon.colcon_ros.task.ament_python.build:Building ROS package in '/home/etdisc/Bureau/codef1tenth/src/Simple_algo' with build type 'ament_python'
[0.665s] Level 1:colcon.colcon_core.shell:create_environment_hook('Simple_algo', 'ament_prefix_path')
[0.666s] INFO:colcon.colcon_core.shell:Creating environment hook '/home/etdisc/Bureau/codef1tenth/src/install/Simple_algo/share/Simple_algo/hook/ament_prefix_path.ps1'
[0.670s] INFO:colcon.colcon_core.shell:Creating environment descriptor '/home/etdisc/Bureau/codef1tenth/src/install/Simple_algo/share/Simple_algo/hook/ament_prefix_path.dsv'
[0.674s] INFO:colcon.colcon_core.shell:Creating environment hook '/home/etdisc/Bureau/codef1tenth/src/install/Simple_algo/share/Simple_algo/hook/ament_prefix_path.sh'
[0.676s] INFO:colcon.colcon_core.shell:Skip shell extension 'powershell' for command environment: Not usable outside of PowerShell
[0.676s] DEBUG:colcon.colcon_core.shell:Skip shell extension 'dsv' for command environment
[0.685s] INFO:colcon.colcon_ros.task.ament_python.build:Building ROS package in '/home/etdisc/Bureau/codef1tenth/src/Waypoints' with build type 'ament_python'
[0.686s] Level 1:colcon.colcon_core.shell:create_environment_hook('Waypoints', 'ament_prefix_path')
[0.687s] INFO:colcon.colcon_core.shell:Creating environment hook '/home/etdisc/Bureau/codef1tenth/src/install/Waypoints/share/Waypoints/hook/ament_prefix_path.ps1'
[0.689s] INFO:colcon.colcon_core.shell:Creating environment descriptor '/home/etdisc/Bureau/codef1tenth/src/install/Waypoints/share/Waypoints/hook/ament_prefix_path.dsv'
[0.691s] INFO:colcon.colcon_core.shell:Creating environment hook '/home/etdisc/Bureau/codef1tenth/src/install/Waypoints/share/Waypoints/hook/ament_prefix_path.sh'
[0.692s] INFO:colcon.colcon_core.shell:Skip shell extension 'powershell' for command environment: Not usable outside of PowerShell
[0.693s] DEBUG:colcon.colcon_core.shell:Skip shell extension 'dsv' for command environment
[0.701s] INFO:colcon.colcon_ros.task.ament_cmake.build:Building ROS package in '/home/etdisc/Bureau/codef1tenth/src/custom_msgs' with build type 'ament_cmake'
[0.701s] INFO:colcon.colcon_cmake.task.cmake.build:Building CMake package in '/home/etdisc/Bureau/codef1tenth/src/custom_msgs'
[0.704s] INFO:colcon.colcon_core.shell:Skip shell extension 'powershell' for command environment: Not usable outside of PowerShell
[0.705s] DEBUG:colcon.colcon_core.shell:Skip shell extension 'dsv' for command environment
[0.722s] INFO:colcon.colcon_ros.task.ament_python.build:Building ROS package in '/home/etdisc/Bureau/codef1tenth/src/f1tenth_gym_ros' with build type 'ament_python'
[0.722s] Level 1:colcon.colcon_core.shell:create_environment_hook('f1tenth_gym_ros', 'ament_prefix_path')
[0.723s] INFO:colcon.colcon_core.shell:Creating environment hook '/home/etdisc/Bureau/codef1tenth/src/install/f1tenth_gym_ros/share/f1tenth_gym_ros/hook/ament_prefix_path.ps1'
[0.726s] INFO:colcon.colcon_core.shell:Creating environment descriptor '/home/etdisc/Bureau/codef1tenth/src/install/f1tenth_gym_ros/share/f1tenth_gym_ros/hook/ament_prefix_path.dsv'
[0.727s] INFO:colcon.colcon_core.shell:Creating environment hook '/home/etdisc/Bureau/codef1tenth/src/install/f1tenth_gym_ros/share/f1tenth_gym_ros/hook/ament_prefix_path.sh'
[0.729s] INFO:colcon.colcon_core.shell:Skip shell extension 'powershell' for command environment: Not usable outside of PowerShell
[0.729s] DEBUG:colcon.colcon_core.shell:Skip shell extension 'dsv' for command environment
[0.742s] INFO:colcon.colcon_ros.task.ament_python.build:Building ROS package in '/home/etdisc/Bureau/codef1tenth/src/localisation' with build type 'ament_python'
[0.745s] Level 1:colcon.colcon_core.shell:create_environment_hook('localisation', 'ament_prefix_path')
[0.745s] INFO:colcon.colcon_core.shell:Creating environment hook '/home/etdisc/Bureau/codef1tenth/src/install/localisation/share/localisation/hook/ament_prefix_path.ps1'
[0.747s] INFO:colcon.colcon_core.shell:Creating environment descriptor '/home/etdisc/Bureau/codef1tenth/src/install/localisation/share/localisation/hook/ament_prefix_path.dsv'
[0.748s] INFO:colcon.colcon_core.shell:Creating environment hook '/home/etdisc/Bureau/codef1tenth/src/install/localisation/share/localisation/hook/ament_prefix_path.sh'
[0.749s] INFO:colcon.colcon_core.shell:Skip shell extension 'powershell' for command environment: Not usable outside of PowerShell
[0.749s] DEBUG:colcon.colcon_core.shell:Skip shell extension 'dsv' for command environment
[1.070s] INFO:colcon.colcon_core.task.python.build:Building Python package in '/home/etdisc/Bureau/codef1tenth/src/AEB'
[1.072s] INFO:colcon.colcon_core.shell:Skip shell extension 'powershell' for command environment: Not usable outside of PowerShell
[1.072s] DEBUG:colcon.colcon_core.shell:Skip shell extension 'dsv' for command environment
[1.354s] INFO:colcon.colcon_core.task.python.build:Building Python package in '/home/etdisc/Bureau/codef1tenth/src/Mapping'
[1.355s] INFO:colcon.colcon_core.shell:Skip shell extension 'powershell' for command environment: Not usable outside of PowerShell
[1.355s] DEBUG:colcon.colcon_core.shell:Skip shell extension 'dsv' for command environment
[1.620s] INFO:colcon.colcon_core.task.python.build:Building Python package in '/home/etdisc/Bureau/codef1tenth/src/Planif'
[1.621s] INFO:colcon.colcon_core.shell:Skip shell extension 'powershell' for command environment: Not usable outside of PowerShell
[1.621s] DEBUG:colcon.colcon_core.shell:Skip shell extension 'dsv' for command environment
[1.916s] INFO:colcon.colcon_core.task.python.build:Building Python package in '/home/etdisc/Bureau/codef1tenth/src/Simple_algo'
[1.917s] INFO:colcon.colcon_core.shell:Skip shell extension 'powershell' for command environment: Not usable outside of PowerShell
[1.917s] DEBUG:colcon.colcon_core.shell:Skip shell extension 'dsv' for command environment
[2.203s] INFO:colcon.colcon_core.task.python.build:Building Python package in '/home/etdisc/Bureau/codef1tenth/src/Waypoints'
[2.204s] INFO:colcon.colcon_core.shell:Skip shell extension 'powershell' for command environment: Not usable outside of PowerShell
[2.204s] DEBUG:colcon.colcon_core.shell:Skip shell extension 'dsv' for command environment
[2.218s] DEBUG:colcon.colcon_core.event_handler.log_command:Invoking command in '/home/etdisc/Bureau/codef1tenth/src/build/custom_msgs': CMAKE_PREFIX_PATH=${CMAKE_PREFIX_PATH}:/home/etdisc/depots/f1tenth/sim_ws/install/timer:/home/etdisc/depots/f1tenth/sim_ws/install/strategy:/home/etdisc/depots/f1tenth/sim_ws/install/localisation:/home/etdisc/depots/f1tenth/sim_ws/install/f1tenth_gym_ros:/home/etdisc/depots/f1tenth/sim_ws/install/Waypoints:/home/etdisc/depots/f1tenth/sim_ws/install/Simple_algo:/home/etdisc/depots/f1tenth/sim_ws/install/Planif:/home/etdisc/depots/f1tenth/sim_ws/install/Mapping:/home/etdisc/depots/f1tenth/sim_ws/install/AEB:/opt/ros/galactic /usr/bin/cmake --build /home/etdisc/Bureau/codef1tenth/src/build/custom_msgs -- -j8 -l8
[2.555s] INFO:colcon.colcon_core.task.python.build:Building Python package in '/home/etdisc/Bureau/codef1tenth/src/f1tenth_gym_ros'
[2.556s] INFO:colcon.colcon_core.shell:Skip shell extension 'powershell' for command environment: Not usable outside of PowerShell
[2.556s] DEBUG:colcon.colcon_core.shell:Skip shell extension 'dsv' for command environment
[2.838s] INFO:colcon.colcon_core.task.python.build:Building Python package in '/home/etdisc/Bureau/codef1tenth/src/localisation'
[2.839s] INFO:colcon.colcon_core.shell:Skip shell extension 'powershell' for command environment: Not usable outside of PowerShell
[2.839s] DEBUG:colcon.colcon_core.shell:Skip shell extension 'dsv' for command environment
[2.870s] DEBUG:colcon.colcon_core.event_handler.log_command:Invoked command in '/home/etdisc/Bureau/codef1tenth/src/build/custom_msgs' returned '0': CMAKE_PREFIX_PATH=${CMAKE_PREFIX_PATH}:/home/etdisc/depots/f1tenth/sim_ws/install/timer:/home/etdisc/depots/f1tenth/sim_ws/install/strategy:/home/etdisc/depots/f1tenth/sim_ws/install/localisation:/home/etdisc/depots/f1tenth/sim_ws/install/f1tenth_gym_ros:/home/etdisc/depots/f1tenth/sim_ws/install/Waypoints:/home/etdisc/depots/f1tenth/sim_ws/install/Simple_algo:/home/etdisc/depots/f1tenth/sim_ws/install/Planif:/home/etdisc/depots/f1tenth/sim_ws/install/Mapping:/home/etdisc/depots/f1tenth/sim_ws/install/AEB:/opt/ros/galactic /usr/bin/cmake --build /home/etdisc/Bureau/codef1tenth/src/build/custom_msgs -- -j8 -l8
[2.893s] DEBUG:colcon.colcon_core.event_handler.log_command:Invoking command in '/home/etdisc/Bureau/codef1tenth/src/build/custom_msgs': CMAKE_PREFIX_PATH=${CMAKE_PREFIX_PATH}:/home/etdisc/depots/f1tenth/sim_ws/install/timer:/home/etdisc/depots/f1tenth/sim_ws/install/strategy:/home/etdisc/depots/f1tenth/sim_ws/install/localisation:/home/etdisc/depots/f1tenth/sim_ws/install/f1tenth_gym_ros:/home/etdisc/depots/f1tenth/sim_ws/install/Waypoints:/home/etdisc/depots/f1tenth/sim_ws/install/Simple_algo:/home/etdisc/depots/f1tenth/sim_ws/install/Planif:/home/etdisc/depots/f1tenth/sim_ws/install/Mapping:/home/etdisc/depots/f1tenth/sim_ws/install/AEB:/opt/ros/galactic /usr/bin/cmake --install /home/etdisc/Bureau/codef1tenth/src/build/custom_msgs
[3.011s] Level 1:colcon.colcon_core.environment:create_environment_scripts_only(custom_msgs)
[3.023s] Level 1:colcon.colcon_core.environment:checking '/home/etdisc/Bureau/codef1tenth/src/install/custom_msgs' for CMake module files
[3.027s] Level 1:colcon.colcon_core.environment:checking '/home/etdisc/Bureau/codef1tenth/src/install/custom_msgs' for CMake config files
[3.029s] DEBUG:colcon.colcon_core.event_handler.log_command:Invoked command in '/home/etdisc/Bureau/codef1tenth/src/build/custom_msgs' returned '0': CMAKE_PREFIX_PATH=${CMAKE_PREFIX_PATH}:/home/etdisc/depots/f1tenth/sim_ws/install/timer:/home/etdisc/depots/f1tenth/sim_ws/install/strategy:/home/etdisc/depots/f1tenth/sim_ws/install/localisation:/home/etdisc/depots/f1tenth/sim_ws/install/f1tenth_gym_ros:/home/etdisc/depots/f1tenth/sim_ws/install/Waypoints:/home/etdisc/depots/f1tenth/sim_ws/install/Simple_algo:/home/etdisc/depots/f1tenth/sim_ws/install/Planif:/home/etdisc/depots/f1tenth/sim_ws/install/Mapping:/home/etdisc/depots/f1tenth/sim_ws/install/AEB:/opt/ros/galactic /usr/bin/cmake --install /home/etdisc/Bureau/codef1tenth/src/build/custom_msgs
[3.030s] Level 1:colcon.colcon_core.shell:create_environment_hook('custom_msgs', 'cmake_prefix_path')
[3.030s] INFO:colcon.colcon_core.shell:Creating environment hook '/home/etdisc/Bureau/codef1tenth/src/install/custom_msgs/share/custom_msgs/hook/cmake_prefix_path.ps1'
[3.032s] INFO:colcon.colcon_core.shell:Creating environment descriptor '/home/etdisc/Bureau/codef1tenth/src/install/custom_msgs/share/custom_msgs/hook/cmake_prefix_path.dsv'
[3.033s] INFO:colcon.colcon_core.shell:Creating environment hook '/home/etdisc/Bureau/codef1tenth/src/install/custom_msgs/share/custom_msgs/hook/cmake_prefix_path.sh'
[3.035s] Level 1:colcon.colcon_core.environment:checking '/home/etdisc/Bureau/codef1tenth/src/install/custom_msgs/lib'
[3.036s] Level 1:colcon.colcon_core.shell:create_environment_hook('custom_msgs', 'ld_library_path_lib')
[3.037s] INFO:colcon.colcon_core.shell:Creating environment hook '/home/etdisc/Bureau/codef1tenth/src/install/custom_msgs/share/custom_msgs/hook/ld_library_path_lib.ps1'
[3.038s] INFO:colcon.colcon_core.shell:Creating environment descriptor '/home/etdisc/Bureau/codef1tenth/src/install/custom_msgs/share/custom_msgs/hook/ld_library_path_lib.dsv'
[3.039s] INFO:colcon.colcon_core.shell:Creating environment hook '/home/etdisc/Bureau/codef1tenth/src/install/custom_msgs/share/custom_msgs/hook/ld_library_path_lib.sh'
[3.040s] Level 1:colcon.colcon_core.environment:checking '/home/etdisc/Bureau/codef1tenth/src/install/custom_msgs/bin'
[3.040s] Level 1:colcon.colcon_core.environment:checking '/home/etdisc/Bureau/codef1tenth/src/install/custom_msgs/lib/pkgconfig/custom_msgs.pc'
[3.041s] Level 1:colcon.colcon_core.environment:checking '/home/etdisc/Bureau/codef1tenth/src/install/custom_msgs/lib/python3.8/site-packages'
[3.041s] Level 1:colcon.colcon_core.shell:create_environment_hook('custom_msgs', 'pythonpath')
[3.041s] INFO:colcon.colcon_core.shell:Creating environment hook '/home/etdisc/Bureau/codef1tenth/src/install/custom_msgs/share/custom_msgs/hook/pythonpath.ps1'
[3.043s] INFO:colcon.colcon_core.shell:Creating environment descriptor '/home/etdisc/Bureau/codef1tenth/src/install/custom_msgs/share/custom_msgs/hook/pythonpath.dsv'
[3.044s] INFO:colcon.colcon_core.shell:Creating environment hook '/home/etdisc/Bureau/codef1tenth/src/install/custom_msgs/share/custom_msgs/hook/pythonpath.sh'
[3.048s] Level 1:colcon.colcon_core.environment:checking '/home/etdisc/Bureau/codef1tenth/src/install/custom_msgs/bin'
[3.049s] INFO:colcon.colcon_core.shell:Creating package script '/home/etdisc/Bureau/codef1tenth/src/install/custom_msgs/share/custom_msgs/package.ps1'
[3.051s] INFO:colcon.colcon_core.shell:Creating package descriptor '/home/etdisc/Bureau/codef1tenth/src/install/custom_msgs/share/custom_msgs/package.dsv'
[3.053s] INFO:colcon.colcon_core.shell:Creating package script '/home/etdisc/Bureau/codef1tenth/src/install/custom_msgs/share/custom_msgs/package.sh'
[3.056s] INFO:colcon.colcon_core.shell:Creating package script '/home/etdisc/Bureau/codef1tenth/src/install/custom_msgs/share/custom_msgs/package.bash'
[3.057s] INFO:colcon.colcon_core.shell:Creating package script '/home/etdisc/Bureau/codef1tenth/src/install/custom_msgs/share/custom_msgs/package.zsh'
[3.059s] Level 1:colcon.colcon_core.environment:create_file_with_runtime_dependencies(/home/etdisc/Bureau/codef1tenth/src/install/custom_msgs/share/colcon-core/packages/custom_msgs)
[3.061s] Level 1:colcon.colcon_core.environment:create_environment_scripts_only(custom_msgs)
[3.061s] Level 1:colcon.colcon_core.environment:checking '/home/etdisc/Bureau/codef1tenth/src/install/custom_msgs' for CMake module files
[3.062s] Level 1:colcon.colcon_core.environment:checking '/home/etdisc/Bureau/codef1tenth/src/install/custom_msgs' for CMake config files
[3.063s] Level 1:colcon.colcon_core.shell:create_environment_hook('custom_msgs', 'cmake_prefix_path')
[3.064s] INFO:colcon.colcon_core.shell:Creating environment hook '/home/etdisc/Bureau/codef1tenth/src/install/custom_msgs/share/custom_msgs/hook/cmake_prefix_path.ps1'
[3.065s] INFO:colcon.colcon_core.shell:Creating environment descriptor '/home/etdisc/Bureau/codef1tenth/src/install/custom_msgs/share/custom_msgs/hook/cmake_prefix_path.dsv'
[3.066s] INFO:colcon.colcon_core.shell:Creating environment hook '/home/etdisc/Bureau/codef1tenth/src/install/custom_msgs/share/custom_msgs/hook/cmake_prefix_path.sh'
[3.068s] Level 1:colcon.colcon_core.environment:checking '/home/etdisc/Bureau/codef1tenth/src/install/custom_msgs/lib'
[3.069s] Level 1:colcon.colcon_core.shell:create_environment_hook('custom_msgs', 'ld_library_path_lib')
[3.069s] INFO:colcon.colcon_core.shell:Creating environment hook '/home/etdisc/Bureau/codef1tenth/src/install/custom_msgs/share/custom_msgs/hook/ld_library_path_lib.ps1'
[3.070s] INFO:colcon.colcon_core.shell:Creating environment descriptor '/home/etdisc/Bureau/codef1tenth/src/install/custom_msgs/share/custom_msgs/hook/ld_library_path_lib.dsv'
[3.072s] INFO:colcon.colcon_core.shell:Creating environment hook '/home/etdisc/Bureau/codef1tenth/src/install/custom_msgs/share/custom_msgs/hook/ld_library_path_lib.sh'
[3.073s] Level 1:colcon.colcon_core.environment:checking '/home/etdisc/Bureau/codef1tenth/src/install/custom_msgs/bin'
[3.073s] Level 1:colcon.colcon_core.environment:checking '/home/etdisc/Bureau/codef1tenth/src/install/custom_msgs/lib/pkgconfig/custom_msgs.pc'
[3.073s] Level 1:colcon.colcon_core.environment:checking '/home/etdisc/Bureau/codef1tenth/src/install/custom_msgs/lib/python3.8/site-packages'
[3.074s] Level 1:colcon.colcon_core.shell:create_environment_hook('custom_msgs', 'pythonpath')
[3.074s] INFO:colcon.colcon_core.shell:Creating environment hook '/home/etdisc/Bureau/codef1tenth/src/install/custom_msgs/share/custom_msgs/hook/pythonpath.ps1'
[3.075s] INFO:colcon.colcon_core.shell:Creating environment descriptor '/home/etdisc/Bureau/codef1tenth/src/install/custom_msgs/share/custom_msgs/hook/pythonpath.dsv'
[3.077s] INFO:colcon.colcon_core.shell:Creating environment hook '/home/etdisc/Bureau/codef1tenth/src/install/custom_msgs/share/custom_msgs/hook/pythonpath.sh'
[3.079s] Level 1:colcon.colcon_core.environment:checking '/home/etdisc/Bureau/codef1tenth/src/install/custom_msgs/bin'
[3.080s] INFO:colcon.colcon_core.shell:Creating package script '/home/etdisc/Bureau/codef1tenth/src/install/custom_msgs/share/custom_msgs/package.ps1'
[3.082s] INFO:colcon.colcon_core.shell:Creating package descriptor '/home/etdisc/Bureau/codef1tenth/src/install/custom_msgs/share/custom_msgs/package.dsv'
[3.083s] INFO:colcon.colcon_core.shell:Creating package script '/home/etdisc/Bureau/codef1tenth/src/install/custom_msgs/share/custom_msgs/package.sh'
[3.085s] INFO:colcon.colcon_core.shell:Creating package script '/home/etdisc/Bureau/codef1tenth/src/install/custom_msgs/share/custom_msgs/package.bash'
[3.086s] INFO:colcon.colcon_core.shell:Creating package script '/home/etdisc/Bureau/codef1tenth/src/install/custom_msgs/share/custom_msgs/package.zsh'
[3.087s] Level 1:colcon.colcon_core.environment:create_file_with_runtime_dependencies(/home/etdisc/Bureau/codef1tenth/src/install/custom_msgs/share/colcon-core/packages/custom_msgs)
[3.089s] INFO:colcon.colcon_ros.task.ament_python.build:Building ROS package in '/home/etdisc/Bureau/codef1tenth/src/strategy' with build type 'ament_python'
[3.090s] Level 1:colcon.colcon_core.shell:create_environment_hook('strategy', 'ament_prefix_path')
[3.091s] INFO:colcon.colcon_core.shell:Creating environment hook '/home/etdisc/Bureau/codef1tenth/src/install/strategy/share/strategy/hook/ament_prefix_path.ps1'
[3.093s] INFO:colcon.colcon_core.shell:Creating environment descriptor '/home/etdisc/Bureau/codef1tenth/src/install/strategy/share/strategy/hook/ament_prefix_path.dsv'
[3.094s] INFO:colcon.colcon_core.shell:Creating environment hook '/home/etdisc/Bureau/codef1tenth/src/install/strategy/share/strategy/hook/ament_prefix_path.sh'
[3.095s] INFO:colcon.colcon_core.shell:Skip shell extension 'powershell' for command environment: Not usable outside of PowerShell
[3.096s] DEBUG:colcon.colcon_core.shell:Skip shell extension 'dsv' for command environment
[3.685s] INFO:colcon.colcon_core.task.python.build:Building Python package in '/home/etdisc/Bureau/codef1tenth/src/strategy'
[3.686s] INFO:colcon.colcon_core.shell:Skip shell extension 'powershell' for command environment: Not usable outside of PowerShell
[3.687s] DEBUG:colcon.colcon_core.shell:Skip shell extension 'dsv' for command environment
[3.939s] DEBUG:colcon.colcon_core.event_handler.log_command:Invoking command in '/home/etdisc/Bureau/codef1tenth/src/Planif': PYTHONPATH=/home/etdisc/Bureau/codef1tenth/src/build/Planif/prefix_override:/usr/lib/python3/dist-packages/colcon_core/task/python/colcon_distutils_commands:/home/etdisc/Bureau/codef1tenth/src/install/Planif/lib/python3.8/site-packages:${PYTHONPATH} /usr/bin/python3 -W ignore:setup.py install is deprecated -W ignore:easy_install command is deprecated setup.py egg_info --egg-base ../build/Planif build --build-base /home/etdisc/Bureau/codef1tenth/src/build/Planif/build install --record /home/etdisc/Bureau/codef1tenth/src/build/Planif/install.log --single-version-externally-managed install_data
[4.017s] DEBUG:colcon.colcon_core.event_handler.log_command:Invoking command in '/home/etdisc/Bureau/codef1tenth/src/Simple_algo': PYTHONPATH=/home/etdisc/Bureau/codef1tenth/src/build/Simple_algo/prefix_override:/usr/lib/python3/dist-packages/colcon_core/task/python/colcon_distutils_commands:/home/etdisc/Bureau/codef1tenth/src/install/Simple_algo/lib/python3.8/site-packages:${PYTHONPATH} /usr/bin/python3 -W ignore:setup.py install is deprecated -W ignore:easy_install command is deprecated setup.py egg_info --egg-base ../build/Simple_algo build --build-base /home/etdisc/Bureau/codef1tenth/src/build/Simple_algo/build install --record /home/etdisc/Bureau/codef1tenth/src/build/Simple_algo/install.log --single-version-externally-managed install_data
[4.031s] DEBUG:colcon.colcon_core.event_handler.log_command:Invoking command in '/home/etdisc/Bureau/codef1tenth/src/AEB': PYTHONPATH=/home/etdisc/Bureau/codef1tenth/src/build/AEB/prefix_override:/usr/lib/python3/dist-packages/colcon_core/task/python/colcon_distutils_commands:/home/etdisc/Bureau/codef1tenth/src/install/AEB/lib/python3.8/site-packages:${PYTHONPATH} /usr/bin/python3 -W ignore:setup.py install is deprecated -W ignore:easy_install command is deprecated setup.py egg_info --egg-base ../build/AEB build --build-base /home/etdisc/Bureau/codef1tenth/src/build/AEB/build install --record /home/etdisc/Bureau/codef1tenth/src/build/AEB/install.log --single-version-externally-managed install_data
[4.063s] DEBUG:colcon.colcon_core.event_handler.log_command:Invoking command in '/home/etdisc/Bureau/codef1tenth/src/Mapping': PYTHONPATH=/home/etdisc/Bureau/codef1tenth/src/build/Mapping/prefix_override:/usr/lib/python3/dist-packages/colcon_core/task/python/colcon_distutils_commands:/home/etdisc/Bureau/codef1tenth/src/install/Mapping/lib/python3.8/site-packages:${PYTHONPATH} /usr/bin/python3 -W ignore:setup.py install is deprecated -W ignore:easy_install command is deprecated setup.py egg_info --egg-base ../build/Mapping build --build-base /home/etdisc/Bureau/codef1tenth/src/build/Mapping/build install --record /home/etdisc/Bureau/codef1tenth/src/build/Mapping/install.log --single-version-externally-managed install_data
[4.092s] DEBUG:colcon.colcon_core.event_handler.log_command:Invoking command in '/home/etdisc/Bureau/codef1tenth/src/Waypoints': PYTHONPATH=/home/etdisc/Bureau/codef1tenth/src/build/Waypoints/prefix_override:/usr/lib/python3/dist-packages/colcon_core/task/python/colcon_distutils_commands:/home/etdisc/Bureau/codef1tenth/src/install/Waypoints/lib/python3.8/site-packages:${PYTHONPATH} /usr/bin/python3 -W ignore:setup.py install is deprecated -W ignore:easy_install command is deprecated setup.py egg_info --egg-base ../build/Waypoints build --build-base /home/etdisc/Bureau/codef1tenth/src/build/Waypoints/build install --record /home/etdisc/Bureau/codef1tenth/src/build/Waypoints/install.log --single-version-externally-managed install_data
[4.112s] DEBUG:colcon.colcon_core.event_handler.log_command:Invoking command in '/home/etdisc/Bureau/codef1tenth/src/f1tenth_gym_ros': PYTHONPATH=/home/etdisc/Bureau/codef1tenth/src/build/f1tenth_gym_ros/prefix_override:/usr/lib/python3/dist-packages/colcon_core/task/python/colcon_distutils_commands:/home/etdisc/Bureau/codef1tenth/src/install/f1tenth_gym_ros/lib/python3.8/site-packages:${PYTHONPATH} /usr/bin/python3 -W ignore:setup.py install is deprecated -W ignore:easy_install command is deprecated setup.py egg_info --egg-base ../build/f1tenth_gym_ros build --build-base /home/etdisc/Bureau/codef1tenth/src/build/f1tenth_gym_ros/build install --record /home/etdisc/Bureau/codef1tenth/src/build/f1tenth_gym_ros/install.log --install-scripts $base/lib/f1tenth_gym_ros --single-version-externally-managed install_data
[4.155s] DEBUG:colcon.colcon_core.event_handler.log_command:Invoking command in '/home/etdisc/Bureau/codef1tenth/src/localisation': PYTHONPATH=/home/etdisc/Bureau/codef1tenth/src/build/localisation/prefix_override:/usr/lib/python3/dist-packages/colcon_core/task/python/colcon_distutils_commands:/home/etdisc/Bureau/codef1tenth/src/install/localisation/lib/python3.8/site-packages:${PYTHONPATH} /usr/bin/python3 -W ignore:setup.py install is deprecated -W ignore:easy_install command is deprecated setup.py egg_info --egg-base ../build/localisation build --build-base /home/etdisc/Bureau/codef1tenth/src/build/localisation/build install --record /home/etdisc/Bureau/codef1tenth/src/build/localisation/install.log --single-version-externally-managed install_data
[4.704s] DEBUG:colcon.colcon_core.event_handler.log_command:Invoking command in '/home/etdisc/Bureau/codef1tenth/src/strategy': PYTHONPATH=/home/etdisc/Bureau/codef1tenth/src/build/strategy/prefix_override:/usr/lib/python3/dist-packages/colcon_core/task/python/colcon_distutils_commands:/home/etdisc/Bureau/codef1tenth/src/install/strategy/lib/python3.8/site-packages:${PYTHONPATH} /usr/bin/python3 -W ignore:setup.py install is deprecated -W ignore:easy_install command is deprecated setup.py egg_info --egg-base ../build/strategy build --build-base /home/etdisc/Bureau/codef1tenth/src/build/strategy/build install --record /home/etdisc/Bureau/codef1tenth/src/build/strategy/install.log --single-version-externally-managed install_data
[4.725s] Level 1:colcon.colcon_core.environment:checking '/home/etdisc/Bureau/codef1tenth/src/install/Planif' for CMake module files
[4.726s] Level 1:colcon.colcon_core.environment:checking '/home/etdisc/Bureau/codef1tenth/src/install/Planif' for CMake config files
[4.729s] Level 1:colcon.colcon_core.environment:checking '/home/etdisc/Bureau/codef1tenth/src/install/Planif/lib'
[4.729s] Level 1:colcon.colcon_core.environment:checking '/home/etdisc/Bureau/codef1tenth/src/install/Planif/bin'
[4.730s] Level 1:colcon.colcon_core.environment:checking '/home/etdisc/Bureau/codef1tenth/src/install/Planif/lib/pkgconfig/Planif.pc'
[4.730s] Level 1:colcon.colcon_core.environment:checking '/home/etdisc/Bureau/codef1tenth/src/install/Planif/lib/python3.8/site-packages'
[4.730s] Level 1:colcon.colcon_core.shell:create_environment_hook('Planif', 'pythonpath')
[4.731s] INFO:colcon.colcon_core.shell:Creating environment hook '/home/etdisc/Bureau/codef1tenth/src/install/Planif/share/Planif/hook/pythonpath.ps1'
[4.733s] INFO:colcon.colcon_core.shell:Creating environment descriptor '/home/etdisc/Bureau/codef1tenth/src/install/Planif/share/Planif/hook/pythonpath.dsv'
[4.742s] INFO:colcon.colcon_core.shell:Creating environment hook '/home/etdisc/Bureau/codef1tenth/src/install/Planif/share/Planif/hook/pythonpath.sh'
[4.745s] Level 1:colcon.colcon_core.environment:checking '/home/etdisc/Bureau/codef1tenth/src/install/Planif/bin'
[4.751s] Level 1:colcon.colcon_core.environment:create_environment_scripts_only(Planif)
[4.752s] INFO:colcon.colcon_core.shell:Creating package script '/home/etdisc/Bureau/codef1tenth/src/install/Planif/share/Planif/package.ps1'
[4.763s] INFO:colcon.colcon_core.shell:Creating package descriptor '/home/etdisc/Bureau/codef1tenth/src/install/Planif/share/Planif/package.dsv'
[4.770s] INFO:colcon.colcon_core.shell:Creating package script '/home/etdisc/Bureau/codef1tenth/src/install/Planif/share/Planif/package.sh'
[4.782s] INFO:colcon.colcon_core.shell:Creating package script '/home/etdisc/Bureau/codef1tenth/src/install/Planif/share/Planif/package.bash'
[4.783s] INFO:colcon.colcon_core.shell:Creating package script '/home/etdisc/Bureau/codef1tenth/src/install/Planif/share/Planif/package.zsh'
[4.785s] Level 1:colcon.colcon_core.environment:create_file_with_runtime_dependencies(/home/etdisc/Bureau/codef1tenth/src/install/Planif/share/colcon-core/packages/Planif)
[4.787s] INFO:colcon.colcon_ros.task.ament_python.build:Building ROS package in '/home/etdisc/Bureau/codef1tenth/src/timer' with build type 'ament_python'
[4.788s] Level 1:colcon.colcon_core.shell:create_environment_hook('timer', 'ament_prefix_path')
[4.788s] INFO:colcon.colcon_core.shell:Creating environment hook '/home/etdisc/Bureau/codef1tenth/src/install/timer/share/timer/hook/ament_prefix_path.ps1'
[4.790s] INFO:colcon.colcon_core.shell:Creating environment descriptor '/home/etdisc/Bureau/codef1tenth/src/install/timer/share/timer/hook/ament_prefix_path.dsv'
[4.793s] DEBUG:colcon.colcon_core.event_handler.log_command:Invoked command in '/home/etdisc/Bureau/codef1tenth/src/Planif' returned '0': PYTHONPATH=/home/etdisc/Bureau/codef1tenth/src/build/Planif/prefix_override:/usr/lib/python3/dist-packages/colcon_core/task/python/colcon_distutils_commands:/home/etdisc/Bureau/codef1tenth/src/install/Planif/lib/python3.8/site-packages:${PYTHONPATH} /usr/bin/python3 -W ignore:setup.py install is deprecated -W ignore:easy_install command is deprecated setup.py egg_info --egg-base ../build/Planif build --build-base /home/etdisc/Bureau/codef1tenth/src/build/Planif/build install --record /home/etdisc/Bureau/codef1tenth/src/build/Planif/install.log --single-version-externally-managed install_data
[4.798s] INFO:colcon.colcon_core.shell:Creating environment hook '/home/etdisc/Bureau/codef1tenth/src/install/timer/share/timer/hook/ament_prefix_path.sh'
[4.802s] INFO:colcon.colcon_core.shell:Skip shell extension 'powershell' for command environment: Not usable outside of PowerShell
[4.802s] DEBUG:colcon.colcon_core.shell:Skip shell extension 'dsv' for command environment
[4.816s] Level 1:colcon.colcon_core.environment:checking '/home/etdisc/Bureau/codef1tenth/src/install/AEB' for CMake module files
[4.822s] Level 1:colcon.colcon_core.environment:checking '/home/etdisc/Bureau/codef1tenth/src/install/AEB' for CMake config files
[4.835s] Level 1:colcon.colcon_core.environment:checking '/home/etdisc/Bureau/codef1tenth/src/install/AEB/lib'
[4.854s] DEBUG:colcon.colcon_core.event_handler.log_command:Invoked command in '/home/etdisc/Bureau/codef1tenth/src/AEB' returned '0': PYTHONPATH=/home/etdisc/Bureau/codef1tenth/src/build/AEB/prefix_override:/usr/lib/python3/dist-packages/colcon_core/task/python/colcon_distutils_commands:/home/etdisc/Bureau/codef1tenth/src/install/AEB/lib/python3.8/site-packages:${PYTHONPATH} /usr/bin/python3 -W ignore:setup.py install is deprecated -W ignore:easy_install command is deprecated setup.py egg_info --egg-base ../build/AEB build --build-base /home/etdisc/Bureau/codef1tenth/src/build/AEB/build install --record /home/etdisc/Bureau/codef1tenth/src/build/AEB/install.log --single-version-externally-managed install_data
[4.860s] Level 1:colcon.colcon_core.environment:checking '/home/etdisc/Bureau/codef1tenth/src/install/AEB/bin'
[4.860s] Level 1:colcon.colcon_core.environment:checking '/home/etdisc/Bureau/codef1tenth/src/install/AEB/lib/pkgconfig/AEB.pc'
[4.861s] Level 1:colcon.colcon_core.environment:checking '/home/etdisc/Bureau/codef1tenth/src/install/AEB/lib/python3.8/site-packages'
[4.861s] Level 1:colcon.colcon_core.shell:create_environment_hook('AEB', 'pythonpath')
[4.861s] INFO:colcon.colcon_core.shell:Creating environment hook '/home/etdisc/Bureau/codef1tenth/src/install/AEB/share/AEB/hook/pythonpath.ps1'
[4.863s] INFO:colcon.colcon_core.shell:Creating environment descriptor '/home/etdisc/Bureau/codef1tenth/src/install/AEB/share/AEB/hook/pythonpath.dsv'
[4.865s] INFO:colcon.colcon_core.shell:Creating environment hook '/home/etdisc/Bureau/codef1tenth/src/install/AEB/share/AEB/hook/pythonpath.sh'
[4.869s] Level 1:colcon.colcon_core.environment:checking '/home/etdisc/Bureau/codef1tenth/src/install/AEB/bin'
[4.871s] Level 1:colcon.colcon_core.environment:create_environment_scripts_only(AEB)
[4.872s] INFO:colcon.colcon_core.shell:Creating package script '/home/etdisc/Bureau/codef1tenth/src/install/AEB/share/AEB/package.ps1'
[4.875s] INFO:colcon.colcon_core.shell:Creating package descriptor '/home/etdisc/Bureau/codef1tenth/src/install/AEB/share/AEB/package.dsv'
[4.879s] INFO:colcon.colcon_core.shell:Creating package script '/home/etdisc/Bureau/codef1tenth/src/install/AEB/share/AEB/package.sh'
[4.881s] INFO:colcon.colcon_core.shell:Creating package script '/home/etdisc/Bureau/codef1tenth/src/install/AEB/share/AEB/package.bash'
[4.883s] INFO:colcon.colcon_core.shell:Creating package script '/home/etdisc/Bureau/codef1tenth/src/install/AEB/share/AEB/package.zsh'
[4.885s] Level 1:colcon.colcon_core.environment:create_file_with_runtime_dependencies(/home/etdisc/Bureau/codef1tenth/src/install/AEB/share/colcon-core/packages/AEB)
[4.893s] Level 1:colcon.colcon_core.environment:checking '/home/etdisc/Bureau/codef1tenth/src/install/Mapping' for CMake module files
[4.903s] Level 1:colcon.colcon_core.environment:checking '/home/etdisc/Bureau/codef1tenth/src/install/Mapping' for CMake config files
[4.905s] Level 1:colcon.colcon_core.environment:checking '/home/etdisc/Bureau/codef1tenth/src/install/Mapping/lib'
[4.906s] Level 1:colcon.colcon_core.environment:checking '/home/etdisc/Bureau/codef1tenth/src/install/Mapping/bin'
[4.912s] Level 1:colcon.colcon_core.environment:checking '/home/etdisc/Bureau/codef1tenth/src/install/Mapping/lib/pkgconfig/Mapping.pc'
[4.912s] Level 1:colcon.colcon_core.environment:checking '/home/etdisc/Bureau/codef1tenth/src/install/Mapping/lib/python3.8/site-packages'
[4.912s] Level 1:colcon.colcon_core.shell:create_environment_hook('Mapping', 'pythonpath')
[4.913s] INFO:colcon.colcon_core.shell:Creating environment hook '/home/etdisc/Bureau/codef1tenth/src/install/Mapping/share/Mapping/hook/pythonpath.ps1'
[4.921s] INFO:colcon.colcon_core.shell:Creating environment descriptor '/home/etdisc/Bureau/codef1tenth/src/install/Mapping/share/Mapping/hook/pythonpath.dsv'
[4.923s] DEBUG:colcon.colcon_core.event_handler.log_command:Invoked command in '/home/etdisc/Bureau/codef1tenth/src/Mapping' returned '0': PYTHONPATH=/home/etdisc/Bureau/codef1tenth/src/build/Mapping/prefix_override:/usr/lib/python3/dist-packages/colcon_core/task/python/colcon_distutils_commands:/home/etdisc/Bureau/codef1tenth/src/install/Mapping/lib/python3.8/site-packages:${PYTHONPATH} /usr/bin/python3 -W ignore:setup.py install is deprecated -W ignore:easy_install command is deprecated setup.py egg_info --egg-base ../build/Mapping build --build-base /home/etdisc/Bureau/codef1tenth/src/build/Mapping/build install --record /home/etdisc/Bureau/codef1tenth/src/build/Mapping/install.log --single-version-externally-managed install_data
[4.926s] INFO:colcon.colcon_core.shell:Creating environment hook '/home/etdisc/Bureau/codef1tenth/src/install/Mapping/share/Mapping/hook/pythonpath.sh'
[4.928s] Level 1:colcon.colcon_core.environment:checking '/home/etdisc/Bureau/codef1tenth/src/install/Mapping/bin'
[4.928s] Level 1:colcon.colcon_core.environment:create_environment_scripts_only(Mapping)
[4.929s] INFO:colcon.colcon_core.shell:Creating package script '/home/etdisc/Bureau/codef1tenth/src/install/Mapping/share/Mapping/package.ps1'
[4.933s] INFO:colcon.colcon_core.shell:Creating package descriptor '/home/etdisc/Bureau/codef1tenth/src/install/Mapping/share/Mapping/package.dsv'
[4.936s] INFO:colcon.colcon_core.shell:Creating package script '/home/etdisc/Bureau/codef1tenth/src/install/Mapping/share/Mapping/package.sh'
[4.937s] INFO:colcon.colcon_core.shell:Creating package script '/home/etdisc/Bureau/codef1tenth/src/install/Mapping/share/Mapping/package.bash'
[4.938s] INFO:colcon.colcon_core.shell:Creating package script '/home/etdisc/Bureau/codef1tenth/src/install/Mapping/share/Mapping/package.zsh'
[4.939s] Level 1:colcon.colcon_core.environment:create_file_with_runtime_dependencies(/home/etdisc/Bureau/codef1tenth/src/install/Mapping/share/colcon-core/packages/Mapping)
[4.942s] Level 1:colcon.colcon_core.environment:checking '/home/etdisc/Bureau/codef1tenth/src/install/Waypoints' for CMake module files
[4.944s] DEBUG:colcon.colcon_core.event_handler.log_command:Invoked command in '/home/etdisc/Bureau/codef1tenth/src/Waypoints' returned '0': PYTHONPATH=/home/etdisc/Bureau/codef1tenth/src/build/Waypoints/prefix_override:/usr/lib/python3/dist-packages/colcon_core/task/python/colcon_distutils_commands:/home/etdisc/Bureau/codef1tenth/src/install/Waypoints/lib/python3.8/site-packages:${PYTHONPATH} /usr/bin/python3 -W ignore:setup.py install is deprecated -W ignore:easy_install command is deprecated setup.py egg_info --egg-base ../build/Waypoints build --build-base /home/etdisc/Bureau/codef1tenth/src/build/Waypoints/build install --record /home/etdisc/Bureau/codef1tenth/src/build/Waypoints/install.log --single-version-externally-managed install_data
[4.945s] Level 1:colcon.colcon_core.environment:checking '/home/etdisc/Bureau/codef1tenth/src/install/Waypoints' for CMake config files
[4.946s] Level 1:colcon.colcon_core.environment:checking '/home/etdisc/Bureau/codef1tenth/src/install/Waypoints/lib'
[4.946s] Level 1:colcon.colcon_core.environment:checking '/home/etdisc/Bureau/codef1tenth/src/install/Waypoints/bin'
[4.947s] Level 1:colcon.colcon_core.environment:checking '/home/etdisc/Bureau/codef1tenth/src/install/Waypoints/lib/pkgconfig/Waypoints.pc'
[4.947s] Level 1:colcon.colcon_core.environment:checking '/home/etdisc/Bureau/codef1tenth/src/install/Waypoints/lib/python3.8/site-packages'
[4.947s] Level 1:colcon.colcon_core.shell:create_environment_hook('Waypoints', 'pythonpath')
[4.948s] INFO:colcon.colcon_core.shell:Creating environment hook '/home/etdisc/Bureau/codef1tenth/src/install/Waypoints/share/Waypoints/hook/pythonpath.ps1'
[4.955s] INFO:colcon.colcon_core.shell:Creating environment descriptor '/home/etdisc/Bureau/codef1tenth/src/install/Waypoints/share/Waypoints/hook/pythonpath.dsv'
[4.956s] INFO:colcon.colcon_core.shell:Creating environment hook '/home/etdisc/Bureau/codef1tenth/src/install/Waypoints/share/Waypoints/hook/pythonpath.sh'
[4.957s] Level 1:colcon.colcon_core.environment:checking '/home/etdisc/Bureau/codef1tenth/src/install/Waypoints/bin'
[4.958s] Level 1:colcon.colcon_core.environment:create_environment_scripts_only(Waypoints)
[4.958s] INFO:colcon.colcon_core.shell:Creating package script '/home/etdisc/Bureau/codef1tenth/src/install/Waypoints/share/Waypoints/package.ps1'
[4.959s] INFO:colcon.colcon_core.shell:Creating package descriptor '/home/etdisc/Bureau/codef1tenth/src/install/Waypoints/share/Waypoints/package.dsv'
[4.960s] INFO:colcon.colcon_core.shell:Creating package script '/home/etdisc/Bureau/codef1tenth/src/install/Waypoints/share/Waypoints/package.sh'
[4.962s] INFO:colcon.colcon_core.shell:Creating package script '/home/etdisc/Bureau/codef1tenth/src/install/Waypoints/share/Waypoints/package.bash'
[4.963s] INFO:colcon.colcon_core.shell:Creating package script '/home/etdisc/Bureau/codef1tenth/src/install/Waypoints/share/Waypoints/package.zsh'
[4.964s] Level 1:colcon.colcon_core.environment:create_file_with_runtime_dependencies(/home/etdisc/Bureau/codef1tenth/src/install/Waypoints/share/colcon-core/packages/Waypoints)
[4.965s] Level 1:colcon.colcon_core.environment:checking '/home/etdisc/Bureau/codef1tenth/src/install/localisation' for CMake module files
[4.969s] Level 1:colcon.colcon_core.environment:checking '/home/etdisc/Bureau/codef1tenth/src/install/localisation' for CMake config files
[4.972s] DEBUG:colcon.colcon_core.event_handler.log_command:Invoked command in '/home/etdisc/Bureau/codef1tenth/src/localisation' returned '0': PYTHONPATH=/home/etdisc/Bureau/codef1tenth/src/build/localisation/prefix_override:/usr/lib/python3/dist-packages/colcon_core/task/python/colcon_distutils_commands:/home/etdisc/Bureau/codef1tenth/src/install/localisation/lib/python3.8/site-packages:${PYTHONPATH} /usr/bin/python3 -W ignore:setup.py install is deprecated -W ignore:easy_install command is deprecated setup.py egg_info --egg-base ../build/localisation build --build-base /home/etdisc/Bureau/codef1tenth/src/build/localisation/build install --record /home/etdisc/Bureau/codef1tenth/src/build/localisation/install.log --single-version-externally-managed install_data
[4.975s] Level 1:colcon.colcon_core.environment:checking '/home/etdisc/Bureau/codef1tenth/src/install/localisation/lib'
[4.975s] Level 1:colcon.colcon_core.environment:checking '/home/etdisc/Bureau/codef1tenth/src/install/localisation/bin'
[4.976s] Level 1:colcon.colcon_core.environment:checking '/home/etdisc/Bureau/codef1tenth/src/install/localisation/lib/pkgconfig/localisation.pc'
[4.976s] Level 1:colcon.colcon_core.environment:checking '/home/etdisc/Bureau/codef1tenth/src/install/localisation/lib/python3.8/site-packages'
[4.977s] Level 1:colcon.colcon_core.shell:create_environment_hook('localisation', 'pythonpath')
[4.978s] INFO:colcon.colcon_core.shell:Creating environment hook '/home/etdisc/Bureau/codef1tenth/src/install/localisation/share/localisation/hook/pythonpath.ps1'
[4.979s] INFO:colcon.colcon_core.shell:Creating environment descriptor '/home/etdisc/Bureau/codef1tenth/src/install/localisation/share/localisation/hook/pythonpath.dsv'
[4.980s] INFO:colcon.colcon_core.shell:Creating environment hook '/home/etdisc/Bureau/codef1tenth/src/install/localisation/share/localisation/hook/pythonpath.sh'
[4.981s] Level 1:colcon.colcon_core.environment:checking '/home/etdisc/Bureau/codef1tenth/src/install/localisation/bin'
[4.982s] Level 1:colcon.colcon_core.environment:create_environment_scripts_only(localisation)
[4.983s] INFO:colcon.colcon_core.shell:Creating package script '/home/etdisc/Bureau/codef1tenth/src/install/localisation/share/localisation/package.ps1'
[4.984s] INFO:colcon.colcon_core.shell:Creating package descriptor '/home/etdisc/Bureau/codef1tenth/src/install/localisation/share/localisation/package.dsv'
[4.986s] INFO:colcon.colcon_core.shell:Creating package script '/home/etdisc/Bureau/codef1tenth/src/install/localisation/share/localisation/package.sh'
[4.987s] INFO:colcon.colcon_core.shell:Creating package script '/home/etdisc/Bureau/codef1tenth/src/install/localisation/share/localisation/package.bash'
[4.989s] INFO:colcon.colcon_core.shell:Creating package script '/home/etdisc/Bureau/codef1tenth/src/install/localisation/share/localisation/package.zsh'
[4.990s] Level 1:colcon.colcon_core.environment:create_file_with_runtime_dependencies(/home/etdisc/Bureau/codef1tenth/src/install/localisation/share/colcon-core/packages/localisation)
[5.344s] INFO:colcon.colcon_core.task.python.build:Building Python package in '/home/etdisc/Bureau/codef1tenth/src/timer'
[5.345s] INFO:colcon.colcon_core.shell:Skip shell extension 'powershell' for command environment: Not usable outside of PowerShell
[5.345s] DEBUG:colcon.colcon_core.shell:Skip shell extension 'dsv' for command environment
[5.355s] Level 1:colcon.colcon_core.environment:checking '/home/etdisc/Bureau/codef1tenth/src/install/Simple_algo' for CMake module files
[5.356s] DEBUG:colcon.colcon_core.event_handler.log_command:Invoked command in '/home/etdisc/Bureau/codef1tenth/src/Simple_algo' returned '0': PYTHONPATH=/home/etdisc/Bureau/codef1tenth/src/build/Simple_algo/prefix_override:/usr/lib/python3/dist-packages/colcon_core/task/python/colcon_distutils_commands:/home/etdisc/Bureau/codef1tenth/src/install/Simple_algo/lib/python3.8/site-packages:${PYTHONPATH} /usr/bin/python3 -W ignore:setup.py install is deprecated -W ignore:easy_install command is deprecated setup.py egg_info --egg-base ../build/Simple_algo build --build-base /home/etdisc/Bureau/codef1tenth/src/build/Simple_algo/build install --record /home/etdisc/Bureau/codef1tenth/src/build/Simple_algo/install.log --single-version-externally-managed install_data
[5.357s] Level 1:colcon.colcon_core.environment:checking '/home/etdisc/Bureau/codef1tenth/src/install/Simple_algo' for CMake config files
[5.358s] Level 1:colcon.colcon_core.environment:checking '/home/etdisc/Bureau/codef1tenth/src/install/Simple_algo/lib'
[5.358s] Level 1:colcon.colcon_core.environment:checking '/home/etdisc/Bureau/codef1tenth/src/install/Simple_algo/bin'
[5.358s] Level 1:colcon.colcon_core.environment:checking '/home/etdisc/Bureau/codef1tenth/src/install/Simple_algo/lib/pkgconfig/Simple_algo.pc'
[5.359s] Level 1:colcon.colcon_core.environment:checking '/home/etdisc/Bureau/codef1tenth/src/install/Simple_algo/lib/python3.8/site-packages'
[5.359s] Level 1:colcon.colcon_core.shell:create_environment_hook('Simple_algo', 'pythonpath')
[5.359s] INFO:colcon.colcon_core.shell:Creating environment hook '/home/etdisc/Bureau/codef1tenth/src/install/Simple_algo/share/Simple_algo/hook/pythonpath.ps1'
[5.360s] INFO:colcon.colcon_core.shell:Creating environment descriptor '/home/etdisc/Bureau/codef1tenth/src/install/Simple_algo/share/Simple_algo/hook/pythonpath.dsv'
[5.362s] INFO:colcon.colcon_core.shell:Creating environment hook '/home/etdisc/Bureau/codef1tenth/src/install/Simple_algo/share/Simple_algo/hook/pythonpath.sh'
[5.363s] Level 1:colcon.colcon_core.environment:checking '/home/etdisc/Bureau/codef1tenth/src/install/Simple_algo/bin'
[5.363s] Level 1:colcon.colcon_core.environment:create_environment_scripts_only(Simple_algo)
[5.364s] INFO:colcon.colcon_core.shell:Creating package script '/home/etdisc/Bureau/codef1tenth/src/install/Simple_algo/share/Simple_algo/package.ps1'
[5.365s] INFO:colcon.colcon_core.shell:Creating package descriptor '/home/etdisc/Bureau/codef1tenth/src/install/Simple_algo/share/Simple_algo/package.dsv'
[5.366s] INFO:colcon.colcon_core.shell:Creating package script '/home/etdisc/Bureau/codef1tenth/src/install/Simple_algo/share/Simple_algo/package.sh'
[5.367s] INFO:colcon.colcon_core.shell:Creating package script '/home/etdisc/Bureau/codef1tenth/src/install/Simple_algo/share/Simple_algo/package.bash'
[5.368s] INFO:colcon.colcon_core.shell:Creating package script '/home/etdisc/Bureau/codef1tenth/src/install/Simple_algo/share/Simple_algo/package.zsh'
[5.379s] Level 1:colcon.colcon_core.environment:create_file_with_runtime_dependencies(/home/etdisc/Bureau/codef1tenth/src/install/Simple_algo/share/colcon-core/packages/Simple_algo)
[5.381s] Level 1:colcon.colcon_core.environment:checking '/home/etdisc/Bureau/codef1tenth/src/install/f1tenth_gym_ros' for CMake module files
[5.383s] Level 1:colcon.colcon_core.environment:checking '/home/etdisc/Bureau/codef1tenth/src/install/f1tenth_gym_ros' for CMake config files
[5.384s] Level 1:colcon.colcon_core.environment:checking '/home/etdisc/Bureau/codef1tenth/src/install/f1tenth_gym_ros/lib'
[5.385s] DEBUG:colcon.colcon_core.event_handler.log_command:Invoked command in '/home/etdisc/Bureau/codef1tenth/src/f1tenth_gym_ros' returned '0': PYTHONPATH=/home/etdisc/Bureau/codef1tenth/src/build/f1tenth_gym_ros/prefix_override:/usr/lib/python3/dist-packages/colcon_core/task/python/colcon_distutils_commands:/home/etdisc/Bureau/codef1tenth/src/install/f1tenth_gym_ros/lib/python3.8/site-packages:${PYTHONPATH} /usr/bin/python3 -W ignore:setup.py install is deprecated -W ignore:easy_install command is deprecated setup.py egg_info --egg-base ../build/f1tenth_gym_ros build --build-base /home/etdisc/Bureau/codef1tenth/src/build/f1tenth_gym_ros/build install --record /home/etdisc/Bureau/codef1tenth/src/build/f1tenth_gym_ros/install.log --install-scripts $base/lib/f1tenth_gym_ros --single-version-externally-managed install_data
[5.385s] Level 1:colcon.colcon_core.environment:checking '/home/etdisc/Bureau/codef1tenth/src/install/f1tenth_gym_ros/bin'
[5.385s] Level 1:colcon.colcon_core.environment:checking '/home/etdisc/Bureau/codef1tenth/src/install/f1tenth_gym_ros/lib/pkgconfig/f1tenth_gym_ros.pc'
[5.385s] Level 1:colcon.colcon_core.environment:checking '/home/etdisc/Bureau/codef1tenth/src/install/f1tenth_gym_ros/lib/python3.8/site-packages'
[5.385s] Level 1:colcon.colcon_core.shell:create_environment_hook('f1tenth_gym_ros', 'pythonpath')
[5.386s] INFO:colcon.colcon_core.shell:Creating environment hook '/home/etdisc/Bureau/codef1tenth/src/install/f1tenth_gym_ros/share/f1tenth_gym_ros/hook/pythonpath.ps1'
[5.387s] INFO:colcon.colcon_core.shell:Creating environment descriptor '/home/etdisc/Bureau/codef1tenth/src/install/f1tenth_gym_ros/share/f1tenth_gym_ros/hook/pythonpath.dsv'
[5.388s] INFO:colcon.colcon_core.shell:Creating environment hook '/home/etdisc/Bureau/codef1tenth/src/install/f1tenth_gym_ros/share/f1tenth_gym_ros/hook/pythonpath.sh'
[5.390s] Level 1:colcon.colcon_core.environment:checking '/home/etdisc/Bureau/codef1tenth/src/install/f1tenth_gym_ros/bin'
[5.391s] Level 1:colcon.colcon_core.environment:create_environment_scripts_only(f1tenth_gym_ros)
[5.391s] INFO:colcon.colcon_core.shell:Creating package script '/home/etdisc/Bureau/codef1tenth/src/install/f1tenth_gym_ros/share/f1tenth_gym_ros/package.ps1'
[5.392s] INFO:colcon.colcon_core.shell:Creating package descriptor '/home/etdisc/Bureau/codef1tenth/src/install/f1tenth_gym_ros/share/f1tenth_gym_ros/package.dsv'
[5.394s] INFO:colcon.colcon_core.shell:Creating package script '/home/etdisc/Bureau/codef1tenth/src/install/f1tenth_gym_ros/share/f1tenth_gym_ros/package.sh'
[5.396s] INFO:colcon.colcon_core.shell:Creating package script '/home/etdisc/Bureau/codef1tenth/src/install/f1tenth_gym_ros/share/f1tenth_gym_ros/package.bash'
[5.398s] INFO:colcon.colcon_core.shell:Creating package script '/home/etdisc/Bureau/codef1tenth/src/install/f1tenth_gym_ros/share/f1tenth_gym_ros/package.zsh'
[5.400s] Level 1:colcon.colcon_core.environment:create_file_with_runtime_dependencies(/home/etdisc/Bureau/codef1tenth/src/install/f1tenth_gym_ros/share/colcon-core/packages/f1tenth_gym_ros)
[5.416s] Level 1:colcon.colcon_core.environment:checking '/home/etdisc/Bureau/codef1tenth/src/install/strategy' for CMake module files
[5.418s] DEBUG:colcon.colcon_core.event_handler.log_command:Invoked command in '/home/etdisc/Bureau/codef1tenth/src/strategy' returned '0': PYTHONPATH=/home/etdisc/Bureau/codef1tenth/src/build/strategy/prefix_override:/usr/lib/python3/dist-packages/colcon_core/task/python/colcon_distutils_commands:/home/etdisc/Bureau/codef1tenth/src/install/strategy/lib/python3.8/site-packages:${PYTHONPATH} /usr/bin/python3 -W ignore:setup.py install is deprecated -W ignore:easy_install command is deprecated setup.py egg_info --egg-base ../build/strategy build --build-base /home/etdisc/Bureau/codef1tenth/src/build/strategy/build install --record /home/etdisc/Bureau/codef1tenth/src/build/strategy/install.log --single-version-externally-managed install_data
[5.419s] Level 1:colcon.colcon_core.environment:checking '/home/etdisc/Bureau/codef1tenth/src/install/strategy' for CMake config files
[5.421s] Level 1:colcon.colcon_core.environment:checking '/home/etdisc/Bureau/codef1tenth/src/install/strategy/lib'
[5.422s] Level 1:colcon.colcon_core.environment:checking '/home/etdisc/Bureau/codef1tenth/src/install/strategy/bin'
[5.422s] Level 1:colcon.colcon_core.environment:checking '/home/etdisc/Bureau/codef1tenth/src/install/strategy/lib/pkgconfig/strategy.pc'
[5.422s] Level 1:colcon.colcon_core.environment:checking '/home/etdisc/Bureau/codef1tenth/src/install/strategy/lib/python3.8/site-packages'
[5.423s] Level 1:colcon.colcon_core.shell:create_environment_hook('strategy', 'pythonpath')
[5.424s] INFO:colcon.colcon_core.shell:Creating environment hook '/home/etdisc/Bureau/codef1tenth/src/install/strategy/share/strategy/hook/pythonpath.ps1'
[5.426s] INFO:colcon.colcon_core.shell:Creating environment descriptor '/home/etdisc/Bureau/codef1tenth/src/install/strategy/share/strategy/hook/pythonpath.dsv'
[5.428s] INFO:colcon.colcon_core.shell:Creating environment hook '/home/etdisc/Bureau/codef1tenth/src/install/strategy/share/strategy/hook/pythonpath.sh'
[5.429s] Level 1:colcon.colcon_core.environment:checking '/home/etdisc/Bureau/codef1tenth/src/install/strategy/bin'
[5.430s] Level 1:colcon.colcon_core.environment:create_environment_scripts_only(strategy)
[5.430s] INFO:colcon.colcon_core.shell:Creating package script '/home/etdisc/Bureau/codef1tenth/src/install/strategy/share/strategy/package.ps1'
[5.432s] INFO:colcon.colcon_core.shell:Creating package descriptor '/home/etdisc/Bureau/codef1tenth/src/install/strategy/share/strategy/package.dsv'
[5.434s] INFO:colcon.colcon_core.shell:Creating package script '/home/etdisc/Bureau/codef1tenth/src/install/strategy/share/strategy/package.sh'
[5.436s] INFO:colcon.colcon_core.shell:Creating package script '/home/etdisc/Bureau/codef1tenth/src/install/strategy/share/strategy/package.bash'
[5.438s] INFO:colcon.colcon_core.shell:Creating package script '/home/etdisc/Bureau/codef1tenth/src/install/strategy/share/strategy/package.zsh'
[5.439s] Level 1:colcon.colcon_core.environment:create_file_with_runtime_dependencies(/home/etdisc/Bureau/codef1tenth/src/install/strategy/share/colcon-core/packages/strategy)
[5.905s] DEBUG:colcon.colcon_core.event_handler.log_command:Invoking command in '/home/etdisc/Bureau/codef1tenth/src/timer': PYTHONPATH=/home/etdisc/Bureau/codef1tenth/src/build/timer/prefix_override:/usr/lib/python3/dist-packages/colcon_core/task/python/colcon_distutils_commands:/home/etdisc/Bureau/codef1tenth/src/install/timer/lib/python3.8/site-packages:${PYTHONPATH} /usr/bin/python3 -W ignore:setup.py install is deprecated -W ignore:easy_install command is deprecated setup.py egg_info --egg-base ../build/timer build --build-base /home/etdisc/Bureau/codef1tenth/src/build/timer/build install --record /home/etdisc/Bureau/codef1tenth/src/build/timer/install.log --single-version-externally-managed install_data
[6.256s] Level 1:colcon.colcon_core.environment:checking '/home/etdisc/Bureau/codef1tenth/src/install/timer' for CMake module files
[6.258s] DEBUG:colcon.colcon_core.event_handler.log_command:Invoked command in '/home/etdisc/Bureau/codef1tenth/src/timer' returned '0': PYTHONPATH=/home/etdisc/Bureau/codef1tenth/src/build/timer/prefix_override:/usr/lib/python3/dist-packages/colcon_core/task/python/colcon_distutils_commands:/home/etdisc/Bureau/codef1tenth/src/install/timer/lib/python3.8/site-packages:${PYTHONPATH} /usr/bin/python3 -W ignore:setup.py install is deprecated -W ignore:easy_install command is deprecated setup.py egg_info --egg-base ../build/timer build --build-base /home/etdisc/Bureau/codef1tenth/src/build/timer/build install --record /home/etdisc/Bureau/codef1tenth/src/build/timer/install.log --single-version-externally-managed install_data
[6.258s] Level 1:colcon.colcon_core.environment:checking '/home/etdisc/Bureau/codef1tenth/src/install/timer' for CMake config files
[6.259s] Level 1:colcon.colcon_core.environment:checking '/home/etdisc/Bureau/codef1tenth/src/install/timer/lib'
[6.259s] Level 1:colcon.colcon_core.environment:checking '/home/etdisc/Bureau/codef1tenth/src/install/timer/bin'
[6.259s] Level 1:colcon.colcon_core.environment:checking '/home/etdisc/Bureau/codef1tenth/src/install/timer/lib/pkgconfig/timer.pc'
[6.259s] Level 1:colcon.colcon_core.environment:checking '/home/etdisc/Bureau/codef1tenth/src/install/timer/lib/python3.8/site-packages'
[6.259s] Level 1:colcon.colcon_core.shell:create_environment_hook('timer', 'pythonpath')
[6.259s] INFO:colcon.colcon_core.shell:Creating environment hook '/home/etdisc/Bureau/codef1tenth/src/install/timer/share/timer/hook/pythonpath.ps1'
[6.261s] INFO:colcon.colcon_core.shell:Creating environment descriptor '/home/etdisc/Bureau/codef1tenth/src/install/timer/share/timer/hook/pythonpath.dsv'
[6.263s] INFO:colcon.colcon_core.shell:Creating environment hook '/home/etdisc/Bureau/codef1tenth/src/install/timer/share/timer/hook/pythonpath.sh'
[6.265s] Level 1:colcon.colcon_core.environment:checking '/home/etdisc/Bureau/codef1tenth/src/install/timer/bin'
[6.265s] Level 1:colcon.colcon_core.environment:create_environment_scripts_only(timer)
[6.266s] INFO:colcon.colcon_core.shell:Creating package script '/home/etdisc/Bureau/codef1tenth/src/install/timer/share/timer/package.ps1'
[6.267s] INFO:colcon.colcon_core.shell:Creating package descriptor '/home/etdisc/Bureau/codef1tenth/src/install/timer/share/timer/package.dsv'
[6.268s] INFO:colcon.colcon_core.shell:Creating package script '/home/etdisc/Bureau/codef1tenth/src/install/timer/share/timer/package.sh'
[6.270s] INFO:colcon.colcon_core.shell:Creating package script '/home/etdisc/Bureau/codef1tenth/src/install/timer/share/timer/package.bash'
[6.271s] INFO:colcon.colcon_core.shell:Creating package script '/home/etdisc/Bureau/codef1tenth/src/install/timer/share/timer/package.zsh'
[6.272s] Level 1:colcon.colcon_core.environment:create_file_with_runtime_dependencies(/home/etdisc/Bureau/codef1tenth/src/install/timer/share/colcon-core/packages/timer)
[6.274s] DEBUG:colcon.colcon_parallel_executor.executor.parallel:closing loop
[6.274s] DEBUG:colcon.colcon_parallel_executor.executor.parallel:loop closed
[6.275s] DEBUG:colcon.colcon_parallel_executor.executor.parallel:run_until_complete finished with '0'
[6.275s] DEBUG:colcon.colcon_core.event_reactor:joining thread
[6.286s] INFO:colcon.colcon_core.plugin_system:Skipping extension 'colcon_notification.desktop_notification.terminal_notifier': Not used on non-Darwin systems
[6.286s] INFO:colcon.colcon_core.plugin_system:Skipping extension 'colcon_notification.desktop_notification.win32': Not used on non-Windows systems
[6.286s] INFO:colcon.colcon_notification.desktop_notification:Sending desktop notification using 'notify2'
[6.311s] DEBUG:colcon.colcon_core.event_reactor:joined thread
[6.311s] INFO:colcon.colcon_core.shell:Creating prefix script '/home/etdisc/Bureau/codef1tenth/src/install/local_setup.ps1'
[6.313s] INFO:colcon.colcon_core.shell:Creating prefix util module '/home/etdisc/Bureau/codef1tenth/src/install/_local_setup_util_ps1.py'
[6.316s] INFO:colcon.colcon_core.shell:Creating prefix chain script '/home/etdisc/Bureau/codef1tenth/src/install/setup.ps1'
[6.320s] INFO:colcon.colcon_core.shell:Creating prefix script '/home/etdisc/Bureau/codef1tenth/src/install/local_setup.sh'
[6.323s] INFO:colcon.colcon_core.shell:Creating prefix util module '/home/etdisc/Bureau/codef1tenth/src/install/_local_setup_util_sh.py'
[6.325s] INFO:colcon.colcon_core.shell:Creating prefix chain script '/home/etdisc/Bureau/codef1tenth/src/install/setup.sh'
[6.327s] INFO:colcon.colcon_core.shell:Creating prefix script '/home/etdisc/Bureau/codef1tenth/src/install/local_setup.bash'
[6.329s] INFO:colcon.colcon_core.shell:Creating prefix chain script '/home/etdisc/Bureau/codef1tenth/src/install/setup.bash'
[6.332s] INFO:colcon.colcon_core.shell:Creating prefix script '/home/etdisc/Bureau/codef1tenth/src/install/local_setup.zsh'
[6.333s] INFO:colcon.colcon_core.shell:Creating prefix chain script '/home/etdisc/Bureau/codef1tenth/src/install/setup.zsh'
