[4.287s] Invoking command in '/home/etdisc/Bureau/codef1tenth/src/AEB': PYTHONPATH=/home/etdisc/Bureau/codef1tenth/build/AEB/prefix_override:/usr/lib/python3/dist-packages/colcon_core/task/python/colcon_distutils_commands:/home/etdisc/Bureau/codef1tenth/install/AEB/lib/python3.8/site-packages:${PYTHONPATH} /usr/bin/python3 -W ignore:setup.py install is deprecated -W ignore:easy_install command is deprecated setup.py egg_info --egg-base ../../build/AEB build --build-base /home/etdisc/Bureau/codef1tenth/build/AEB/build install --record /home/etdisc/Bureau/codef1tenth/build/AEB/install.log --single-version-externally-managed install_data
[5.009s] running egg_info
[5.012s] writing ../../build/AEB/AEB.egg-info/PKG-INFO
[5.012s] writing dependency_links to ../../build/AEB/AEB.egg-info/dependency_links.txt
[5.013s] writing entry points to ../../build/AEB/AEB.egg-info/entry_points.txt
[5.019s] writing requirements to ../../build/AEB/AEB.egg-info/requires.txt
[5.019s] writing top-level names to ../../build/AEB/AEB.egg-info/top_level.txt
[5.104s] reading manifest file '../../build/AEB/AEB.egg-info/SOURCES.txt'
[5.111s] writing manifest file '../../build/AEB/AEB.egg-info/SOURCES.txt'
[5.112s] running build
[5.112s] running build_py
[5.114s] running install
[5.117s] running install_lib
[5.125s] running install_data
[5.128s] running install_egg_info
[5.132s] removing '/home/etdisc/Bureau/codef1tenth/install/AEB/lib/python3.8/site-packages/AEB-0.0.0-py3.8.egg-info' (and everything under it)
[5.132s] Copying ../../build/AEB/AEB.egg-info to /home/etdisc/Bureau/codef1tenth/install/AEB/lib/python3.8/site-packages/AEB-0.0.0-py3.8.egg-info
[5.134s] running install_scripts
[5.172s] Installing AEB script to /home/etdisc/Bureau/codef1tenth/install/AEB/lib/AEB
[5.185s] Installing aeb2 script to /home/etdisc/Bureau/codef1tenth/install/AEB/lib/AEB
[5.187s] Installing multiplexer script to /home/etdisc/Bureau/codef1tenth/install/AEB/lib/AEB
[5.189s] writing list of installed files to '/home/etdisc/Bureau/codef1tenth/build/AEB/install.log'
[5.904s] Invoked command in '/home/etdisc/Bureau/codef1tenth/src/AEB' returned '0': PYTHONPATH=/home/etdisc/Bureau/codef1tenth/build/AEB/prefix_override:/usr/lib/python3/dist-packages/colcon_core/task/python/colcon_distutils_commands:/home/etdisc/Bureau/codef1tenth/install/AEB/lib/python3.8/site-packages:${PYTHONPATH} /usr/bin/python3 -W ignore:setup.py install is deprecated -W ignore:easy_install command is deprecated setup.py egg_info --egg-base ../../build/AEB build --build-base /home/etdisc/Bureau/codef1tenth/build/AEB/build install --record /home/etdisc/Bureau/codef1tenth/build/AEB/install.log --single-version-externally-managed install_data
