[4.088s] Invoking command in '/home/etdisc/Bureau/codef1tenth/src/AEB': PYTHONPATH=/home/etdisc/Bureau/codef1tenth/src/build/AEB/prefix_override:/usr/lib/python3/dist-packages/colcon_core/task/python/colcon_distutils_commands:/home/etdisc/Bureau/codef1tenth/src/install/AEB/lib/python3.8/site-packages:${PYTHONPATH} /usr/bin/python3 -W ignore:setup.py install is deprecated -W ignore:easy_install command is deprecated setup.py egg_info --egg-base ../build/AEB build --build-base /home/etdisc/Bureau/codef1tenth/src/build/AEB/build install --record /home/etdisc/Bureau/codef1tenth/src/build/AEB/install.log --single-version-externally-managed install_data
[4.677s] running egg_info
[4.678s] creating ../build/AEB/AEB.egg-info
[4.678s] writing ../build/AEB/AEB.egg-info/PKG-INFO
[4.678s] writing dependency_links to ../build/AEB/AEB.egg-info/dependency_links.txt
[4.679s] writing entry points to ../build/AEB/AEB.egg-info/entry_points.txt
[4.679s] writing requirements to ../build/AEB/AEB.egg-info/requires.txt
[4.679s] writing top-level names to ../build/AEB/AEB.egg-info/top_level.txt
[4.683s] writing manifest file '../build/AEB/AEB.egg-info/SOURCES.txt'
[4.749s] reading manifest file '../build/AEB/AEB.egg-info/SOURCES.txt'
[4.752s] writing manifest file '../build/AEB/AEB.egg-info/SOURCES.txt'
[4.752s] running build
[4.752s] running build_py
[4.753s] creating /home/etdisc/Bureau/codef1tenth/src/build/AEB/build
[4.753s] creating /home/etdisc/Bureau/codef1tenth/src/build/AEB/build/lib
[4.754s] creating /home/etdisc/Bureau/codef1tenth/src/build/AEB/build/lib/AEB
[4.754s] copying AEB/aeb2.py -> /home/etdisc/Bureau/codef1tenth/src/build/AEB/build/lib/AEB
[4.755s] copying AEB/multiplexer.py -> /home/etdisc/Bureau/codef1tenth/src/build/AEB/build/lib/AEB
[4.755s] copying AEB/__init__.py -> /home/etdisc/Bureau/codef1tenth/src/build/AEB/build/lib/AEB
[4.755s] copying AEB/AEB.py -> /home/etdisc/Bureau/codef1tenth/src/build/AEB/build/lib/AEB
[4.756s] running install
[4.757s] running install_lib
[4.760s] creating /home/etdisc/Bureau/codef1tenth/src/install/AEB/lib/python3.8/site-packages/AEB
[4.760s] copying /home/etdisc/Bureau/codef1tenth/src/build/AEB/build/lib/AEB/aeb2.py -> /home/etdisc/Bureau/codef1tenth/src/install/AEB/lib/python3.8/site-packages/AEB
[4.761s] copying /home/etdisc/Bureau/codef1tenth/src/build/AEB/build/lib/AEB/multiplexer.py -> /home/etdisc/Bureau/codef1tenth/src/install/AEB/lib/python3.8/site-packages/AEB
[4.761s] copying /home/etdisc/Bureau/codef1tenth/src/build/AEB/build/lib/AEB/__init__.py -> /home/etdisc/Bureau/codef1tenth/src/install/AEB/lib/python3.8/site-packages/AEB
[4.761s] copying /home/etdisc/Bureau/codef1tenth/src/build/AEB/build/lib/AEB/AEB.py -> /home/etdisc/Bureau/codef1tenth/src/install/AEB/lib/python3.8/site-packages/AEB
[4.762s] byte-compiling /home/etdisc/Bureau/codef1tenth/src/install/AEB/lib/python3.8/site-packages/AEB/aeb2.py to aeb2.cpython-38.pyc
[4.767s] byte-compiling /home/etdisc/Bureau/codef1tenth/src/install/AEB/lib/python3.8/site-packages/AEB/multiplexer.py to multiplexer.cpython-38.pyc
[4.768s] byte-compiling /home/etdisc/Bureau/codef1tenth/src/install/AEB/lib/python3.8/site-packages/AEB/__init__.py to __init__.cpython-38.pyc
[4.768s] byte-compiling /home/etdisc/Bureau/codef1tenth/src/install/AEB/lib/python3.8/site-packages/AEB/AEB.py to AEB.cpython-38.pyc
[4.770s] running install_data
[4.770s] creating /home/etdisc/Bureau/codef1tenth/src/install/AEB/share/ament_index
[4.771s] creating /home/etdisc/Bureau/codef1tenth/src/install/AEB/share/ament_index/resource_index
[4.772s] creating /home/etdisc/Bureau/codef1tenth/src/install/AEB/share/ament_index/resource_index/packages
[4.772s] copying resource/AEB -> /home/etdisc/Bureau/codef1tenth/src/install/AEB/share/ament_index/resource_index/packages
[4.773s] copying package.xml -> /home/etdisc/Bureau/codef1tenth/src/install/AEB/share/AEB
[4.773s] creating /home/etdisc/Bureau/codef1tenth/src/install/AEB/share/AEB/launch
[4.773s] copying launch/safe_disparity_extender.py -> /home/etdisc/Bureau/codef1tenth/src/install/AEB/share/AEB/launch
[4.774s] creating /home/etdisc/Bureau/codef1tenth/src/install/AEB/share/AEB/config
[4.775s] copying config/simulation.yaml -> /home/etdisc/Bureau/codef1tenth/src/install/AEB/share/AEB/config
[4.785s] copying config/real.yaml -> /home/etdisc/Bureau/codef1tenth/src/install/AEB/share/AEB/config
[4.786s] running install_egg_info
[4.794s] Copying ../build/AEB/AEB.egg-info to /home/etdisc/Bureau/codef1tenth/src/install/AEB/lib/python3.8/site-packages/AEB-0.0.0-py3.8.egg-info
[4.794s] running install_scripts
[4.826s] Installing AEB script to /home/etdisc/Bureau/codef1tenth/src/install/AEB/lib/AEB
[4.827s] Installing aeb2 script to /home/etdisc/Bureau/codef1tenth/src/install/AEB/lib/AEB
[4.827s] Installing multiplexer script to /home/etdisc/Bureau/codef1tenth/src/install/AEB/lib/AEB
[4.827s] writing list of installed files to '/home/etdisc/Bureau/codef1tenth/src/build/AEB/install.log'
[4.897s] Invoked command in '/home/etdisc/Bureau/codef1tenth/src/AEB' returned '0': PYTHONPATH=/home/etdisc/Bureau/codef1tenth/src/build/AEB/prefix_override:/usr/lib/python3/dist-packages/colcon_core/task/python/colcon_distutils_commands:/home/etdisc/Bureau/codef1tenth/src/install/AEB/lib/python3.8/site-packages:${PYTHONPATH} /usr/bin/python3 -W ignore:setup.py install is deprecated -W ignore:easy_install command is deprecated setup.py egg_info --egg-base ../build/AEB build --build-base /home/etdisc/Bureau/codef1tenth/src/build/AEB/build install --record /home/etdisc/Bureau/codef1tenth/src/build/AEB/install.log --single-version-externally-managed install_data
