[4.229s] Invoking command in '/home/etdisc/Bureau/codef1tenth/src/Mapping': PYTHONPATH=/home/etdisc/Bureau/codef1tenth/build/Mapping/prefix_override:/usr/lib/python3/dist-packages/colcon_core/task/python/colcon_distutils_commands:/home/etdisc/Bureau/codef1tenth/install/Mapping/lib/python3.8/site-packages:${PYTHONPATH} /usr/bin/python3 -W ignore:setup.py install is deprecated -W ignore:easy_install command is deprecated setup.py egg_info --egg-base ../../build/Mapping build --build-base /home/etdisc/Bureau/codef1tenth/build/Mapping/build install --record /home/etdisc/Bureau/codef1tenth/build/Mapping/install.log --single-version-externally-managed install_data
[4.914s] running egg_info
[4.929s] writing ../../build/Mapping/Mapping.egg-info/PKG-INFO
[4.929s] writing dependency_links to ../../build/Mapping/Mapping.egg-info/dependency_links.txt
[4.929s] writing entry points to ../../build/Mapping/Mapping.egg-info/entry_points.txt
[4.929s] writing requirements to ../../build/Mapping/Mapping.egg-info/requires.txt
[4.929s] writing top-level names to ../../build/Mapping/Mapping.egg-info/top_level.txt
[5.013s] reading manifest file '../../build/Mapping/Mapping.egg-info/SOURCES.txt'
[5.013s] writing manifest file '../../build/Mapping/Mapping.egg-info/SOURCES.txt'
[5.014s] running build
[5.014s] running build_py
[5.015s] running install
[5.017s] running install_lib
[5.024s] running install_data
[5.024s] running install_egg_info
[5.026s] removing '/home/etdisc/Bureau/codef1tenth/install/Mapping/lib/python3.8/site-packages/Mapping-0.0.0-py3.8.egg-info' (and everything under it)
[5.026s] Copying ../../build/Mapping/Mapping.egg-info to /home/etdisc/Bureau/codef1tenth/install/Mapping/lib/python3.8/site-packages/Mapping-0.0.0-py3.8.egg-info
[5.027s] running install_scripts
[5.065s] Installing centerline_extraction script to /home/etdisc/Bureau/codef1tenth/install/Mapping/lib/Mapping
[5.065s] Installing custom_slam script to /home/etdisc/Bureau/codef1tenth/install/Mapping/lib/Mapping
[5.066s] Installing occupancy_grid script to /home/etdisc/Bureau/codef1tenth/install/Mapping/lib/Mapping
[5.066s] Installing pose_listener script to /home/etdisc/Bureau/codef1tenth/install/Mapping/lib/Mapping
[5.067s] Installing scan_filter script to /home/etdisc/Bureau/codef1tenth/install/Mapping/lib/Mapping
[5.067s] Installing virtual_imu script to /home/etdisc/Bureau/codef1tenth/install/Mapping/lib/Mapping
[5.068s] writing list of installed files to '/home/etdisc/Bureau/codef1tenth/build/Mapping/install.log'
[5.132s] Invoked command in '/home/etdisc/Bureau/codef1tenth/src/Mapping' returned '0': PYTHONPATH=/home/etdisc/Bureau/codef1tenth/build/Mapping/prefix_override:/usr/lib/python3/dist-packages/colcon_core/task/python/colcon_distutils_commands:/home/etdisc/Bureau/codef1tenth/install/Mapping/lib/python3.8/site-packages:${PYTHONPATH} /usr/bin/python3 -W ignore:setup.py install is deprecated -W ignore:easy_install command is deprecated setup.py egg_info --egg-base ../../build/Mapping build --build-base /home/etdisc/Bureau/codef1tenth/build/Mapping/build install --record /home/etdisc/Bureau/codef1tenth/build/Mapping/install.log --single-version-externally-managed install_data
