[4.318s] Invoking command in '/home/etdisc/Bureau/codef1tenth/src/AEB': PYTHONPATH=/home/etdisc/Bureau/codef1tenth/build/AEB/prefix_override:/usr/lib/python3/dist-packages/colcon_core/task/python/colcon_distutils_commands:/home/etdisc/Bureau/codef1tenth/install/AEB/lib/python3.8/site-packages:${PYTHONPATH} /usr/bin/python3 -W ignore:setup.py install is deprecated -W ignore:easy_install command is deprecated setup.py egg_info --egg-base ../../build/AEB build --build-base /home/etdisc/Bureau/codef1tenth/build/AEB/build install --record /home/etdisc/Bureau/codef1tenth/build/AEB/install.log --single-version-externally-managed install_data
[5.360s] running egg_info
[5.362s] writing ../../build/AEB/AEB.egg-info/PKG-INFO
[5.368s] writing dependency_links to ../../build/AEB/AEB.egg-info/dependency_links.txt
[5.369s] writing entry points to ../../build/AEB/AEB.egg-info/entry_points.txt
[5.370s] writing requirements to ../../build/AEB/AEB.egg-info/requires.txt
[5.370s] writing top-level names to ../../build/AEB/AEB.egg-info/top_level.txt
[5.483s] reading manifest file '../../build/AEB/AEB.egg-info/SOURCES.txt'
[5.585s] writing manifest file '../../build/AEB/AEB.egg-info/SOURCES.txt'
[5.586s] running build
[5.597s] running build_py
[5.598s] running install
[5.598s] running install_lib
[5.606s] running install_data
[5.607s] running install_egg_info
[5.608s] removing '/home/etdisc/Bureau/codef1tenth/install/AEB/lib/python3.8/site-packages/AEB-0.0.0-py3.8.egg-info' (and everything under it)
[5.608s] Copying ../../build/AEB/AEB.egg-info to /home/etdisc/Bureau/codef1tenth/install/AEB/lib/python3.8/site-packages/AEB-0.0.0-py3.8.egg-info
[5.612s] running install_scripts
[5.696s] Installing AEB script to /home/etdisc/Bureau/codef1tenth/install/AEB/lib/AEB
[5.696s] Installing aeb2 script to /home/etdisc/Bureau/codef1tenth/install/AEB/lib/AEB
[5.696s] Installing multiplexer script to /home/etdisc/Bureau/codef1tenth/install/AEB/lib/AEB
[5.696s] writing list of installed files to '/home/etdisc/Bureau/codef1tenth/build/AEB/install.log'
[5.877s] Invoked command in '/home/etdisc/Bureau/codef1tenth/src/AEB' returned '0': PYTHONPATH=/home/etdisc/Bureau/codef1tenth/build/AEB/prefix_override:/usr/lib/python3/dist-packages/colcon_core/task/python/colcon_distutils_commands:/home/etdisc/Bureau/codef1tenth/install/AEB/lib/python3.8/site-packages:${PYTHONPATH} /usr/bin/python3 -W ignore:setup.py install is deprecated -W ignore:easy_install command is deprecated setup.py egg_info --egg-base ../../build/AEB build --build-base /home/etdisc/Bureau/codef1tenth/build/AEB/build install --record /home/etdisc/Bureau/codef1tenth/build/AEB/install.log --single-version-externally-managed install_data
