[4.728s] Invoking command in '/home/etdisc/Bureau/codef1tenth/src/Waypoints': PYTHONPATH=/home/etdisc/Bureau/codef1tenth/src/build/Waypoints/prefix_override:/usr/lib/python3/dist-packages/colcon_core/task/python/colcon_distutils_commands:/home/etdisc/Bureau/codef1tenth/src/install/Waypoints/lib/python3.8/site-packages:${PYTHONPATH} /usr/bin/python3 -W ignore:setup.py install is deprecated -W ignore:easy_install command is deprecated setup.py egg_info --egg-base ../build/Waypoints build --build-base /home/etdisc/Bureau/codef1tenth/src/build/Waypoints/build install --record /home/etdisc/Bureau/codef1tenth/src/build/Waypoints/install.log --single-version-externally-managed install_data
[5.559s] running egg_info
[5.560s] writing ../build/Waypoints/Waypoints.egg-info/PKG-INFO
[5.560s] writing dependency_links to ../build/Waypoints/Waypoints.egg-info/dependency_links.txt
[5.560s] writing entry points to ../build/Waypoints/Waypoints.egg-info/entry_points.txt
[5.571s] writing requirements to ../build/Waypoints/Waypoints.egg-info/requires.txt
[5.572s] writing top-level names to ../build/Waypoints/Waypoints.egg-info/top_level.txt
[5.652s] reading manifest file '../build/Waypoints/Waypoints.egg-info/SOURCES.txt'
[5.663s] writing manifest file '../build/Waypoints/Waypoints.egg-info/SOURCES.txt'
[5.663s] running build
[5.663s] running build_py
[5.663s] running install
[5.663s] running install_lib
[5.664s] running install_data
[5.664s] running install_egg_info
[5.669s] removing '/home/etdisc/Bureau/codef1tenth/src/install/Waypoints/lib/python3.8/site-packages/Waypoints-0.0.0-py3.8.egg-info' (and everything under it)
[5.670s] Copying ../build/Waypoints/Waypoints.egg-info to /home/etdisc/Bureau/codef1tenth/src/install/Waypoints/lib/python3.8/site-packages/Waypoints-0.0.0-py3.8.egg-info
[5.672s] running install_scripts
[5.735s] Installing pure_pursuit script to /home/etdisc/Bureau/codef1tenth/src/install/Waypoints/lib/Waypoints
[5.735s] Installing pure_pursuit2 script to /home/etdisc/Bureau/codef1tenth/src/install/Waypoints/lib/Waypoints
[5.736s] Installing waypoints_logger script to /home/etdisc/Bureau/codef1tenth/src/install/Waypoints/lib/Waypoints
[5.736s] writing list of installed files to '/home/etdisc/Bureau/codef1tenth/src/build/Waypoints/install.log'
[6.242s] Invoked command in '/home/etdisc/Bureau/codef1tenth/src/Waypoints' returned '0': PYTHONPATH=/home/etdisc/Bureau/codef1tenth/src/build/Waypoints/prefix_override:/usr/lib/python3/dist-packages/colcon_core/task/python/colcon_distutils_commands:/home/etdisc/Bureau/codef1tenth/src/install/Waypoints/lib/python3.8/site-packages:${PYTHONPATH} /usr/bin/python3 -W ignore:setup.py install is deprecated -W ignore:easy_install command is deprecated setup.py egg_info --egg-base ../build/Waypoints build --build-base /home/etdisc/Bureau/codef1tenth/src/build/Waypoints/build install --record /home/etdisc/Bureau/codef1tenth/src/build/Waypoints/install.log --single-version-externally-managed install_data
