running egg_info
writing ../../build/AEB/AEB.egg-info/PKG-INFO
writing dependency_links to ../../build/AEB/AEB.egg-info/dependency_links.txt
writing entry points to ../../build/AEB/AEB.egg-info/entry_points.txt
writing requirements to ../../build/AEB/AEB.egg-info/requires.txt
writing top-level names to ../../build/AEB/AEB.egg-info/top_level.txt
reading manifest file '../../build/AEB/AEB.egg-info/SOURCES.txt'
writing manifest file '../../build/AEB/AEB.egg-info/SOURCES.txt'
running build
running build_py
copying AEB/aeb2.py -> /home/etdisc/Bureau/codef1tenth/build/AEB/build/lib/AEB
copying AEB/multiplexer.py -> /home/etdisc/Bureau/codef1tenth/build/AEB/build/lib/AEB
copying AEB/__init__.py -> /home/etdisc/Bureau/codef1tenth/build/AEB/build/lib/AEB
copying AEB/AEB.py -> /home/etdisc/Bureau/codef1tenth/build/AEB/build/lib/AEB
running install
running install_lib
copying /home/etdisc/Bureau/codef1tenth/build/AEB/build/lib/AEB/aeb2.py -> /home/etdisc/Bureau/codef1tenth/install/AEB/lib/python3.8/site-packages/AEB
copying /home/etdisc/Bureau/codef1tenth/build/AEB/build/lib/AEB/multiplexer.py -> /home/etdisc/Bureau/codef1tenth/install/AEB/lib/python3.8/site-packages/AEB
copying /home/etdisc/Bureau/codef1tenth/build/AEB/build/lib/AEB/__init__.py -> /home/etdisc/Bureau/codef1tenth/install/AEB/lib/python3.8/site-packages/AEB
copying /home/etdisc/Bureau/codef1tenth/build/AEB/build/lib/AEB/AEB.py -> /home/etdisc/Bureau/codef1tenth/install/AEB/lib/python3.8/site-packages/AEB
byte-compiling /home/etdisc/Bureau/codef1tenth/install/AEB/lib/python3.8/site-packages/AEB/aeb2.py to aeb2.cpython-38.pyc
byte-compiling /home/etdisc/Bureau/codef1tenth/install/AEB/lib/python3.8/site-packages/AEB/multiplexer.py to multiplexer.cpython-38.pyc
byte-compiling /home/etdisc/Bureau/codef1tenth/install/AEB/lib/python3.8/site-packages/AEB/__init__.py to __init__.cpython-38.pyc
byte-compiling /home/etdisc/Bureau/codef1tenth/install/AEB/lib/python3.8/site-packages/AEB/AEB.py to AEB.cpython-38.pyc
running install_data
copying resource/AEB -> /home/etdisc/Bureau/codef1tenth/install/AEB/share/ament_index/resource_index/packages
copying package.xml -> /home/etdisc/Bureau/codef1tenth/install/AEB/share/AEB
copying launch/safe_disparity_extender.py -> /home/etdisc/Bureau/codef1tenth/install/AEB/share/AEB/launch
copying config/simulation.yaml -> /home/etdisc/Bureau/codef1tenth/install/AEB/share/AEB/config
copying config/real.yaml -> /home/etdisc/Bureau/codef1tenth/install/AEB/share/AEB/config
running install_egg_info
removing '/home/etdisc/Bureau/codef1tenth/install/AEB/lib/python3.8/site-packages/AEB-0.0.0-py3.8.egg-info' (and everything under it)
Copying ../../build/AEB/AEB.egg-info to /home/etdisc/Bureau/codef1tenth/install/AEB/lib/python3.8/site-packages/AEB-0.0.0-py3.8.egg-info
running install_scripts
Installing AEB script to /home/etdisc/Bureau/codef1tenth/install/AEB/lib/AEB
Installing aeb2 script to /home/etdisc/Bureau/codef1tenth/install/AEB/lib/AEB
Installing multiplexer script to /home/etdisc/Bureau/codef1tenth/install/AEB/lib/AEB
writing list of installed files to '/home/etdisc/Bureau/codef1tenth/build/AEB/install.log'
