[11.579s] Invoking command in '/home/etdisc/Bureau/codef1tenth/src/AEB': PYTHONPATH=/home/etdisc/Bureau/codef1tenth/build/AEB/prefix_override:/usr/lib/python3/dist-packages/colcon_core/task/python/colcon_distutils_commands:/home/etdisc/Bureau/codef1tenth/install/AEB/lib/python3.8/site-packages:${PYTHONPATH} /usr/bin/python3 -W ignore:setup.py install is deprecated -W ignore:easy_install command is deprecated setup.py egg_info --egg-base ../../build/AEB build --build-base /home/etdisc/Bureau/codef1tenth/build/AEB/build install --record /home/etdisc/Bureau/codef1tenth/build/AEB/install.log --single-version-externally-managed install_data
[12.901s] running egg_info
[12.904s] creating ../../build/AEB/AEB.egg-info
[12.904s] writing ../../build/AEB/AEB.egg-info/PKG-INFO
[12.906s] writing dependency_links to ../../build/AEB/AEB.egg-info/dependency_links.txt
[12.907s] writing entry points to ../../build/AEB/AEB.egg-info/entry_points.txt
[12.907s] writing requirements to ../../build/AEB/AEB.egg-info/requires.txt
[12.907s] writing top-level names to ../../build/AEB/AEB.egg-info/top_level.txt
[12.907s] writing manifest file '../../build/AEB/AEB.egg-info/SOURCES.txt'
[12.907s] reading manifest file '../../build/AEB/AEB.egg-info/SOURCES.txt'
[12.907s] writing manifest file '../../build/AEB/AEB.egg-info/SOURCES.txt'
[12.908s] running build
[12.908s] running build_py
[12.909s] creating /home/etdisc/Bureau/codef1tenth/build/AEB/build
[12.909s] creating /home/etdisc/Bureau/codef1tenth/build/AEB/build/lib
[12.909s] creating /home/etdisc/Bureau/codef1tenth/build/AEB/build/lib/AEB
[12.909s] copying AEB/aeb2.py -> /home/etdisc/Bureau/codef1tenth/build/AEB/build/lib/AEB
[12.909s] copying AEB/multiplexer.py -> /home/etdisc/Bureau/codef1tenth/build/AEB/build/lib/AEB
[12.909s] copying AEB/__init__.py -> /home/etdisc/Bureau/codef1tenth/build/AEB/build/lib/AEB
[12.910s] copying AEB/AEB.py -> /home/etdisc/Bureau/codef1tenth/build/AEB/build/lib/AEB
[12.910s] running install
[12.910s] running install_lib
[12.910s] creating /home/etdisc/Bureau/codef1tenth/install/AEB/lib/python3.8/site-packages/AEB
[12.910s] copying /home/etdisc/Bureau/codef1tenth/build/AEB/build/lib/AEB/aeb2.py -> /home/etdisc/Bureau/codef1tenth/install/AEB/lib/python3.8/site-packages/AEB
[12.910s] copying /home/etdisc/Bureau/codef1tenth/build/AEB/build/lib/AEB/multiplexer.py -> /home/etdisc/Bureau/codef1tenth/install/AEB/lib/python3.8/site-packages/AEB
[12.910s] copying /home/etdisc/Bureau/codef1tenth/build/AEB/build/lib/AEB/__init__.py -> /home/etdisc/Bureau/codef1tenth/install/AEB/lib/python3.8/site-packages/AEB
[12.911s] copying /home/etdisc/Bureau/codef1tenth/build/AEB/build/lib/AEB/AEB.py -> /home/etdisc/Bureau/codef1tenth/install/AEB/lib/python3.8/site-packages/AEB
[12.911s] byte-compiling /home/etdisc/Bureau/codef1tenth/install/AEB/lib/python3.8/site-packages/AEB/aeb2.py to aeb2.cpython-38.pyc
[12.911s] byte-compiling /home/etdisc/Bureau/codef1tenth/install/AEB/lib/python3.8/site-packages/AEB/multiplexer.py to multiplexer.cpython-38.pyc
[12.911s] byte-compiling /home/etdisc/Bureau/codef1tenth/install/AEB/lib/python3.8/site-packages/AEB/__init__.py to __init__.cpython-38.pyc
[12.911s] byte-compiling /home/etdisc/Bureau/codef1tenth/install/AEB/lib/python3.8/site-packages/AEB/AEB.py to AEB.cpython-38.pyc
[12.911s] running install_data
[12.912s] creating /home/etdisc/Bureau/codef1tenth/install/AEB/share/ament_index
[12.920s] creating /home/etdisc/Bureau/codef1tenth/install/AEB/share/ament_index/resource_index
[12.920s] creating /home/etdisc/Bureau/codef1tenth/install/AEB/share/ament_index/resource_index/packages
[12.921s] copying resource/AEB -> /home/etdisc/Bureau/codef1tenth/install/AEB/share/ament_index/resource_index/packages
[12.921s] copying package.xml -> /home/etdisc/Bureau/codef1tenth/install/AEB/share/AEB
[12.921s] creating /home/etdisc/Bureau/codef1tenth/install/AEB/share/AEB/launch
[12.921s] copying launch/safe_disparity_extender.py -> /home/etdisc/Bureau/codef1tenth/install/AEB/share/AEB/launch
[12.921s] creating /home/etdisc/Bureau/codef1tenth/install/AEB/share/AEB/config
[12.922s] copying config/simulation.yaml -> /home/etdisc/Bureau/codef1tenth/install/AEB/share/AEB/config
[12.922s] copying config/real.yaml -> /home/etdisc/Bureau/codef1tenth/install/AEB/share/AEB/config
[12.922s] running install_egg_info
[12.922s] Copying ../../build/AEB/AEB.egg-info to /home/etdisc/Bureau/codef1tenth/install/AEB/lib/python3.8/site-packages/AEB-0.0.0-py3.8.egg-info
[12.923s] running install_scripts
[12.923s] Installing AEB script to /home/etdisc/Bureau/codef1tenth/install/AEB/lib/AEB
[12.923s] Installing aeb2 script to /home/etdisc/Bureau/codef1tenth/install/AEB/lib/AEB
[12.923s] Installing multiplexer script to /home/etdisc/Bureau/codef1tenth/install/AEB/lib/AEB
[12.924s] writing list of installed files to '/home/etdisc/Bureau/codef1tenth/build/AEB/install.log'
[13.253s] Invoked command in '/home/etdisc/Bureau/codef1tenth/src/AEB' returned '0': PYTHONPATH=/home/etdisc/Bureau/codef1tenth/build/AEB/prefix_override:/usr/lib/python3/dist-packages/colcon_core/task/python/colcon_distutils_commands:/home/etdisc/Bureau/codef1tenth/install/AEB/lib/python3.8/site-packages:${PYTHONPATH} /usr/bin/python3 -W ignore:setup.py install is deprecated -W ignore:easy_install command is deprecated setup.py egg_info --egg-base ../../build/AEB build --build-base /home/etdisc/Bureau/codef1tenth/build/AEB/build install --record /home/etdisc/Bureau/codef1tenth/build/AEB/install.log --single-version-externally-managed install_data
