[14.364s] Invoking command in '/home/etdisc/Bureau/codef1tenth/src/Planif': PYTHONPATH=/home/etdisc/Bureau/codef1tenth/build/Planif/prefix_override:/usr/lib/python3/dist-packages/colcon_core/task/python/colcon_distutils_commands:/home/etdisc/Bureau/codef1tenth/install/Planif/lib/python3.8/site-packages:${PYTHONPATH} /usr/bin/python3 -W ignore:setup.py install is deprecated -W ignore:easy_install command is deprecated setup.py egg_info --egg-base ../../build/Planif build --build-base /home/etdisc/Bureau/codef1tenth/build/Planif/build install --record /home/etdisc/Bureau/codef1tenth/build/Planif/install.log --single-version-externally-managed install_data
[15.220s] running egg_info
[15.233s] writing ../../build/Planif/Planif.egg-info/PKG-INFO
[15.234s] writing dependency_links to ../../build/Planif/Planif.egg-info/dependency_links.txt
[15.234s] writing entry points to ../../build/Planif/Planif.egg-info/entry_points.txt
[15.237s] writing requirements to ../../build/Planif/Planif.egg-info/requires.txt
[15.238s] writing top-level names to ../../build/Planif/Planif.egg-info/top_level.txt
[15.330s] reading manifest file '../../build/Planif/Planif.egg-info/SOURCES.txt'
[15.334s] writing manifest file '../../build/Planif/Planif.egg-info/SOURCES.txt'
[15.342s] running build
[15.342s] running build_py
[15.342s] running install
[15.342s] running install_lib
[15.346s] running install_data
[15.347s] running install_egg_info
[15.353s] removing '/home/etdisc/Bureau/codef1tenth/install/Planif/lib/python3.8/site-packages/Planif-0.1.0-py3.8.egg-info' (and everything under it)
[15.371s] Copying ../../build/Planif/Planif.egg-info to /home/etdisc/Bureau/codef1tenth/install/Planif/lib/python3.8/site-packages/Planif-0.1.0-py3.8.egg-info
[15.376s] running install_scripts
[15.434s] Installing A_star script to /home/etdisc/Bureau/codef1tenth/install/Planif/lib/Planif
[15.439s] Installing A_star_SLAM script to /home/etdisc/Bureau/codef1tenth/install/Planif/lib/Planif
[15.442s] writing list of installed files to '/home/etdisc/Bureau/codef1tenth/build/Planif/install.log'
[15.520s] Invoked command in '/home/etdisc/Bureau/codef1tenth/src/Planif' returned '0': PYTHONPATH=/home/etdisc/Bureau/codef1tenth/build/Planif/prefix_override:/usr/lib/python3/dist-packages/colcon_core/task/python/colcon_distutils_commands:/home/etdisc/Bureau/codef1tenth/install/Planif/lib/python3.8/site-packages:${PYTHONPATH} /usr/bin/python3 -W ignore:setup.py install is deprecated -W ignore:easy_install command is deprecated setup.py egg_info --egg-base ../../build/Planif build --build-base /home/etdisc/Bureau/codef1tenth/build/Planif/build install --record /home/etdisc/Bureau/codef1tenth/build/Planif/install.log --single-version-externally-managed install_data
