[4.034s] Invoking command in '/home/etdisc/Bureau/codef1tenth/src/f1tenth_gym_ros': PYTHONPATH=/home/etdisc/Bureau/codef1tenth/src/build/f1tenth_gym_ros/prefix_override:/usr/lib/python3/dist-packages/colcon_core/task/python/colcon_distutils_commands:/home/etdisc/Bureau/codef1tenth/src/install/f1tenth_gym_ros/lib/python3.8/site-packages:${PYTHONPATH} /usr/bin/python3 -W ignore:setup.py install is deprecated -W ignore:easy_install command is deprecated setup.py egg_info --egg-base ../build/f1tenth_gym_ros build --build-base /home/etdisc/Bureau/codef1tenth/src/build/f1tenth_gym_ros/build install --record /home/etdisc/Bureau/codef1tenth/src/build/f1tenth_gym_ros/install.log --install-scripts $base/lib/f1tenth_gym_ros --single-version-externally-managed install_data
[4.723s] running egg_info
[4.724s] creating ../build/f1tenth_gym_ros/f1tenth_gym_ros.egg-info
[4.725s] writing ../build/f1tenth_gym_ros/f1tenth_gym_ros.egg-info/PKG-INFO
[4.729s] writing dependency_links to ../build/f1tenth_gym_ros/f1tenth_gym_ros.egg-info/dependency_links.txt
[4.729s] writing entry points to ../build/f1tenth_gym_ros/f1tenth_gym_ros.egg-info/entry_points.txt
[4.730s] writing requirements to ../build/f1tenth_gym_ros/f1tenth_gym_ros.egg-info/requires.txt
[4.730s] writing top-level names to ../build/f1tenth_gym_ros/f1tenth_gym_ros.egg-info/top_level.txt
[4.737s] writing manifest file '../build/f1tenth_gym_ros/f1tenth_gym_ros.egg-info/SOURCES.txt'
[4.839s] reading manifest file '../build/f1tenth_gym_ros/f1tenth_gym_ros.egg-info/SOURCES.txt'
[4.841s] writing manifest file '../build/f1tenth_gym_ros/f1tenth_gym_ros.egg-info/SOURCES.txt'
[4.844s] running build
[4.844s] running build_py
[4.844s] creating /home/etdisc/Bureau/codef1tenth/src/build/f1tenth_gym_ros/build
[4.845s] creating /home/etdisc/Bureau/codef1tenth/src/build/f1tenth_gym_ros/build/lib
[4.845s] creating /home/etdisc/Bureau/codef1tenth/src/build/f1tenth_gym_ros/build/lib/f1tenth_gym_ros
[4.845s] copying f1tenth_gym_ros/__init__.py -> /home/etdisc/Bureau/codef1tenth/src/build/f1tenth_gym_ros/build/lib/f1tenth_gym_ros
[4.845s] copying f1tenth_gym_ros/gym_bridge.py -> /home/etdisc/Bureau/codef1tenth/src/build/f1tenth_gym_ros/build/lib/f1tenth_gym_ros
[4.846s] running install
[4.846s] running install_lib
[4.849s] creating /home/etdisc/Bureau/codef1tenth/src/install/f1tenth_gym_ros/lib/python3.8/site-packages/f1tenth_gym_ros
[4.850s] copying /home/etdisc/Bureau/codef1tenth/src/build/f1tenth_gym_ros/build/lib/f1tenth_gym_ros/__init__.py -> /home/etdisc/Bureau/codef1tenth/src/install/f1tenth_gym_ros/lib/python3.8/site-packages/f1tenth_gym_ros
[4.850s] copying /home/etdisc/Bureau/codef1tenth/src/build/f1tenth_gym_ros/build/lib/f1tenth_gym_ros/gym_bridge.py -> /home/etdisc/Bureau/codef1tenth/src/install/f1tenth_gym_ros/lib/python3.8/site-packages/f1tenth_gym_ros
[4.852s] byte-compiling /home/etdisc/Bureau/codef1tenth/src/install/f1tenth_gym_ros/lib/python3.8/site-packages/f1tenth_gym_ros/__init__.py to __init__.cpython-38.pyc
[4.856s] byte-compiling /home/etdisc/Bureau/codef1tenth/src/install/f1tenth_gym_ros/lib/python3.8/site-packages/f1tenth_gym_ros/gym_bridge.py to gym_bridge.cpython-38.pyc
[4.860s] running install_data
[4.860s] creating /home/etdisc/Bureau/codef1tenth/src/install/f1tenth_gym_ros/share/ament_index
[4.860s] creating /home/etdisc/Bureau/codef1tenth/src/install/f1tenth_gym_ros/share/ament_index/resource_index
[4.860s] creating /home/etdisc/Bureau/codef1tenth/src/install/f1tenth_gym_ros/share/ament_index/resource_index/packages
[4.860s] copying resource/f1tenth_gym_ros -> /home/etdisc/Bureau/codef1tenth/src/install/f1tenth_gym_ros/share/ament_index/resource_index/packages
[4.861s] copying package.xml -> /home/etdisc/Bureau/codef1tenth/src/install/f1tenth_gym_ros/share/f1tenth_gym_ros
[4.862s] creating /home/etdisc/Bureau/codef1tenth/src/install/f1tenth_gym_ros/share/f1tenth_gym_ros/launch
[4.863s] copying launch/gym_bridge_launch.py -> /home/etdisc/Bureau/codef1tenth/src/install/f1tenth_gym_ros/share/f1tenth_gym_ros/launch
[4.863s] copying launch/opp_racecar.xacro -> /home/etdisc/Bureau/codef1tenth/src/install/f1tenth_gym_ros/share/f1tenth_gym_ros/launch
[4.866s] copying launch/ego_racecar.xacro -> /home/etdisc/Bureau/codef1tenth/src/install/f1tenth_gym_ros/share/f1tenth_gym_ros/launch
[4.867s] copying launch/gym_bridge.rviz -> /home/etdisc/Bureau/codef1tenth/src/install/f1tenth_gym_ros/share/f1tenth_gym_ros/launch
[4.867s] creating /home/etdisc/Bureau/codef1tenth/src/install/f1tenth_gym_ros/share/f1tenth_gym_ros/config
[4.867s] copying config/sim.yaml -> /home/etdisc/Bureau/codef1tenth/src/install/f1tenth_gym_ros/share/f1tenth_gym_ros/config
[4.867s] running install_egg_info
[4.874s] Copying ../build/f1tenth_gym_ros/f1tenth_gym_ros.egg-info to /home/etdisc/Bureau/codef1tenth/src/install/f1tenth_gym_ros/lib/python3.8/site-packages/f1tenth_gym_ros-0.0.0-py3.8.egg-info
[4.877s] running install_scripts
[4.922s] Installing gym_bridge script to /home/etdisc/Bureau/codef1tenth/src/install/f1tenth_gym_ros/lib/f1tenth_gym_ros
[4.923s] writing list of installed files to '/home/etdisc/Bureau/codef1tenth/src/build/f1tenth_gym_ros/install.log'
[5.345s] Invoked command in '/home/etdisc/Bureau/codef1tenth/src/f1tenth_gym_ros' returned '0': PYTHONPATH=/home/etdisc/Bureau/codef1tenth/src/build/f1tenth_gym_ros/prefix_override:/usr/lib/python3/dist-packages/colcon_core/task/python/colcon_distutils_commands:/home/etdisc/Bureau/codef1tenth/src/install/f1tenth_gym_ros/lib/python3.8/site-packages:${PYTHONPATH} /usr/bin/python3 -W ignore:setup.py install is deprecated -W ignore:easy_install command is deprecated setup.py egg_info --egg-base ../build/f1tenth_gym_ros build --build-base /home/etdisc/Bureau/codef1tenth/src/build/f1tenth_gym_ros/build install --record /home/etdisc/Bureau/codef1tenth/src/build/f1tenth_gym_ros/install.log --install-scripts $base/lib/f1tenth_gym_ros --single-version-externally-managed install_data
