[11.144s] Invoking command in '/home/etdisc/Bureau/codef1tenth/src/Mapping': PYTHONPATH=/home/etdisc/Bureau/codef1tenth/build/Mapping/prefix_override:/usr/lib/python3/dist-packages/colcon_core/task/python/colcon_distutils_commands:/home/etdisc/Bureau/codef1tenth/install/Mapping/lib/python3.8/site-packages:${PYTHONPATH} /usr/bin/python3 -W ignore:setup.py install is deprecated -W ignore:easy_install command is deprecated setup.py egg_info --egg-base ../../build/Mapping build --build-base /home/etdisc/Bureau/codef1tenth/build/Mapping/build install --record /home/etdisc/Bureau/codef1tenth/build/Mapping/install.log --single-version-externally-managed install_data
[12.100s] running egg_info
[12.103s] creating ../../build/Mapping/Mapping.egg-info
[12.103s] writing ../../build/Mapping/Mapping.egg-info/PKG-INFO
[12.108s] writing dependency_links to ../../build/Mapping/Mapping.egg-info/dependency_links.txt
[12.109s] writing entry points to ../../build/Mapping/Mapping.egg-info/entry_points.txt
[12.109s] writing requirements to ../../build/Mapping/Mapping.egg-info/requires.txt
[12.109s] writing top-level names to ../../build/Mapping/Mapping.egg-info/top_level.txt
[12.146s] writing manifest file '../../build/Mapping/Mapping.egg-info/SOURCES.txt'
[12.262s] reading manifest file '../../build/Mapping/Mapping.egg-info/SOURCES.txt'
[12.266s] writing manifest file '../../build/Mapping/Mapping.egg-info/SOURCES.txt'
[12.267s] running build
[12.267s] running build_py
[12.267s] creating /home/etdisc/Bureau/codef1tenth/build/Mapping/build
[12.267s] creating /home/etdisc/Bureau/codef1tenth/build/Mapping/build/lib
[12.273s] creating /home/etdisc/Bureau/codef1tenth/build/Mapping/build/lib/Mapping
[12.276s] copying Mapping/Occupancy_Grid.py -> /home/etdisc/Bureau/codef1tenth/build/Mapping/build/lib/Mapping
[12.283s] copying Mapping/pose_listener.py -> /home/etdisc/Bureau/codef1tenth/build/Mapping/build/lib/Mapping
[12.288s] copying Mapping/centerline_extraction.py -> /home/etdisc/Bureau/codef1tenth/build/Mapping/build/lib/Mapping
[12.299s] copying Mapping/__init__.py -> /home/etdisc/Bureau/codef1tenth/build/Mapping/build/lib/Mapping
[12.299s] copying Mapping/scan_filter.py -> /home/etdisc/Bureau/codef1tenth/build/Mapping/build/lib/Mapping
[12.299s] copying Mapping/custom_slam.py -> /home/etdisc/Bureau/codef1tenth/build/Mapping/build/lib/Mapping
[12.314s] running install
[12.315s] running install_lib
[12.316s] creating /home/etdisc/Bureau/codef1tenth/install/Mapping/lib/python3.8/site-packages/Mapping
[12.316s] copying /home/etdisc/Bureau/codef1tenth/build/Mapping/build/lib/Mapping/Occupancy_Grid.py -> /home/etdisc/Bureau/codef1tenth/install/Mapping/lib/python3.8/site-packages/Mapping
[12.316s] copying /home/etdisc/Bureau/codef1tenth/build/Mapping/build/lib/Mapping/pose_listener.py -> /home/etdisc/Bureau/codef1tenth/install/Mapping/lib/python3.8/site-packages/Mapping
[12.325s] copying /home/etdisc/Bureau/codef1tenth/build/Mapping/build/lib/Mapping/centerline_extraction.py -> /home/etdisc/Bureau/codef1tenth/install/Mapping/lib/python3.8/site-packages/Mapping
[12.326s] copying /home/etdisc/Bureau/codef1tenth/build/Mapping/build/lib/Mapping/__init__.py -> /home/etdisc/Bureau/codef1tenth/install/Mapping/lib/python3.8/site-packages/Mapping
[12.326s] copying /home/etdisc/Bureau/codef1tenth/build/Mapping/build/lib/Mapping/scan_filter.py -> /home/etdisc/Bureau/codef1tenth/install/Mapping/lib/python3.8/site-packages/Mapping
[12.326s] copying /home/etdisc/Bureau/codef1tenth/build/Mapping/build/lib/Mapping/custom_slam.py -> /home/etdisc/Bureau/codef1tenth/install/Mapping/lib/python3.8/site-packages/Mapping
[12.327s] byte-compiling /home/etdisc/Bureau/codef1tenth/install/Mapping/lib/python3.8/site-packages/Mapping/Occupancy_Grid.py to Occupancy_Grid.cpython-38.pyc
[12.337s] byte-compiling /home/etdisc/Bureau/codef1tenth/install/Mapping/lib/python3.8/site-packages/Mapping/pose_listener.py to pose_listener.cpython-38.pyc
[12.341s] byte-compiling /home/etdisc/Bureau/codef1tenth/install/Mapping/lib/python3.8/site-packages/Mapping/centerline_extraction.py to centerline_extraction.cpython-38.pyc
[12.357s] byte-compiling /home/etdisc/Bureau/codef1tenth/install/Mapping/lib/python3.8/site-packages/Mapping/__init__.py to __init__.cpython-38.pyc
[12.358s] byte-compiling /home/etdisc/Bureau/codef1tenth/install/Mapping/lib/python3.8/site-packages/Mapping/scan_filter.py to scan_filter.cpython-38.pyc
[12.358s] byte-compiling /home/etdisc/Bureau/codef1tenth/install/Mapping/lib/python3.8/site-packages/Mapping/custom_slam.py to custom_slam.cpython-38.pyc
[12.365s] running install_data
[12.365s] creating /home/etdisc/Bureau/codef1tenth/install/Mapping/share/ament_index
[12.366s] creating /home/etdisc/Bureau/codef1tenth/install/Mapping/share/ament_index/resource_index
[12.372s] creating /home/etdisc/Bureau/codef1tenth/install/Mapping/share/ament_index/resource_index/packages
[12.388s] copying resource/Mapping -> /home/etdisc/Bureau/codef1tenth/install/Mapping/share/ament_index/resource_index/packages
[12.388s] copying package.xml -> /home/etdisc/Bureau/codef1tenth/install/Mapping/share/Mapping
[12.389s] creating /home/etdisc/Bureau/codef1tenth/install/Mapping/share/Mapping/cartographer_config
[12.389s] copying cartographer_config/real.lua -> /home/etdisc/Bureau/codef1tenth/install/Mapping/share/Mapping/cartographer_config
[12.389s] copying cartographer_config/simulation.lua -> /home/etdisc/Bureau/codef1tenth/install/Mapping/share/Mapping/cartographer_config
[12.401s] creating /home/etdisc/Bureau/codef1tenth/install/Mapping/share/Mapping/launch
[12.401s] copying launch/slam.py -> /home/etdisc/Bureau/codef1tenth/install/Mapping/share/Mapping/launch
[12.413s] creating /home/etdisc/Bureau/codef1tenth/install/Mapping/share/Mapping/config
[12.413s] copying config/simulation.yaml -> /home/etdisc/Bureau/codef1tenth/install/Mapping/share/Mapping/config
[12.421s] copying config/real.yaml -> /home/etdisc/Bureau/codef1tenth/install/Mapping/share/Mapping/config
[12.428s] running install_egg_info
[12.430s] Copying ../../build/Mapping/Mapping.egg-info to /home/etdisc/Bureau/codef1tenth/install/Mapping/lib/python3.8/site-packages/Mapping-0.0.0-py3.8.egg-info
[12.444s] running install_scripts
[12.469s] Installing centerline_extraction script to /home/etdisc/Bureau/codef1tenth/install/Mapping/lib/Mapping
[12.472s] Installing custom_slam script to /home/etdisc/Bureau/codef1tenth/install/Mapping/lib/Mapping
[12.476s] Installing occupancy_grid script to /home/etdisc/Bureau/codef1tenth/install/Mapping/lib/Mapping
[12.478s] Installing pose_listener script to /home/etdisc/Bureau/codef1tenth/install/Mapping/lib/Mapping
[12.478s] Installing scan_filter script to /home/etdisc/Bureau/codef1tenth/install/Mapping/lib/Mapping
[12.481s] writing list of installed files to '/home/etdisc/Bureau/codef1tenth/build/Mapping/install.log'
[12.599s] Invoked command in '/home/etdisc/Bureau/codef1tenth/src/Mapping' returned '0': PYTHONPATH=/home/etdisc/Bureau/codef1tenth/build/Mapping/prefix_override:/usr/lib/python3/dist-packages/colcon_core/task/python/colcon_distutils_commands:/home/etdisc/Bureau/codef1tenth/install/Mapping/lib/python3.8/site-packages:${PYTHONPATH} /usr/bin/python3 -W ignore:setup.py install is deprecated -W ignore:easy_install command is deprecated setup.py egg_info --egg-base ../../build/Mapping build --build-base /home/etdisc/Bureau/codef1tenth/build/Mapping/build install --record /home/etdisc/Bureau/codef1tenth/build/Mapping/install.log --single-version-externally-managed install_data
