[6.754s] Invoking command in '/home/etdisc/Bureau/codef1tenth/src/Simple_algo': PYTHONPATH=/home/etdisc/Bureau/codef1tenth/build/Simple_algo/prefix_override:/usr/lib/python3/dist-packages/colcon_core/task/python/colcon_distutils_commands:/home/etdisc/Bureau/codef1tenth/install/Simple_algo/lib/python3.8/site-packages:${PYTHONPATH} /usr/bin/python3 -W ignore:setup.py install is deprecated -W ignore:easy_install command is deprecated setup.py egg_info --egg-base ../../build/Simple_algo build --build-base /home/etdisc/Bureau/codef1tenth/build/Simple_algo/build install --record /home/etdisc/Bureau/codef1tenth/build/Simple_algo/install.log --single-version-externally-managed install_data
[7.912s] running egg_info
[7.912s] writing ../../build/Simple_algo/Simple_algo.egg-info/PKG-INFO
[7.917s] writing dependency_links to ../../build/Simple_algo/Simple_algo.egg-info/dependency_links.txt
[7.917s] writing entry points to ../../build/Simple_algo/Simple_algo.egg-info/entry_points.txt
[7.917s] writing requirements to ../../build/Simple_algo/Simple_algo.egg-info/requires.txt
[7.917s] writing top-level names to ../../build/Simple_algo/Simple_algo.egg-info/top_level.txt
[7.985s] reading manifest file '../../build/Simple_algo/Simple_algo.egg-info/SOURCES.txt'
[7.990s] writing manifest file '../../build/Simple_algo/Simple_algo.egg-info/SOURCES.txt'
[7.990s] running build
[7.990s] running build_py
[7.992s] running install
[7.996s] running install_lib
[8.023s] running install_data
[8.023s] running install_egg_info
[8.024s] removing '/home/etdisc/Bureau/codef1tenth/install/Simple_algo/lib/python3.8/site-packages/Simple_algo-1.0.0-py3.8.egg-info' (and everything under it)
[8.040s] Copying ../../build/Simple_algo/Simple_algo.egg-info to /home/etdisc/Bureau/codef1tenth/install/Simple_algo/lib/python3.8/site-packages/Simple_algo-1.0.0-py3.8.egg-info
[8.056s] running install_scripts
[8.103s] Installing disparity_extender script to /home/etdisc/Bureau/codef1tenth/install/Simple_algo/lib/Simple_algo
[8.113s] Installing fast_disparity_extender script to /home/etdisc/Bureau/codef1tenth/install/Simple_algo/lib/Simple_algo
[8.115s] Installing gap_follow script to /home/etdisc/Bureau/codef1tenth/install/Simple_algo/lib/Simple_algo
[8.115s] Installing wall_follow script to /home/etdisc/Bureau/codef1tenth/install/Simple_algo/lib/Simple_algo
[8.116s] Installing wall_follow_penn script to /home/etdisc/Bureau/codef1tenth/install/Simple_algo/lib/Simple_algo
[8.116s] writing list of installed files to '/home/etdisc/Bureau/codef1tenth/build/Simple_algo/install.log'
[9.071s] Invoked command in '/home/etdisc/Bureau/codef1tenth/src/Simple_algo' returned '0': PYTHONPATH=/home/etdisc/Bureau/codef1tenth/build/Simple_algo/prefix_override:/usr/lib/python3/dist-packages/colcon_core/task/python/colcon_distutils_commands:/home/etdisc/Bureau/codef1tenth/install/Simple_algo/lib/python3.8/site-packages:${PYTHONPATH} /usr/bin/python3 -W ignore:setup.py install is deprecated -W ignore:easy_install command is deprecated setup.py egg_info --egg-base ../../build/Simple_algo build --build-base /home/etdisc/Bureau/codef1tenth/build/Simple_algo/build install --record /home/etdisc/Bureau/codef1tenth/build/Simple_algo/install.log --single-version-externally-managed install_data
