[3.720s] Invoking command in '/home/etdisc/Bureau/codef1tenth/src/Planif': PYTHONPATH=/home/etdisc/Bureau/codef1tenth/build/Planif/prefix_override:/usr/lib/python3/dist-packages/colcon_core/task/python/colcon_distutils_commands:/home/etdisc/Bureau/codef1tenth/install/Planif/lib/python3.8/site-packages:${PYTHONPATH} /usr/bin/python3 -W ignore:setup.py install is deprecated -W ignore:easy_install command is deprecated setup.py egg_info --egg-base ../../build/Planif build --build-base /home/etdisc/Bureau/codef1tenth/build/Planif/build install --record /home/etdisc/Bureau/codef1tenth/build/Planif/install.log --single-version-externally-managed install_data
[4.355s] running egg_info
[4.356s] writing ../../build/Planif/Planif.egg-info/PKG-INFO
[4.357s] writing dependency_links to ../../build/Planif/Planif.egg-info/dependency_links.txt
[4.357s] writing entry points to ../../build/Planif/Planif.egg-info/entry_points.txt
[4.357s] writing requirements to ../../build/Planif/Planif.egg-info/requires.txt
[4.358s] writing top-level names to ../../build/Planif/Planif.egg-info/top_level.txt
[4.435s] reading manifest file '../../build/Planif/Planif.egg-info/SOURCES.txt'
[4.437s] writing manifest file '../../build/Planif/Planif.egg-info/SOURCES.txt'
[4.438s] running build
[4.438s] running build_py
[4.438s] running install
[4.441s] running install_lib
[4.446s] running install_data
[4.446s] running install_egg_info
[4.448s] removing '/home/etdisc/Bureau/codef1tenth/install/Planif/lib/python3.8/site-packages/Planif-0.1.0-py3.8.egg-info' (and everything under it)
[4.450s] Copying ../../build/Planif/Planif.egg-info to /home/etdisc/Bureau/codef1tenth/install/Planif/lib/python3.8/site-packages/Planif-0.1.0-py3.8.egg-info
[4.452s] running install_scripts
[4.492s] Installing A_star script to /home/etdisc/Bureau/codef1tenth/install/Planif/lib/Planif
[4.494s] Installing A_star_SLAM script to /home/etdisc/Bureau/codef1tenth/install/Planif/lib/Planif
[4.495s] writing list of installed files to '/home/etdisc/Bureau/codef1tenth/build/Planif/install.log'
[4.613s] Invoked command in '/home/etdisc/Bureau/codef1tenth/src/Planif' returned '0': PYTHONPATH=/home/etdisc/Bureau/codef1tenth/build/Planif/prefix_override:/usr/lib/python3/dist-packages/colcon_core/task/python/colcon_distutils_commands:/home/etdisc/Bureau/codef1tenth/install/Planif/lib/python3.8/site-packages:${PYTHONPATH} /usr/bin/python3 -W ignore:setup.py install is deprecated -W ignore:easy_install command is deprecated setup.py egg_info --egg-base ../../build/Planif build --build-base /home/etdisc/Bureau/codef1tenth/build/Planif/build install --record /home/etdisc/Bureau/codef1tenth/build/Planif/install.log --single-version-externally-managed install_data
