[3.253s] Invoking command in '/home/etdisc/Bureau/codef1tenth/src/localisation': PYTHONPATH=/home/etdisc/Bureau/codef1tenth/src/build/localisation/prefix_override:/usr/lib/python3/dist-packages/colcon_core/task/python/colcon_distutils_commands:/home/etdisc/Bureau/codef1tenth/src/install/localisation/lib/python3.8/site-packages:${PYTHONPATH} /usr/bin/python3 -W ignore:setup.py install is deprecated -W ignore:easy_install command is deprecated setup.py egg_info --egg-base ../build/localisation build --build-base /home/etdisc/Bureau/codef1tenth/src/build/localisation/build install --record /home/etdisc/Bureau/codef1tenth/src/build/localisation/install.log --single-version-externally-managed install_data
[3.875s] running egg_info
[3.875s] writing ../build/localisation/localisation.egg-info/PKG-INFO
[3.876s] writing dependency_links to ../build/localisation/localisation.egg-info/dependency_links.txt
[3.876s] writing entry points to ../build/localisation/localisation.egg-info/entry_points.txt
[3.876s] writing requirements to ../build/localisation/localisation.egg-info/requires.txt
[3.877s] writing top-level names to ../build/localisation/localisation.egg-info/top_level.txt
[3.882s] reading manifest file '../build/localisation/localisation.egg-info/SOURCES.txt'
[3.885s] writing manifest file '../build/localisation/localisation.egg-info/SOURCES.txt'
[3.885s] running build
[3.886s] running build_py
[3.886s] running install
[3.893s] running install_lib
[3.897s] running install_data
[3.898s] running install_egg_info
[3.902s] removing '/home/etdisc/Bureau/codef1tenth/src/install/localisation/lib/python3.8/site-packages/localisation-0.0.0-py3.8.egg-info' (and everything under it)
[3.902s] Copying ../build/localisation/localisation.egg-info to /home/etdisc/Bureau/codef1tenth/src/install/localisation/lib/python3.8/site-packages/localisation-0.0.0-py3.8.egg-info
[3.905s] running install_scripts
[3.940s] Installing lap_tracker script to /home/etdisc/Bureau/codef1tenth/src/install/localisation/lib/localisation
[3.953s] writing list of installed files to '/home/etdisc/Bureau/codef1tenth/src/build/localisation/install.log'
[4.034s] Invoked command in '/home/etdisc/Bureau/codef1tenth/src/localisation' returned '0': PYTHONPATH=/home/etdisc/Bureau/codef1tenth/src/build/localisation/prefix_override:/usr/lib/python3/dist-packages/colcon_core/task/python/colcon_distutils_commands:/home/etdisc/Bureau/codef1tenth/src/install/localisation/lib/python3.8/site-packages:${PYTHONPATH} /usr/bin/python3 -W ignore:setup.py install is deprecated -W ignore:easy_install command is deprecated setup.py egg_info --egg-base ../build/localisation build --build-base /home/etdisc/Bureau/codef1tenth/src/build/localisation/build install --record /home/etdisc/Bureau/codef1tenth/src/build/localisation/install.log --single-version-externally-managed install_data
