[4.040s] Invoking command in '/home/etdisc/Bureau/codef1tenth/src/Planif': PYTHONPATH=/home/etdisc/Bureau/codef1tenth/src/build/Planif/prefix_override:/usr/lib/python3/dist-packages/colcon_core/task/python/colcon_distutils_commands:/home/etdisc/Bureau/codef1tenth/src/install/Planif/lib/python3.8/site-packages:${PYTHONPATH} /usr/bin/python3 -W ignore:setup.py install is deprecated -W ignore:easy_install command is deprecated setup.py egg_info --egg-base ../build/Planif build --build-base /home/etdisc/Bureau/codef1tenth/src/build/Planif/build install --record /home/etdisc/Bureau/codef1tenth/src/build/Planif/install.log --single-version-externally-managed install_data
[4.630s] running egg_info
[4.630s] creating ../build/Planif/Planif.egg-info
[4.631s] writing ../build/Planif/Planif.egg-info/PKG-INFO
[4.631s] writing dependency_links to ../build/Planif/Planif.egg-info/dependency_links.txt
[4.632s] writing entry points to ../build/Planif/Planif.egg-info/entry_points.txt
[4.634s] writing requirements to ../build/Planif/Planif.egg-info/requires.txt
[4.634s] writing top-level names to ../build/Planif/Planif.egg-info/top_level.txt
[4.642s] writing manifest file '../build/Planif/Planif.egg-info/SOURCES.txt'
[4.717s] reading manifest file '../build/Planif/Planif.egg-info/SOURCES.txt'
[4.718s] writing manifest file '../build/Planif/Planif.egg-info/SOURCES.txt'
[4.719s] running build
[4.720s] running build_py
[4.720s] creating /home/etdisc/Bureau/codef1tenth/src/build/Planif/build
[4.720s] creating /home/etdisc/Bureau/codef1tenth/src/build/Planif/build/lib
[4.721s] creating /home/etdisc/Bureau/codef1tenth/src/build/Planif/build/lib/Planif
[4.721s] copying Planif/A_etoile.py -> /home/etdisc/Bureau/codef1tenth/src/build/Planif/build/lib/Planif
[4.721s] copying Planif/__init__.py -> /home/etdisc/Bureau/codef1tenth/src/build/Planif/build/lib/Planif
[4.721s] copying Planif/A_etoile_SLAM.py -> /home/etdisc/Bureau/codef1tenth/src/build/Planif/build/lib/Planif
[4.721s] running install
[4.723s] running install_lib
[4.725s] creating /home/etdisc/Bureau/codef1tenth/src/install/Planif/lib/python3.8/site-packages/Planif
[4.726s] copying /home/etdisc/Bureau/codef1tenth/src/build/Planif/build/lib/Planif/A_etoile.py -> /home/etdisc/Bureau/codef1tenth/src/install/Planif/lib/python3.8/site-packages/Planif
[4.726s] copying /home/etdisc/Bureau/codef1tenth/src/build/Planif/build/lib/Planif/__init__.py -> /home/etdisc/Bureau/codef1tenth/src/install/Planif/lib/python3.8/site-packages/Planif
[4.726s] copying /home/etdisc/Bureau/codef1tenth/src/build/Planif/build/lib/Planif/A_etoile_SLAM.py -> /home/etdisc/Bureau/codef1tenth/src/install/Planif/lib/python3.8/site-packages/Planif
[4.727s] byte-compiling /home/etdisc/Bureau/codef1tenth/src/install/Planif/lib/python3.8/site-packages/Planif/A_etoile.py to A_etoile.cpython-38.pyc
[4.737s] byte-compiling /home/etdisc/Bureau/codef1tenth/src/install/Planif/lib/python3.8/site-packages/Planif/__init__.py to __init__.cpython-38.pyc
[4.737s] byte-compiling /home/etdisc/Bureau/codef1tenth/src/install/Planif/lib/python3.8/site-packages/Planif/A_etoile_SLAM.py to A_etoile_SLAM.cpython-38.pyc
[4.745s] running install_data
[4.745s] creating /home/etdisc/Bureau/codef1tenth/src/install/Planif/share/ament_index
[4.745s] creating /home/etdisc/Bureau/codef1tenth/src/install/Planif/share/ament_index/resource_index
[4.746s] creating /home/etdisc/Bureau/codef1tenth/src/install/Planif/share/ament_index/resource_index/packages
[4.747s] copying resource/Planif -> /home/etdisc/Bureau/codef1tenth/src/install/Planif/share/ament_index/resource_index/packages
[4.756s] copying package.xml -> /home/etdisc/Bureau/codef1tenth/src/install/Planif/share/Planif
[4.756s] running install_egg_info
[4.757s] Copying ../build/Planif/Planif.egg-info to /home/etdisc/Bureau/codef1tenth/src/install/Planif/lib/python3.8/site-packages/Planif-0.1.0-py3.8.egg-info
[4.764s] running install_scripts
[4.805s] Installing A_star script to /home/etdisc/Bureau/codef1tenth/src/install/Planif/lib/Planif
[4.806s] Installing A_star_SLAM script to /home/etdisc/Bureau/codef1tenth/src/install/Planif/lib/Planif
[4.807s] writing list of installed files to '/home/etdisc/Bureau/codef1tenth/src/build/Planif/install.log'
[4.963s] Invoked command in '/home/etdisc/Bureau/codef1tenth/src/Planif' returned '0': PYTHONPATH=/home/etdisc/Bureau/codef1tenth/src/build/Planif/prefix_override:/usr/lib/python3/dist-packages/colcon_core/task/python/colcon_distutils_commands:/home/etdisc/Bureau/codef1tenth/src/install/Planif/lib/python3.8/site-packages:${PYTHONPATH} /usr/bin/python3 -W ignore:setup.py install is deprecated -W ignore:easy_install command is deprecated setup.py egg_info --egg-base ../build/Planif build --build-base /home/etdisc/Bureau/codef1tenth/src/build/Planif/build install --record /home/etdisc/Bureau/codef1tenth/src/build/Planif/install.log --single-version-externally-managed install_data
