[14.624s] Invoking command in '/home/etdisc/Bureau/codef1tenth/src/AEB': PYTHONPATH=/home/etdisc/Bureau/codef1tenth/build/AEB/prefix_override:/usr/lib/python3/dist-packages/colcon_core/task/python/colcon_distutils_commands:/home/etdisc/Bureau/codef1tenth/install/AEB/lib/python3.8/site-packages:${PYTHONPATH} /usr/bin/python3 -W ignore:setup.py install is deprecated -W ignore:easy_install command is deprecated setup.py egg_info --egg-base ../../build/AEB build --build-base /home/etdisc/Bureau/codef1tenth/build/AEB/build install --record /home/etdisc/Bureau/codef1tenth/build/AEB/install.log --single-version-externally-managed install_data
[15.648s] running egg_info
[15.651s] writing ../../build/AEB/AEB.egg-info/PKG-INFO
[15.651s] writing dependency_links to ../../build/AEB/AEB.egg-info/dependency_links.txt
[15.653s] writing entry points to ../../build/AEB/AEB.egg-info/entry_points.txt
[15.657s] writing requirements to ../../build/AEB/AEB.egg-info/requires.txt
[15.658s] writing top-level names to ../../build/AEB/AEB.egg-info/top_level.txt
[15.844s] reading manifest file '../../build/AEB/AEB.egg-info/SOURCES.txt'
[15.848s] writing manifest file '../../build/AEB/AEB.egg-info/SOURCES.txt'
[15.860s] running build
[15.861s] running build_py
[15.862s] running install
[15.865s] running install_lib
[15.871s] running install_data
[15.872s] running install_egg_info
[15.878s] removing '/home/etdisc/Bureau/codef1tenth/install/AEB/lib/python3.8/site-packages/AEB-0.0.0-py3.8.egg-info' (and everything under it)
[15.901s] Copying ../../build/AEB/AEB.egg-info to /home/etdisc/Bureau/codef1tenth/install/AEB/lib/python3.8/site-packages/AEB-0.0.0-py3.8.egg-info
[15.902s] running install_scripts
[15.958s] Installing AEB script to /home/etdisc/Bureau/codef1tenth/install/AEB/lib/AEB
[15.962s] Installing aeb2 script to /home/etdisc/Bureau/codef1tenth/install/AEB/lib/AEB
[15.971s] Installing multiplexer script to /home/etdisc/Bureau/codef1tenth/install/AEB/lib/AEB
[15.972s] writing list of installed files to '/home/etdisc/Bureau/codef1tenth/build/AEB/install.log'
[16.834s] Invoked command in '/home/etdisc/Bureau/codef1tenth/src/AEB' returned '0': PYTHONPATH=/home/etdisc/Bureau/codef1tenth/build/AEB/prefix_override:/usr/lib/python3/dist-packages/colcon_core/task/python/colcon_distutils_commands:/home/etdisc/Bureau/codef1tenth/install/AEB/lib/python3.8/site-packages:${PYTHONPATH} /usr/bin/python3 -W ignore:setup.py install is deprecated -W ignore:easy_install command is deprecated setup.py egg_info --egg-base ../../build/AEB build --build-base /home/etdisc/Bureau/codef1tenth/build/AEB/build install --record /home/etdisc/Bureau/codef1tenth/build/AEB/install.log --single-version-externally-managed install_data
