/home/etdisc/Bureau/codef1tenth/install/Mapping/lib/python3.8/site-packages/Mapping/Occupancy_Grid.py
/home/etdisc/Bureau/codef1tenth/install/Mapping/lib/python3.8/site-packages/Mapping/pose_listener.py
/home/etdisc/Bureau/codef1tenth/install/Mapping/lib/python3.8/site-packages/Mapping/centerline_extraction.py
/home/etdisc/Bureau/codef1tenth/install/Mapping/lib/python3.8/site-packages/Mapping/__init__.py
/home/etdisc/Bureau/codef1tenth/install/Mapping/lib/python3.8/site-packages/Mapping/scan_filter.py
/home/etdisc/Bureau/codef1tenth/install/Mapping/lib/python3.8/site-packages/Mapping/custom_slam.py
/home/etdisc/Bureau/codef1tenth/install/Mapping/lib/python3.8/site-packages/Mapping/__pycache__/Occupancy_Grid.cpython-38.pyc
/home/etdisc/Bureau/codef1tenth/install/Mapping/lib/python3.8/site-packages/Mapping/__pycache__/pose_listener.cpython-38.pyc
/home/etdisc/Bureau/codef1tenth/install/Mapping/lib/python3.8/site-packages/Mapping/__pycache__/centerline_extraction.cpython-38.pyc
/home/etdisc/Bureau/codef1tenth/install/Mapping/lib/python3.8/site-packages/Mapping/__pycache__/__init__.cpython-38.pyc
/home/etdisc/Bureau/codef1tenth/install/Mapping/lib/python3.8/site-packages/Mapping/__pycache__/scan_filter.cpython-38.pyc
/home/etdisc/Bureau/codef1tenth/install/Mapping/lib/python3.8/site-packages/Mapping/__pycache__/custom_slam.cpython-38.pyc
/home/etdisc/Bureau/codef1tenth/install/Mapping/share/ament_index/resource_index/packages/Mapping
/home/etdisc/Bureau/codef1tenth/install/Mapping/share/Mapping/package.xml
/home/etdisc/Bureau/codef1tenth/install/Mapping/share/Mapping/cartographer_config/real.lua
/home/etdisc/Bureau/codef1tenth/install/Mapping/share/Mapping/cartographer_config/simulation.lua
/home/etdisc/Bureau/codef1tenth/install/Mapping/share/Mapping/launch/slam.py
/home/etdisc/Bureau/codef1tenth/install/Mapping/share/Mapping/config/simulation.yaml
/home/etdisc/Bureau/codef1tenth/install/Mapping/share/Mapping/config/real.yaml
/home/etdisc/Bureau/codef1tenth/install/Mapping/lib/python3.8/site-packages/Mapping-0.0.0-py3.8.egg-info/SOURCES.txt
/home/etdisc/Bureau/codef1tenth/install/Mapping/lib/python3.8/site-packages/Mapping-0.0.0-py3.8.egg-info/requires.txt
/home/etdisc/Bureau/codef1tenth/install/Mapping/lib/python3.8/site-packages/Mapping-0.0.0-py3.8.egg-info/zip-safe
/home/etdisc/Bureau/codef1tenth/install/Mapping/lib/python3.8/site-packages/Mapping-0.0.0-py3.8.egg-info/entry_points.txt
/home/etdisc/Bureau/codef1tenth/install/Mapping/lib/python3.8/site-packages/Mapping-0.0.0-py3.8.egg-info/top_level.txt
/home/etdisc/Bureau/codef1tenth/install/Mapping/lib/python3.8/site-packages/Mapping-0.0.0-py3.8.egg-info/PKG-INFO
/home/etdisc/Bureau/codef1tenth/install/Mapping/lib/python3.8/site-packages/Mapping-0.0.0-py3.8.egg-info/dependency_links.txt
/home/etdisc/Bureau/codef1tenth/install/Mapping/lib/Mapping/centerline_extraction
/home/etdisc/Bureau/codef1tenth/install/Mapping/lib/Mapping/custom_slam
/home/etdisc/Bureau/codef1tenth/install/Mapping/lib/Mapping/occupancy_grid
/home/etdisc/Bureau/codef1tenth/install/Mapping/lib/Mapping/pose_listener
/home/etdisc/Bureau/codef1tenth/install/Mapping/lib/Mapping/scan_filter
