[4.190s] Invoking command in '/home/etdisc/Bureau/codef1tenth/src/localisation': PYTHONPATH=/home/etdisc/Bureau/codef1tenth/build/localisation/prefix_override:/usr/lib/python3/dist-packages/colcon_core/task/python/colcon_distutils_commands:/home/etdisc/Bureau/codef1tenth/install/localisation/lib/python3.8/site-packages:${PYTHONPATH} /usr/bin/python3 -W ignore:setup.py install is deprecated -W ignore:easy_install command is deprecated setup.py egg_info --egg-base ../../build/localisation build --build-base /home/etdisc/Bureau/codef1tenth/build/localisation/build install --record /home/etdisc/Bureau/codef1tenth/build/localisation/install.log --single-version-externally-managed install_data
[5.044s] running egg_info
[5.046s] writing ../../build/localisation/localisation.egg-info/PKG-INFO
[5.052s] writing dependency_links to ../../build/localisation/localisation.egg-info/dependency_links.txt
[5.052s] writing entry points to ../../build/localisation/localisation.egg-info/entry_points.txt
[5.057s] writing requirements to ../../build/localisation/localisation.egg-info/requires.txt
[5.057s] writing top-level names to ../../build/localisation/localisation.egg-info/top_level.txt
[5.164s] reading manifest file '../../build/localisation/localisation.egg-info/SOURCES.txt'
[5.168s] writing manifest file '../../build/localisation/localisation.egg-info/SOURCES.txt'
[5.169s] running build
[5.169s] running build_py
[5.172s] running install
[5.183s] running install_lib
[5.184s] running install_data
[5.184s] running install_egg_info
[5.194s] removing '/home/etdisc/Bureau/codef1tenth/install/localisation/lib/python3.8/site-packages/localisation-0.0.0-py3.8.egg-info' (and everything under it)
[5.205s] Copying ../../build/localisation/localisation.egg-info to /home/etdisc/Bureau/codef1tenth/install/localisation/lib/python3.8/site-packages/localisation-0.0.0-py3.8.egg-info
[5.218s] running install_scripts
[5.256s] Installing lap_tracker script to /home/etdisc/Bureau/codef1tenth/install/localisation/lib/localisation
[5.260s] writing list of installed files to '/home/etdisc/Bureau/codef1tenth/build/localisation/install.log'
[6.063s] Invoked command in '/home/etdisc/Bureau/codef1tenth/src/localisation' returned '0': PYTHONPATH=/home/etdisc/Bureau/codef1tenth/build/localisation/prefix_override:/usr/lib/python3/dist-packages/colcon_core/task/python/colcon_distutils_commands:/home/etdisc/Bureau/codef1tenth/install/localisation/lib/python3.8/site-packages:${PYTHONPATH} /usr/bin/python3 -W ignore:setup.py install is deprecated -W ignore:easy_install command is deprecated setup.py egg_info --egg-base ../../build/localisation build --build-base /home/etdisc/Bureau/codef1tenth/build/localisation/build install --record /home/etdisc/Bureau/codef1tenth/build/localisation/install.log --single-version-externally-managed install_data
