Performing C SOURCE FILE Test CMAKE_HAVE_LIBC_PTHREAD failed with the following output:
Change Dir: /home/etdisc/Bureau/codef1tenth/build/custom_msgs/CMakeFiles/CMakeTmp

Run Build Command(s):/usr/bin/make cmTC_c68ba/fast && /usr/bin/make -f CMakeFiles/cmTC_c68ba.dir/build.make CMakeFiles/cmTC_c68ba.dir/build
make[1] : on entre dans le répertoire « /home/etdisc/Bureau/codef1tenth/build/custom_msgs/CMakeFiles/CMakeTmp »
Building C object CMakeFiles/cmTC_c68ba.dir/src.c.o
/usr/bin/cc   -DCMAKE_HAVE_LIBC_PTHREAD   -o CMakeFiles/cmTC_c68ba.dir/src.c.o   -c /home/etdisc/Bureau/codef1tenth/build/custom_msgs/CMakeFiles/CMakeTmp/src.c
Linking C executable cmTC_c68ba
/usr/bin/cmake -E cmake_link_script CMakeFiles/cmTC_c68ba.dir/link.txt --verbose=1
/usr/bin/cc  -DCMAKE_HAVE_LIBC_PTHREAD    CMakeFiles/cmTC_c68ba.dir/src.c.o  -o cmTC_c68ba 
/usr/bin/ld : CMakeFiles/cmTC_c68ba.dir/src.c.o : dans la fonction « main » :
src.c:(.text+0x46) : référence indéfinie vers « pthread_create »
/usr/bin/ld : src.c:(.text+0x52) : référence indéfinie vers « pthread_detach »
/usr/bin/ld : src.c:(.text+0x63) : référence indéfinie vers « pthread_join »
collect2: error: ld returned 1 exit status
make[1]: *** [CMakeFiles/cmTC_c68ba.dir/build.make:87 : cmTC_c68ba] Erreur 1
make[1] : on quitte le répertoire « /home/etdisc/Bureau/codef1tenth/build/custom_msgs/CMakeFiles/CMakeTmp »
make: *** [Makefile:121 : cmTC_c68ba/fast] Erreur 2


Source file was:
#include <pthread.h>

void* test_func(void* data)
{
  return data;
}

int main(void)
{
  pthread_t thread;
  pthread_create(&thread, NULL, test_func, NULL);
  pthread_detach(thread);
  pthread_join(thread, NULL);
  pthread_atfork(NULL, NULL, NULL);
  pthread_exit(NULL);

  return 0;
}

Determining if the function pthread_create exists in the pthreads failed with the following output:
Change Dir: /home/etdisc/Bureau/codef1tenth/build/custom_msgs/CMakeFiles/CMakeTmp

Run Build Command(s):/usr/bin/make cmTC_7378a/fast && /usr/bin/make -f CMakeFiles/cmTC_7378a.dir/build.make CMakeFiles/cmTC_7378a.dir/build
make[1] : on entre dans le répertoire « /home/etdisc/Bureau/codef1tenth/build/custom_msgs/CMakeFiles/CMakeTmp »
Building C object CMakeFiles/cmTC_7378a.dir/CheckFunctionExists.c.o
/usr/bin/cc   -DCHECK_FUNCTION_EXISTS=pthread_create   -o CMakeFiles/cmTC_7378a.dir/CheckFunctionExists.c.o   -c /usr/share/cmake-3.16/Modules/CheckFunctionExists.c
Linking C executable cmTC_7378a
/usr/bin/cmake -E cmake_link_script CMakeFiles/cmTC_7378a.dir/link.txt --verbose=1
/usr/bin/cc  -DCHECK_FUNCTION_EXISTS=pthread_create    CMakeFiles/cmTC_7378a.dir/CheckFunctionExists.c.o  -o cmTC_7378a  -lpthreads 
/usr/bin/ld : ne peut trouver -lpthreads
collect2: error: ld returned 1 exit status
make[1]: *** [CMakeFiles/cmTC_7378a.dir/build.make:87 : cmTC_7378a] Erreur 1
make[1] : on quitte le répertoire « /home/etdisc/Bureau/codef1tenth/build/custom_msgs/CMakeFiles/CMakeTmp »
make: *** [Makefile:121 : cmTC_7378a/fast] Erreur 2



