running egg_info
creating ../build/Waypoints/Waypoints.egg-info
writing ../build/Waypoints/Waypoints.egg-info/PKG-INFO
writing dependency_links to ../build/Waypoints/Waypoints.egg-info/dependency_links.txt
writing entry points to ../build/Waypoints/Waypoints.egg-info/entry_points.txt
writing requirements to ../build/Waypoints/Waypoints.egg-info/requires.txt
writing top-level names to ../build/Waypoints/Waypoints.egg-info/top_level.txt
writing manifest file '../build/Waypoints/Waypoints.egg-info/SOURCES.txt'
reading manifest file '../build/Waypoints/Waypoints.egg-info/SOURCES.txt'
writing manifest file '../build/Waypoints/Waypoints.egg-info/SOURCES.txt'
running build
running build_py
creating /home/etdisc/Bureau/codef1tenth/src/build/Waypoints/build
creating /home/etdisc/Bureau/codef1tenth/src/build/Waypoints/build/lib
creating /home/etdisc/Bureau/codef1tenth/src/build/Waypoints/build/lib/Waypoints
copying Waypoints/pure_pursuit.py -> /home/etdisc/Bureau/codef1tenth/src/build/Waypoints/build/lib/Waypoints
copying Waypoints/pure_pursuit2.py -> /home/etdisc/Bureau/codef1tenth/src/build/Waypoints/build/lib/Waypoints
copying Waypoints/__init__.py -> /home/etdisc/Bureau/codef1tenth/src/build/Waypoints/build/lib/Waypoints
copying Waypoints/waypoint_logger_pure_pursuit.py -> /home/etdisc/Bureau/codef1tenth/src/build/Waypoints/build/lib/Waypoints
running install
running install_lib
creating /home/etdisc/Bureau/codef1tenth/src/install/Waypoints/lib/python3.8/site-packages/Waypoints
copying /home/etdisc/Bureau/codef1tenth/src/build/Waypoints/build/lib/Waypoints/pure_pursuit.py -> /home/etdisc/Bureau/codef1tenth/src/install/Waypoints/lib/python3.8/site-packages/Waypoints
copying /home/etdisc/Bureau/codef1tenth/src/build/Waypoints/build/lib/Waypoints/pure_pursuit2.py -> /home/etdisc/Bureau/codef1tenth/src/install/Waypoints/lib/python3.8/site-packages/Waypoints
copying /home/etdisc/Bureau/codef1tenth/src/build/Waypoints/build/lib/Waypoints/__init__.py -> /home/etdisc/Bureau/codef1tenth/src/install/Waypoints/lib/python3.8/site-packages/Waypoints
copying /home/etdisc/Bureau/codef1tenth/src/build/Waypoints/build/lib/Waypoints/waypoint_logger_pure_pursuit.py -> /home/etdisc/Bureau/codef1tenth/src/install/Waypoints/lib/python3.8/site-packages/Waypoints
byte-compiling /home/etdisc/Bureau/codef1tenth/src/install/Waypoints/lib/python3.8/site-packages/Waypoints/pure_pursuit.py to pure_pursuit.cpython-38.pyc
byte-compiling /home/etdisc/Bureau/codef1tenth/src/install/Waypoints/lib/python3.8/site-packages/Waypoints/pure_pursuit2.py to pure_pursuit2.cpython-38.pyc
byte-compiling /home/etdisc/Bureau/codef1tenth/src/install/Waypoints/lib/python3.8/site-packages/Waypoints/__init__.py to __init__.cpython-38.pyc
byte-compiling /home/etdisc/Bureau/codef1tenth/src/install/Waypoints/lib/python3.8/site-packages/Waypoints/waypoint_logger_pure_pursuit.py to waypoint_logger_pure_pursuit.cpython-38.pyc
running install_data
creating /home/etdisc/Bureau/codef1tenth/src/install/Waypoints/share/ament_index
creating /home/etdisc/Bureau/codef1tenth/src/install/Waypoints/share/ament_index/resource_index
creating /home/etdisc/Bureau/codef1tenth/src/install/Waypoints/share/ament_index/resource_index/packages
copying resource/Waypoints -> /home/etdisc/Bureau/codef1tenth/src/install/Waypoints/share/ament_index/resource_index/packages
copying package.xml -> /home/etdisc/Bureau/codef1tenth/src/install/Waypoints/share/Waypoints
running install_egg_info
Copying ../build/Waypoints/Waypoints.egg-info to /home/etdisc/Bureau/codef1tenth/src/install/Waypoints/lib/python3.8/site-packages/Waypoints-0.0.0-py3.8.egg-info
running install_scripts
Installing pure_pursuit script to /home/etdisc/Bureau/codef1tenth/src/install/Waypoints/lib/Waypoints
Installing pure_pursuit2 script to /home/etdisc/Bureau/codef1tenth/src/install/Waypoints/lib/Waypoints
Installing waypoints_logger script to /home/etdisc/Bureau/codef1tenth/src/install/Waypoints/lib/Waypoints
writing list of installed files to '/home/etdisc/Bureau/codef1tenth/src/build/Waypoints/install.log'
