[4.088s] Invoking command in '/home/etdisc/Bureau/codef1tenth/src/Waypoints': PYTHONPATH=/home/etdisc/Bureau/codef1tenth/src/build/Waypoints/prefix_override:/usr/lib/python3/dist-packages/colcon_core/task/python/colcon_distutils_commands:/home/etdisc/Bureau/codef1tenth/src/install/Waypoints/lib/python3.8/site-packages:${PYTHONPATH} /usr/bin/python3 -W ignore:setup.py install is deprecated -W ignore:easy_install command is deprecated setup.py egg_info --egg-base ../build/Waypoints build --build-base /home/etdisc/Bureau/codef1tenth/src/build/Waypoints/build install --record /home/etdisc/Bureau/codef1tenth/src/build/Waypoints/install.log --single-version-externally-managed install_data
[4.844s] running egg_info
[4.845s] creating ../build/Waypoints/Waypoints.egg-info
[4.849s] writing ../build/Waypoints/Waypoints.egg-info/PKG-INFO
[4.849s] writing dependency_links to ../build/Waypoints/Waypoints.egg-info/dependency_links.txt
[4.849s] writing entry points to ../build/Waypoints/Waypoints.egg-info/entry_points.txt
[4.850s] writing requirements to ../build/Waypoints/Waypoints.egg-info/requires.txt
[4.850s] writing top-level names to ../build/Waypoints/Waypoints.egg-info/top_level.txt
[4.850s] writing manifest file '../build/Waypoints/Waypoints.egg-info/SOURCES.txt'
[4.850s] reading manifest file '../build/Waypoints/Waypoints.egg-info/SOURCES.txt'
[4.850s] writing manifest file '../build/Waypoints/Waypoints.egg-info/SOURCES.txt'
[4.851s] running build
[4.851s] running build_py
[4.851s] creating /home/etdisc/Bureau/codef1tenth/src/build/Waypoints/build
[4.851s] creating /home/etdisc/Bureau/codef1tenth/src/build/Waypoints/build/lib
[4.851s] creating /home/etdisc/Bureau/codef1tenth/src/build/Waypoints/build/lib/Waypoints
[4.851s] copying Waypoints/pure_pursuit.py -> /home/etdisc/Bureau/codef1tenth/src/build/Waypoints/build/lib/Waypoints
[4.851s] copying Waypoints/pure_pursuit2.py -> /home/etdisc/Bureau/codef1tenth/src/build/Waypoints/build/lib/Waypoints
[4.851s] copying Waypoints/__init__.py -> /home/etdisc/Bureau/codef1tenth/src/build/Waypoints/build/lib/Waypoints
[4.851s] copying Waypoints/waypoint_logger_pure_pursuit.py -> /home/etdisc/Bureau/codef1tenth/src/build/Waypoints/build/lib/Waypoints
[4.852s] running install
[4.852s] running install_lib
[4.852s] creating /home/etdisc/Bureau/codef1tenth/src/install/Waypoints/lib/python3.8/site-packages/Waypoints
[4.852s] copying /home/etdisc/Bureau/codef1tenth/src/build/Waypoints/build/lib/Waypoints/pure_pursuit.py -> /home/etdisc/Bureau/codef1tenth/src/install/Waypoints/lib/python3.8/site-packages/Waypoints
[4.852s] copying /home/etdisc/Bureau/codef1tenth/src/build/Waypoints/build/lib/Waypoints/pure_pursuit2.py -> /home/etdisc/Bureau/codef1tenth/src/install/Waypoints/lib/python3.8/site-packages/Waypoints
[4.852s] copying /home/etdisc/Bureau/codef1tenth/src/build/Waypoints/build/lib/Waypoints/__init__.py -> /home/etdisc/Bureau/codef1tenth/src/install/Waypoints/lib/python3.8/site-packages/Waypoints
[4.852s] copying /home/etdisc/Bureau/codef1tenth/src/build/Waypoints/build/lib/Waypoints/waypoint_logger_pure_pursuit.py -> /home/etdisc/Bureau/codef1tenth/src/install/Waypoints/lib/python3.8/site-packages/Waypoints
[4.853s] byte-compiling /home/etdisc/Bureau/codef1tenth/src/install/Waypoints/lib/python3.8/site-packages/Waypoints/pure_pursuit.py to pure_pursuit.cpython-38.pyc
[4.853s] byte-compiling /home/etdisc/Bureau/codef1tenth/src/install/Waypoints/lib/python3.8/site-packages/Waypoints/pure_pursuit2.py to pure_pursuit2.cpython-38.pyc
[4.853s] byte-compiling /home/etdisc/Bureau/codef1tenth/src/install/Waypoints/lib/python3.8/site-packages/Waypoints/__init__.py to __init__.cpython-38.pyc
[4.853s] byte-compiling /home/etdisc/Bureau/codef1tenth/src/install/Waypoints/lib/python3.8/site-packages/Waypoints/waypoint_logger_pure_pursuit.py to waypoint_logger_pure_pursuit.cpython-38.pyc
[4.853s] running install_data
[4.854s] creating /home/etdisc/Bureau/codef1tenth/src/install/Waypoints/share/ament_index
[4.854s] creating /home/etdisc/Bureau/codef1tenth/src/install/Waypoints/share/ament_index/resource_index
[4.855s] creating /home/etdisc/Bureau/codef1tenth/src/install/Waypoints/share/ament_index/resource_index/packages
[4.855s] copying resource/Waypoints -> /home/etdisc/Bureau/codef1tenth/src/install/Waypoints/share/ament_index/resource_index/packages
[4.855s] copying package.xml -> /home/etdisc/Bureau/codef1tenth/src/install/Waypoints/share/Waypoints
[4.855s] running install_egg_info
[4.856s] Copying ../build/Waypoints/Waypoints.egg-info to /home/etdisc/Bureau/codef1tenth/src/install/Waypoints/lib/python3.8/site-packages/Waypoints-0.0.0-py3.8.egg-info
[4.856s] running install_scripts
[4.874s] Installing pure_pursuit script to /home/etdisc/Bureau/codef1tenth/src/install/Waypoints/lib/Waypoints
[4.875s] Installing pure_pursuit2 script to /home/etdisc/Bureau/codef1tenth/src/install/Waypoints/lib/Waypoints
[4.875s] Installing waypoints_logger script to /home/etdisc/Bureau/codef1tenth/src/install/Waypoints/lib/Waypoints
[4.875s] writing list of installed files to '/home/etdisc/Bureau/codef1tenth/src/build/Waypoints/install.log'
[5.023s] Invoked command in '/home/etdisc/Bureau/codef1tenth/src/Waypoints' returned '0': PYTHONPATH=/home/etdisc/Bureau/codef1tenth/src/build/Waypoints/prefix_override:/usr/lib/python3/dist-packages/colcon_core/task/python/colcon_distutils_commands:/home/etdisc/Bureau/codef1tenth/src/install/Waypoints/lib/python3.8/site-packages:${PYTHONPATH} /usr/bin/python3 -W ignore:setup.py install is deprecated -W ignore:easy_install command is deprecated setup.py egg_info --egg-base ../build/Waypoints build --build-base /home/etdisc/Bureau/codef1tenth/src/build/Waypoints/build install --record /home/etdisc/Bureau/codef1tenth/src/build/Waypoints/install.log --single-version-externally-managed install_data
