[3.286s] Invoking command in '/home/etdisc/Bureau/codef1tenth/src/Planif': PYTHONPATH=/home/etdisc/Bureau/codef1tenth/src/build/Planif/prefix_override:/usr/lib/python3/dist-packages/colcon_core/task/python/colcon_distutils_commands:/home/etdisc/Bureau/codef1tenth/src/install/Planif/lib/python3.8/site-packages:${PYTHONPATH} /usr/bin/python3 -W ignore:setup.py install is deprecated -W ignore:easy_install command is deprecated setup.py egg_info --egg-base ../build/Planif build --build-base /home/etdisc/Bureau/codef1tenth/src/build/Planif/build install --record /home/etdisc/Bureau/codef1tenth/src/build/Planif/install.log --single-version-externally-managed install_data
[3.875s] running egg_info
[3.878s] writing ../build/Planif/Planif.egg-info/PKG-INFO
[3.880s] writing dependency_links to ../build/Planif/Planif.egg-info/dependency_links.txt
[3.881s] writing entry points to ../build/Planif/Planif.egg-info/entry_points.txt
[3.882s] writing requirements to ../build/Planif/Planif.egg-info/requires.txt
[3.883s] writing top-level names to ../build/Planif/Planif.egg-info/top_level.txt
[3.957s] reading manifest file '../build/Planif/Planif.egg-info/SOURCES.txt'
[3.959s] writing manifest file '../build/Planif/Planif.egg-info/SOURCES.txt'
[3.961s] running build
[3.962s] running build_py
[3.963s] running install
[3.964s] running install_lib
[3.966s] running install_data
[3.966s] running install_egg_info
[3.973s] removing '/home/etdisc/Bureau/codef1tenth/src/install/Planif/lib/python3.8/site-packages/Planif-0.1.0-py3.8.egg-info' (and everything under it)
[3.974s] Copying ../build/Planif/Planif.egg-info to /home/etdisc/Bureau/codef1tenth/src/install/Planif/lib/python3.8/site-packages/Planif-0.1.0-py3.8.egg-info
[3.975s] running install_scripts
[4.014s] Installing A_star script to /home/etdisc/Bureau/codef1tenth/src/install/Planif/lib/Planif
[4.026s] Installing A_star_SLAM script to /home/etdisc/Bureau/codef1tenth/src/install/Planif/lib/Planif
[4.028s] writing list of installed files to '/home/etdisc/Bureau/codef1tenth/src/build/Planif/install.log'
[4.140s] Invoked command in '/home/etdisc/Bureau/codef1tenth/src/Planif' returned '0': PYTHONPATH=/home/etdisc/Bureau/codef1tenth/src/build/Planif/prefix_override:/usr/lib/python3/dist-packages/colcon_core/task/python/colcon_distutils_commands:/home/etdisc/Bureau/codef1tenth/src/install/Planif/lib/python3.8/site-packages:${PYTHONPATH} /usr/bin/python3 -W ignore:setup.py install is deprecated -W ignore:easy_install command is deprecated setup.py egg_info --egg-base ../build/Planif build --build-base /home/etdisc/Bureau/codef1tenth/src/build/Planif/build install --record /home/etdisc/Bureau/codef1tenth/src/build/Planif/install.log --single-version-externally-managed install_data
