[4.320s] Invoking command in '/home/etdisc/Bureau/codef1tenth/src/Planif': PYTHONPATH=/home/etdisc/Bureau/codef1tenth/build/Planif/prefix_override:/usr/lib/python3/dist-packages/colcon_core/task/python/colcon_distutils_commands:/home/etdisc/Bureau/codef1tenth/install/Planif/lib/python3.8/site-packages:${PYTHONPATH} /usr/bin/python3 -W ignore:setup.py install is deprecated -W ignore:easy_install command is deprecated setup.py egg_info --egg-base ../../build/Planif build --build-base /home/etdisc/Bureau/codef1tenth/build/Planif/build install --record /home/etdisc/Bureau/codef1tenth/build/Planif/install.log --single-version-externally-managed install_data
[5.175s] running egg_info
[5.176s] writing ../../build/Planif/Planif.egg-info/PKG-INFO
[5.177s] writing dependency_links to ../../build/Planif/Planif.egg-info/dependency_links.txt
[5.178s] writing entry points to ../../build/Planif/Planif.egg-info/entry_points.txt
[5.178s] writing requirements to ../../build/Planif/Planif.egg-info/requires.txt
[5.178s] writing top-level names to ../../build/Planif/Planif.egg-info/top_level.txt
[5.260s] reading manifest file '../../build/Planif/Planif.egg-info/SOURCES.txt'
[5.262s] writing manifest file '../../build/Planif/Planif.egg-info/SOURCES.txt'
[5.263s] running build
[5.263s] running build_py
[5.264s] running install
[5.266s] running install_lib
[5.269s] running install_data
[5.269s] running install_egg_info
[5.274s] removing '/home/etdisc/Bureau/codef1tenth/install/Planif/lib/python3.8/site-packages/Planif-0.1.0-py3.8.egg-info' (and everything under it)
[5.275s] Copying ../../build/Planif/Planif.egg-info to /home/etdisc/Bureau/codef1tenth/install/Planif/lib/python3.8/site-packages/Planif-0.1.0-py3.8.egg-info
[5.276s] running install_scripts
[5.313s] Installing A_star script to /home/etdisc/Bureau/codef1tenth/install/Planif/lib/Planif
[5.314s] Installing A_star_SLAM script to /home/etdisc/Bureau/codef1tenth/install/Planif/lib/Planif
[5.314s] writing list of installed files to '/home/etdisc/Bureau/codef1tenth/build/Planif/install.log'
[5.818s] Invoked command in '/home/etdisc/Bureau/codef1tenth/src/Planif' returned '0': PYTHONPATH=/home/etdisc/Bureau/codef1tenth/build/Planif/prefix_override:/usr/lib/python3/dist-packages/colcon_core/task/python/colcon_distutils_commands:/home/etdisc/Bureau/codef1tenth/install/Planif/lib/python3.8/site-packages:${PYTHONPATH} /usr/bin/python3 -W ignore:setup.py install is deprecated -W ignore:easy_install command is deprecated setup.py egg_info --egg-base ../../build/Planif build --build-base /home/etdisc/Bureau/codef1tenth/build/Planif/build install --record /home/etdisc/Bureau/codef1tenth/build/Planif/install.log --single-version-externally-managed install_data
