[3.786s] Invoking command in '/home/etdisc/Bureau/codef1tenth/src/Mapping': PYTHONPATH=/home/etdisc/Bureau/codef1tenth/build/Mapping/prefix_override:/usr/lib/python3/dist-packages/colcon_core/task/python/colcon_distutils_commands:/home/etdisc/Bureau/codef1tenth/install/Mapping/lib/python3.8/site-packages:${PYTHONPATH} /usr/bin/python3 -W ignore:setup.py install is deprecated -W ignore:easy_install command is deprecated setup.py egg_info --egg-base ../../build/Mapping build --build-base /home/etdisc/Bureau/codef1tenth/build/Mapping/build install --record /home/etdisc/Bureau/codef1tenth/build/Mapping/install.log --single-version-externally-managed install_data
[4.516s] running egg_info
[4.518s] writing ../../build/Mapping/Mapping.egg-info/PKG-INFO
[4.519s] writing dependency_links to ../../build/Mapping/Mapping.egg-info/dependency_links.txt
[4.520s] writing entry points to ../../build/Mapping/Mapping.egg-info/entry_points.txt
[4.521s] writing requirements to ../../build/Mapping/Mapping.egg-info/requires.txt
[4.523s] writing top-level names to ../../build/Mapping/Mapping.egg-info/top_level.txt
[4.615s] reading manifest file '../../build/Mapping/Mapping.egg-info/SOURCES.txt'
[4.619s] writing manifest file '../../build/Mapping/Mapping.egg-info/SOURCES.txt'
[4.619s] running build
[4.619s] running build_py
[4.621s] running install
[4.628s] running install_lib
[4.629s] running install_data
[4.631s] running install_egg_info
[4.636s] removing '/home/etdisc/Bureau/codef1tenth/install/Mapping/lib/python3.8/site-packages/Mapping-0.0.0-py3.8.egg-info' (and everything under it)
[4.637s] Copying ../../build/Mapping/Mapping.egg-info to /home/etdisc/Bureau/codef1tenth/install/Mapping/lib/python3.8/site-packages/Mapping-0.0.0-py3.8.egg-info
[4.640s] running install_scripts
[4.724s] Installing centerline_extraction script to /home/etdisc/Bureau/codef1tenth/install/Mapping/lib/Mapping
[4.777s] Installing custom_slam script to /home/etdisc/Bureau/codef1tenth/install/Mapping/lib/Mapping
[4.777s] Installing occupancy_grid script to /home/etdisc/Bureau/codef1tenth/install/Mapping/lib/Mapping
[4.778s] Installing pose_listener script to /home/etdisc/Bureau/codef1tenth/install/Mapping/lib/Mapping
[4.778s] Installing scan_filter script to /home/etdisc/Bureau/codef1tenth/install/Mapping/lib/Mapping
[4.778s] Installing virtual_imu script to /home/etdisc/Bureau/codef1tenth/install/Mapping/lib/Mapping
[4.844s] writing list of installed files to '/home/etdisc/Bureau/codef1tenth/build/Mapping/install.log'
[5.381s] Invoked command in '/home/etdisc/Bureau/codef1tenth/src/Mapping' returned '0': PYTHONPATH=/home/etdisc/Bureau/codef1tenth/build/Mapping/prefix_override:/usr/lib/python3/dist-packages/colcon_core/task/python/colcon_distutils_commands:/home/etdisc/Bureau/codef1tenth/install/Mapping/lib/python3.8/site-packages:${PYTHONPATH} /usr/bin/python3 -W ignore:setup.py install is deprecated -W ignore:easy_install command is deprecated setup.py egg_info --egg-base ../../build/Mapping build --build-base /home/etdisc/Bureau/codef1tenth/build/Mapping/build install --record /home/etdisc/Bureau/codef1tenth/build/Mapping/install.log --single-version-externally-managed install_data
