[3.425s] Invoking command in '/home/etdisc/Bureau/codef1tenth/src/Simple_algo': PYTHONPATH=/home/etdisc/Bureau/codef1tenth/src/build/Simple_algo/prefix_override:/usr/lib/python3/dist-packages/colcon_core/task/python/colcon_distutils_commands:/home/etdisc/Bureau/codef1tenth/src/install/Simple_algo/lib/python3.8/site-packages:${PYTHONPATH} /usr/bin/python3 -W ignore:setup.py install is deprecated -W ignore:easy_install command is deprecated setup.py egg_info --egg-base ../build/Simple_algo build --build-base /home/etdisc/Bureau/codef1tenth/src/build/Simple_algo/build install --record /home/etdisc/Bureau/codef1tenth/src/build/Simple_algo/install.log --single-version-externally-managed install_data
[4.109s] running egg_info
[4.111s] writing ../build/Simple_algo/Simple_algo.egg-info/PKG-INFO
[4.112s] writing dependency_links to ../build/Simple_algo/Simple_algo.egg-info/dependency_links.txt
[4.113s] writing entry points to ../build/Simple_algo/Simple_algo.egg-info/entry_points.txt
[4.113s] writing requirements to ../build/Simple_algo/Simple_algo.egg-info/requires.txt
[4.113s] writing top-level names to ../build/Simple_algo/Simple_algo.egg-info/top_level.txt
[4.205s] reading manifest file '../build/Simple_algo/Simple_algo.egg-info/SOURCES.txt'
[4.215s] writing manifest file '../build/Simple_algo/Simple_algo.egg-info/SOURCES.txt'
[4.217s] running build
[4.223s] running build_py
[4.226s] running install
[4.232s] running install_lib
[4.233s] running install_data
[4.234s] running install_egg_info
[4.236s] removing '/home/etdisc/Bureau/codef1tenth/src/install/Simple_algo/lib/python3.8/site-packages/Simple_algo-1.0.0-py3.8.egg-info' (and everything under it)
[4.237s] Copying ../build/Simple_algo/Simple_algo.egg-info to /home/etdisc/Bureau/codef1tenth/src/install/Simple_algo/lib/python3.8/site-packages/Simple_algo-1.0.0-py3.8.egg-info
[4.237s] running install_scripts
[4.279s] Installing disparity_extender script to /home/etdisc/Bureau/codef1tenth/src/install/Simple_algo/lib/Simple_algo
[4.281s] Installing fast_disparity_extender script to /home/etdisc/Bureau/codef1tenth/src/install/Simple_algo/lib/Simple_algo
[4.281s] Installing gap_follow script to /home/etdisc/Bureau/codef1tenth/src/install/Simple_algo/lib/Simple_algo
[4.282s] Installing wall_follow script to /home/etdisc/Bureau/codef1tenth/src/install/Simple_algo/lib/Simple_algo
[4.283s] Installing wall_follow_penn script to /home/etdisc/Bureau/codef1tenth/src/install/Simple_algo/lib/Simple_algo
[4.284s] writing list of installed files to '/home/etdisc/Bureau/codef1tenth/src/build/Simple_algo/install.log'
[4.720s] Invoked command in '/home/etdisc/Bureau/codef1tenth/src/Simple_algo' returned '0': PYTHONPATH=/home/etdisc/Bureau/codef1tenth/src/build/Simple_algo/prefix_override:/usr/lib/python3/dist-packages/colcon_core/task/python/colcon_distutils_commands:/home/etdisc/Bureau/codef1tenth/src/install/Simple_algo/lib/python3.8/site-packages:${PYTHONPATH} /usr/bin/python3 -W ignore:setup.py install is deprecated -W ignore:easy_install command is deprecated setup.py egg_info --egg-base ../build/Simple_algo build --build-base /home/etdisc/Bureau/codef1tenth/src/build/Simple_algo/build install --record /home/etdisc/Bureau/codef1tenth/src/build/Simple_algo/install.log --single-version-externally-managed install_data
