[3.164s] Invoking command in '/home/etdisc/Bureau/codef1tenth/src/Mapping': PYTHONPATH=/home/etdisc/Bureau/codef1tenth/src/build/Mapping/prefix_override:/usr/lib/python3/dist-packages/colcon_core/task/python/colcon_distutils_commands:/home/etdisc/Bureau/codef1tenth/src/install/Mapping/lib/python3.8/site-packages:${PYTHONPATH} /usr/bin/python3 -W ignore:setup.py install is deprecated -W ignore:easy_install command is deprecated setup.py egg_info --egg-base ../build/Mapping build --build-base /home/etdisc/Bureau/codef1tenth/src/build/Mapping/build install --record /home/etdisc/Bureau/codef1tenth/src/build/Mapping/install.log --single-version-externally-managed install_data
[3.757s] running egg_info
[3.757s] writing ../build/Mapping/Mapping.egg-info/PKG-INFO
[3.758s] writing dependency_links to ../build/Mapping/Mapping.egg-info/dependency_links.txt
[3.759s] writing entry points to ../build/Mapping/Mapping.egg-info/entry_points.txt
[3.760s] writing requirements to ../build/Mapping/Mapping.egg-info/requires.txt
[3.760s] writing top-level names to ../build/Mapping/Mapping.egg-info/top_level.txt
[3.830s] reading manifest file '../build/Mapping/Mapping.egg-info/SOURCES.txt'
[3.832s] writing manifest file '../build/Mapping/Mapping.egg-info/SOURCES.txt'
[3.833s] running build
[3.833s] running build_py
[3.834s] running install
[3.835s] running install_lib
[3.839s] running install_data
[3.839s] running install_egg_info
[3.843s] removing '/home/etdisc/Bureau/codef1tenth/src/install/Mapping/lib/python3.8/site-packages/Mapping-0.0.0-py3.8.egg-info' (and everything under it)
[3.843s] Copying ../build/Mapping/Mapping.egg-info to /home/etdisc/Bureau/codef1tenth/src/install/Mapping/lib/python3.8/site-packages/Mapping-0.0.0-py3.8.egg-info
[3.845s] running install_scripts
[3.889s] Installing centerline_extraction script to /home/etdisc/Bureau/codef1tenth/src/install/Mapping/lib/Mapping
[3.889s] Installing custom_slam script to /home/etdisc/Bureau/codef1tenth/src/install/Mapping/lib/Mapping
[3.889s] Installing pose_listener script to /home/etdisc/Bureau/codef1tenth/src/install/Mapping/lib/Mapping
[3.890s] Installing scan_filter script to /home/etdisc/Bureau/codef1tenth/src/install/Mapping/lib/Mapping
[3.890s] Installing virtual_imu script to /home/etdisc/Bureau/codef1tenth/src/install/Mapping/lib/Mapping
[3.891s] writing list of installed files to '/home/etdisc/Bureau/codef1tenth/src/build/Mapping/install.log'
[4.015s] Invoked command in '/home/etdisc/Bureau/codef1tenth/src/Mapping' returned '0': PYTHONPATH=/home/etdisc/Bureau/codef1tenth/src/build/Mapping/prefix_override:/usr/lib/python3/dist-packages/colcon_core/task/python/colcon_distutils_commands:/home/etdisc/Bureau/codef1tenth/src/install/Mapping/lib/python3.8/site-packages:${PYTHONPATH} /usr/bin/python3 -W ignore:setup.py install is deprecated -W ignore:easy_install command is deprecated setup.py egg_info --egg-base ../build/Mapping build --build-base /home/etdisc/Bureau/codef1tenth/src/build/Mapping/build install --record /home/etdisc/Bureau/codef1tenth/src/build/Mapping/install.log --single-version-externally-managed install_data
