running egg_info
writing ../build/Planif/Planif.egg-info/PKG-INFO
writing dependency_links to ../build/Planif/Planif.egg-info/dependency_links.txt
writing entry points to ../build/Planif/Planif.egg-info/entry_points.txt
writing requirements to ../build/Planif/Planif.egg-info/requires.txt
writing top-level names to ../build/Planif/Planif.egg-info/top_level.txt
reading manifest file '../build/Planif/Planif.egg-info/SOURCES.txt'
writing manifest file '../build/Planif/Planif.egg-info/SOURCES.txt'
running build
running build_py
running install
running install_lib
running install_data
running install_egg_info
removing '/home/etdisc/Bureau/codef1tenth/src/install/Planif/lib/python3.8/site-packages/Planif-0.1.0-py3.8.egg-info' (and everything under it)
Copying ../build/Planif/Planif.egg-info to /home/etdisc/Bureau/codef1tenth/src/install/Planif/lib/python3.8/site-packages/Planif-0.1.0-py3.8.egg-info
running install_scripts
Installing A_star script to /home/etdisc/Bureau/codef1tenth/src/install/Planif/lib/Planif
Installing A_star_SLAM script to /home/etdisc/Bureau/codef1tenth/src/install/Planif/lib/Planif
writing list of installed files to '/home/etdisc/Bureau/codef1tenth/src/build/Planif/install.log'
