[4.308s] Invoking command in '/home/etdisc/Bureau/codef1tenth/src/Planif': PYTHONPATH=/home/etdisc/Bureau/codef1tenth/build/Planif/prefix_override:/usr/lib/python3/dist-packages/colcon_core/task/python/colcon_distutils_commands:/home/etdisc/Bureau/codef1tenth/install/Planif/lib/python3.8/site-packages:${PYTHONPATH} /usr/bin/python3 -W ignore:setup.py install is deprecated -W ignore:easy_install command is deprecated setup.py egg_info --egg-base ../../build/Planif build --build-base /home/etdisc/Bureau/codef1tenth/build/Planif/build install --record /home/etdisc/Bureau/codef1tenth/build/Planif/install.log --single-version-externally-managed install_data
[5.222s] running egg_info
[5.222s] writing ../../build/Planif/Planif.egg-info/PKG-INFO
[5.223s] writing dependency_links to ../../build/Planif/Planif.egg-info/dependency_links.txt
[5.224s] writing entry points to ../../build/Planif/Planif.egg-info/entry_points.txt
[5.227s] writing requirements to ../../build/Planif/Planif.egg-info/requires.txt
[5.229s] writing top-level names to ../../build/Planif/Planif.egg-info/top_level.txt
[5.325s] reading manifest file '../../build/Planif/Planif.egg-info/SOURCES.txt'
[5.337s] writing manifest file '../../build/Planif/Planif.egg-info/SOURCES.txt'
[5.338s] running build
[5.338s] running build_py
[5.343s] running install
[5.345s] running install_lib
[5.352s] running install_data
[5.352s] running install_egg_info
[5.357s] removing '/home/etdisc/Bureau/codef1tenth/install/Planif/lib/python3.8/site-packages/Planif-0.1.0-py3.8.egg-info' (and everything under it)
[5.359s] Copying ../../build/Planif/Planif.egg-info to /home/etdisc/Bureau/codef1tenth/install/Planif/lib/python3.8/site-packages/Planif-0.1.0-py3.8.egg-info
[5.360s] running install_scripts
[5.405s] Installing A_star script to /home/etdisc/Bureau/codef1tenth/install/Planif/lib/Planif
[5.408s] Installing A_star_SLAM script to /home/etdisc/Bureau/codef1tenth/install/Planif/lib/Planif
[5.411s] writing list of installed files to '/home/etdisc/Bureau/codef1tenth/build/Planif/install.log'
[5.640s] Invoked command in '/home/etdisc/Bureau/codef1tenth/src/Planif' returned '0': PYTHONPATH=/home/etdisc/Bureau/codef1tenth/build/Planif/prefix_override:/usr/lib/python3/dist-packages/colcon_core/task/python/colcon_distutils_commands:/home/etdisc/Bureau/codef1tenth/install/Planif/lib/python3.8/site-packages:${PYTHONPATH} /usr/bin/python3 -W ignore:setup.py install is deprecated -W ignore:easy_install command is deprecated setup.py egg_info --egg-base ../../build/Planif build --build-base /home/etdisc/Bureau/codef1tenth/build/Planif/build install --record /home/etdisc/Bureau/codef1tenth/build/Planif/install.log --single-version-externally-managed install_data
