[1.264s] Invoking command in '/home/etdisc/Bureau/codef1tenth/src/timer': PYTHONPATH=/home/etdisc/Bureau/codef1tenth/build/timer/prefix_override:/usr/lib/python3/dist-packages/colcon_core/task/python/colcon_distutils_commands:/home/etdisc/Bureau/codef1tenth/install/timer/lib/python3.8/site-packages:${PYTHONPATH} /usr/bin/python3 -W ignore:setup.py install is deprecated -W ignore:easy_install command is deprecated setup.py egg_info --egg-base ../../build/timer build --build-base /home/etdisc/Bureau/codef1tenth/build/timer/build install --record /home/etdisc/Bureau/codef1tenth/build/timer/install.log --single-version-externally-managed install_data
[1.547s] running egg_info
[1.548s] writing ../../build/timer/timer.egg-info/PKG-INFO
[1.550s] writing dependency_links to ../../build/timer/timer.egg-info/dependency_links.txt
[1.550s] writing entry points to ../../build/timer/timer.egg-info/entry_points.txt
[1.551s] writing requirements to ../../build/timer/timer.egg-info/requires.txt
[1.551s] writing top-level names to ../../build/timer/timer.egg-info/top_level.txt
[1.587s] reading manifest file '../../build/timer/timer.egg-info/SOURCES.txt'
[1.589s] writing manifest file '../../build/timer/timer.egg-info/SOURCES.txt'
[1.589s] running build
[1.589s] running build_py
[1.589s] running install
[1.590s] running install_lib
[1.592s] running install_data
[1.592s] running install_egg_info
[1.594s] removing '/home/etdisc/Bureau/codef1tenth/install/timer/lib/python3.8/site-packages/timer-0.0.0-py3.8.egg-info' (and everything under it)
[1.598s] Copying ../../build/timer/timer.egg-info to /home/etdisc/Bureau/codef1tenth/install/timer/lib/python3.8/site-packages/timer-0.0.0-py3.8.egg-info
[1.599s] running install_scripts
[1.619s] Installing timer script to /home/etdisc/Bureau/codef1tenth/install/timer/lib/timer
[1.619s] writing list of installed files to '/home/etdisc/Bureau/codef1tenth/build/timer/install.log'
[1.648s] Invoked command in '/home/etdisc/Bureau/codef1tenth/src/timer' returned '0': PYTHONPATH=/home/etdisc/Bureau/codef1tenth/build/timer/prefix_override:/usr/lib/python3/dist-packages/colcon_core/task/python/colcon_distutils_commands:/home/etdisc/Bureau/codef1tenth/install/timer/lib/python3.8/site-packages:${PYTHONPATH} /usr/bin/python3 -W ignore:setup.py install is deprecated -W ignore:easy_install command is deprecated setup.py egg_info --egg-base ../../build/timer build --build-base /home/etdisc/Bureau/codef1tenth/build/timer/build install --record /home/etdisc/Bureau/codef1tenth/build/timer/install.log --single-version-externally-managed install_data
