[3.564s] Invoking command in '/home/etdisc/Bureau/codef1tenth/src/AEB': PYTHONPATH=/home/etdisc/Bureau/codef1tenth/build/AEB/prefix_override:/usr/lib/python3/dist-packages/colcon_core/task/python/colcon_distutils_commands:/home/etdisc/Bureau/codef1tenth/install/AEB/lib/python3.8/site-packages:${PYTHONPATH} /usr/bin/python3 -W ignore:setup.py install is deprecated -W ignore:easy_install command is deprecated setup.py egg_info --egg-base ../../build/AEB build --build-base /home/etdisc/Bureau/codef1tenth/build/AEB/build install --record /home/etdisc/Bureau/codef1tenth/build/AEB/install.log --single-version-externally-managed install_data
[4.193s] running egg_info
[4.194s] creating ../../build/AEB/AEB.egg-info
[4.194s] writing ../../build/AEB/AEB.egg-info/PKG-INFO
[4.195s] writing dependency_links to ../../build/AEB/AEB.egg-info/dependency_links.txt
[4.195s] writing entry points to ../../build/AEB/AEB.egg-info/entry_points.txt
[4.195s] writing requirements to ../../build/AEB/AEB.egg-info/requires.txt
[4.196s] writing top-level names to ../../build/AEB/AEB.egg-info/top_level.txt
[4.200s] writing manifest file '../../build/AEB/AEB.egg-info/SOURCES.txt'
[4.272s] reading manifest file '../../build/AEB/AEB.egg-info/SOURCES.txt'
[4.274s] writing manifest file '../../build/AEB/AEB.egg-info/SOURCES.txt'
[4.274s] running build
[4.275s] running build_py
[4.275s] creating /home/etdisc/Bureau/codef1tenth/build/AEB/build
[4.275s] creating /home/etdisc/Bureau/codef1tenth/build/AEB/build/lib
[4.275s] creating /home/etdisc/Bureau/codef1tenth/build/AEB/build/lib/AEB
[4.275s] copying AEB/aeb2.py -> /home/etdisc/Bureau/codef1tenth/build/AEB/build/lib/AEB
[4.277s] copying AEB/multiplexer.py -> /home/etdisc/Bureau/codef1tenth/build/AEB/build/lib/AEB
[4.277s] copying AEB/__init__.py -> /home/etdisc/Bureau/codef1tenth/build/AEB/build/lib/AEB
[4.277s] copying AEB/AEB.py -> /home/etdisc/Bureau/codef1tenth/build/AEB/build/lib/AEB
[4.278s] running install
[4.280s] running install_lib
[4.283s] creating /home/etdisc/Bureau/codef1tenth/install/AEB/lib/python3.8/site-packages/AEB
[4.283s] copying /home/etdisc/Bureau/codef1tenth/build/AEB/build/lib/AEB/aeb2.py -> /home/etdisc/Bureau/codef1tenth/install/AEB/lib/python3.8/site-packages/AEB
[4.283s] copying /home/etdisc/Bureau/codef1tenth/build/AEB/build/lib/AEB/multiplexer.py -> /home/etdisc/Bureau/codef1tenth/install/AEB/lib/python3.8/site-packages/AEB
[4.284s] copying /home/etdisc/Bureau/codef1tenth/build/AEB/build/lib/AEB/__init__.py -> /home/etdisc/Bureau/codef1tenth/install/AEB/lib/python3.8/site-packages/AEB
[4.284s] copying /home/etdisc/Bureau/codef1tenth/build/AEB/build/lib/AEB/AEB.py -> /home/etdisc/Bureau/codef1tenth/install/AEB/lib/python3.8/site-packages/AEB
[4.286s] byte-compiling /home/etdisc/Bureau/codef1tenth/install/AEB/lib/python3.8/site-packages/AEB/aeb2.py to aeb2.cpython-38.pyc
[4.290s] byte-compiling /home/etdisc/Bureau/codef1tenth/install/AEB/lib/python3.8/site-packages/AEB/multiplexer.py to multiplexer.cpython-38.pyc
[4.292s] byte-compiling /home/etdisc/Bureau/codef1tenth/install/AEB/lib/python3.8/site-packages/AEB/__init__.py to __init__.cpython-38.pyc
[4.292s] byte-compiling /home/etdisc/Bureau/codef1tenth/install/AEB/lib/python3.8/site-packages/AEB/AEB.py to AEB.cpython-38.pyc
[4.293s] running install_data
[4.294s] creating /home/etdisc/Bureau/codef1tenth/install/AEB/share/ament_index
[4.295s] creating /home/etdisc/Bureau/codef1tenth/install/AEB/share/ament_index/resource_index
[4.309s] creating /home/etdisc/Bureau/codef1tenth/install/AEB/share/ament_index/resource_index/packages
[4.309s] copying resource/AEB -> /home/etdisc/Bureau/codef1tenth/install/AEB/share/ament_index/resource_index/packages
[4.310s] copying package.xml -> /home/etdisc/Bureau/codef1tenth/install/AEB/share/AEB
[4.311s] creating /home/etdisc/Bureau/codef1tenth/install/AEB/share/AEB/launch
[4.311s] copying launch/safe_disparity_extender.py -> /home/etdisc/Bureau/codef1tenth/install/AEB/share/AEB/launch
[4.311s] creating /home/etdisc/Bureau/codef1tenth/install/AEB/share/AEB/config
[4.312s] copying config/simulation.yaml -> /home/etdisc/Bureau/codef1tenth/install/AEB/share/AEB/config
[4.312s] copying config/real.yaml -> /home/etdisc/Bureau/codef1tenth/install/AEB/share/AEB/config
[4.312s] running install_egg_info
[4.317s] Copying ../../build/AEB/AEB.egg-info to /home/etdisc/Bureau/codef1tenth/install/AEB/lib/python3.8/site-packages/AEB-0.0.0-py3.8.egg-info
[4.319s] running install_scripts
[4.386s] Installing AEB script to /home/etdisc/Bureau/codef1tenth/install/AEB/lib/AEB
[4.388s] Installing aeb2 script to /home/etdisc/Bureau/codef1tenth/install/AEB/lib/AEB
[4.388s] Installing multiplexer script to /home/etdisc/Bureau/codef1tenth/install/AEB/lib/AEB
[4.388s] writing list of installed files to '/home/etdisc/Bureau/codef1tenth/build/AEB/install.log'
[4.605s] Invoked command in '/home/etdisc/Bureau/codef1tenth/src/AEB' returned '0': PYTHONPATH=/home/etdisc/Bureau/codef1tenth/build/AEB/prefix_override:/usr/lib/python3/dist-packages/colcon_core/task/python/colcon_distutils_commands:/home/etdisc/Bureau/codef1tenth/install/AEB/lib/python3.8/site-packages:${PYTHONPATH} /usr/bin/python3 -W ignore:setup.py install is deprecated -W ignore:easy_install command is deprecated setup.py egg_info --egg-base ../../build/AEB build --build-base /home/etdisc/Bureau/codef1tenth/build/AEB/build install --record /home/etdisc/Bureau/codef1tenth/build/AEB/install.log --single-version-externally-managed install_data
