running egg_info
writing ../build/AEB/AEB.egg-info/PKG-INFO
writing dependency_links to ../build/AEB/AEB.egg-info/dependency_links.txt
writing entry points to ../build/AEB/AEB.egg-info/entry_points.txt
writing requirements to ../build/AEB/AEB.egg-info/requires.txt
writing top-level names to ../build/AEB/AEB.egg-info/top_level.txt
reading manifest file '../build/AEB/AEB.egg-info/SOURCES.txt'
writing manifest file '../build/AEB/AEB.egg-info/SOURCES.txt'
running build
running build_py
running install
running install_lib
running install_data
running install_egg_info
removing '/home/etdisc/Bureau/codef1tenth/src/install/AEB/lib/python3.8/site-packages/AEB-0.0.0-py3.8.egg-info' (and everything under it)
Copying ../build/AEB/AEB.egg-info to /home/etdisc/Bureau/codef1tenth/src/install/AEB/lib/python3.8/site-packages/AEB-0.0.0-py3.8.egg-info
running install_scripts
Installing AEB script to /home/etdisc/Bureau/codef1tenth/src/install/AEB/lib/AEB
Installing aeb2 script to /home/etdisc/Bureau/codef1tenth/src/install/AEB/lib/AEB
Installing multiplexer script to /home/etdisc/Bureau/codef1tenth/src/install/AEB/lib/AEB
writing list of installed files to '/home/etdisc/Bureau/codef1tenth/src/build/AEB/install.log'
