[3.351s] Invoking command in '/home/etdisc/Bureau/codef1tenth/src/AEB': PYTHONPATH=/home/etdisc/Bureau/codef1tenth/src/build/AEB/prefix_override:/usr/lib/python3/dist-packages/colcon_core/task/python/colcon_distutils_commands:/home/etdisc/Bureau/codef1tenth/src/install/AEB/lib/python3.8/site-packages:${PYTHONPATH} /usr/bin/python3 -W ignore:setup.py install is deprecated -W ignore:easy_install command is deprecated setup.py egg_info --egg-base ../build/AEB build --build-base /home/etdisc/Bureau/codef1tenth/src/build/AEB/build install --record /home/etdisc/Bureau/codef1tenth/src/build/AEB/install.log --single-version-externally-managed install_data
[3.988s] running egg_info
[3.989s] writing ../build/AEB/AEB.egg-info/PKG-INFO
[4.005s] writing dependency_links to ../build/AEB/AEB.egg-info/dependency_links.txt
[4.007s] writing entry points to ../build/AEB/AEB.egg-info/entry_points.txt
[4.008s] writing requirements to ../build/AEB/AEB.egg-info/requires.txt
[4.008s] writing top-level names to ../build/AEB/AEB.egg-info/top_level.txt
[4.089s] reading manifest file '../build/AEB/AEB.egg-info/SOURCES.txt'
[4.093s] writing manifest file '../build/AEB/AEB.egg-info/SOURCES.txt'
[4.094s] running build
[4.094s] running build_py
[4.094s] running install
[4.095s] running install_lib
[4.098s] running install_data
[4.099s] running install_egg_info
[4.103s] removing '/home/etdisc/Bureau/codef1tenth/src/install/AEB/lib/python3.8/site-packages/AEB-0.0.0-py3.8.egg-info' (and everything under it)
[4.104s] Copying ../build/AEB/AEB.egg-info to /home/etdisc/Bureau/codef1tenth/src/install/AEB/lib/python3.8/site-packages/AEB-0.0.0-py3.8.egg-info
[4.106s] running install_scripts
[4.145s] Installing AEB script to /home/etdisc/Bureau/codef1tenth/src/install/AEB/lib/AEB
[4.146s] Installing aeb2 script to /home/etdisc/Bureau/codef1tenth/src/install/AEB/lib/AEB
[4.147s] Installing multiplexer script to /home/etdisc/Bureau/codef1tenth/src/install/AEB/lib/AEB
[4.148s] writing list of installed files to '/home/etdisc/Bureau/codef1tenth/src/build/AEB/install.log'
[4.325s] Invoked command in '/home/etdisc/Bureau/codef1tenth/src/AEB' returned '0': PYTHONPATH=/home/etdisc/Bureau/codef1tenth/src/build/AEB/prefix_override:/usr/lib/python3/dist-packages/colcon_core/task/python/colcon_distutils_commands:/home/etdisc/Bureau/codef1tenth/src/install/AEB/lib/python3.8/site-packages:${PYTHONPATH} /usr/bin/python3 -W ignore:setup.py install is deprecated -W ignore:easy_install command is deprecated setup.py egg_info --egg-base ../build/AEB build --build-base /home/etdisc/Bureau/codef1tenth/src/build/AEB/build install --record /home/etdisc/Bureau/codef1tenth/src/build/AEB/install.log --single-version-externally-managed install_data
