[6.617s] Invoking command in '/home/etdisc/Bureau/codef1tenth/src/Waypoints': PYTHONPATH=/home/etdisc/Bureau/codef1tenth/build/Waypoints/prefix_override:/usr/lib/python3/dist-packages/colcon_core/task/python/colcon_distutils_commands:/home/etdisc/Bureau/codef1tenth/install/Waypoints/lib/python3.8/site-packages:${PYTHONPATH} /usr/bin/python3 -W ignore:setup.py install is deprecated -W ignore:easy_install command is deprecated setup.py egg_info --egg-base ../../build/Waypoints build --build-base /home/etdisc/Bureau/codef1tenth/build/Waypoints/build install --record /home/etdisc/Bureau/codef1tenth/build/Waypoints/install.log --single-version-externally-managed install_data
[7.558s] running egg_info
[7.558s] writing ../../build/Waypoints/Waypoints.egg-info/PKG-INFO
[7.559s] writing dependency_links to ../../build/Waypoints/Waypoints.egg-info/dependency_links.txt
[7.570s] writing entry points to ../../build/Waypoints/Waypoints.egg-info/entry_points.txt
[7.582s] writing requirements to ../../build/Waypoints/Waypoints.egg-info/requires.txt
[7.582s] writing top-level names to ../../build/Waypoints/Waypoints.egg-info/top_level.txt
[7.800s] reading manifest file '../../build/Waypoints/Waypoints.egg-info/SOURCES.txt'
[7.807s] writing manifest file '../../build/Waypoints/Waypoints.egg-info/SOURCES.txt'
[7.809s] running build
[7.809s] running build_py
[7.809s] copying Waypoints/pure_pursuit.py -> /home/etdisc/Bureau/codef1tenth/build/Waypoints/build/lib/Waypoints
[7.812s] copying Waypoints/pure_pursuit2.py -> /home/etdisc/Bureau/codef1tenth/build/Waypoints/build/lib/Waypoints
[7.816s] copying Waypoints/__init__.py -> /home/etdisc/Bureau/codef1tenth/build/Waypoints/build/lib/Waypoints
[7.816s] copying Waypoints/waypoint_logger_pure_pursuit.py -> /home/etdisc/Bureau/codef1tenth/build/Waypoints/build/lib/Waypoints
[7.822s] running install
[7.825s] running install_lib
[7.825s] copying /home/etdisc/Bureau/codef1tenth/build/Waypoints/build/lib/Waypoints/pure_pursuit.py -> /home/etdisc/Bureau/codef1tenth/install/Waypoints/lib/python3.8/site-packages/Waypoints
[7.828s] copying /home/etdisc/Bureau/codef1tenth/build/Waypoints/build/lib/Waypoints/pure_pursuit2.py -> /home/etdisc/Bureau/codef1tenth/install/Waypoints/lib/python3.8/site-packages/Waypoints
[7.828s] copying /home/etdisc/Bureau/codef1tenth/build/Waypoints/build/lib/Waypoints/__init__.py -> /home/etdisc/Bureau/codef1tenth/install/Waypoints/lib/python3.8/site-packages/Waypoints
[7.828s] copying /home/etdisc/Bureau/codef1tenth/build/Waypoints/build/lib/Waypoints/waypoint_logger_pure_pursuit.py -> /home/etdisc/Bureau/codef1tenth/install/Waypoints/lib/python3.8/site-packages/Waypoints
[7.837s] byte-compiling /home/etdisc/Bureau/codef1tenth/install/Waypoints/lib/python3.8/site-packages/Waypoints/pure_pursuit.py to pure_pursuit.cpython-38.pyc
[7.845s] byte-compiling /home/etdisc/Bureau/codef1tenth/install/Waypoints/lib/python3.8/site-packages/Waypoints/pure_pursuit2.py to pure_pursuit2.cpython-38.pyc
[7.875s] byte-compiling /home/etdisc/Bureau/codef1tenth/install/Waypoints/lib/python3.8/site-packages/Waypoints/__init__.py to __init__.cpython-38.pyc
[7.875s] byte-compiling /home/etdisc/Bureau/codef1tenth/install/Waypoints/lib/python3.8/site-packages/Waypoints/waypoint_logger_pure_pursuit.py to waypoint_logger_pure_pursuit.cpython-38.pyc
[7.885s] running install_data
[7.886s] copying resource/Waypoints -> /home/etdisc/Bureau/codef1tenth/install/Waypoints/share/ament_index/resource_index/packages
[7.886s] copying package.xml -> /home/etdisc/Bureau/codef1tenth/install/Waypoints/share/Waypoints
[7.886s] running install_egg_info
[7.922s] removing '/home/etdisc/Bureau/codef1tenth/install/Waypoints/lib/python3.8/site-packages/Waypoints-0.0.0-py3.8.egg-info' (and everything under it)
[7.922s] Copying ../../build/Waypoints/Waypoints.egg-info to /home/etdisc/Bureau/codef1tenth/install/Waypoints/lib/python3.8/site-packages/Waypoints-0.0.0-py3.8.egg-info
[7.923s] running install_scripts
[8.032s] Installing pure_pursuit script to /home/etdisc/Bureau/codef1tenth/install/Waypoints/lib/Waypoints
[8.032s] Installing pure_pursuit2 script to /home/etdisc/Bureau/codef1tenth/install/Waypoints/lib/Waypoints
[8.032s] Installing waypoints_logger script to /home/etdisc/Bureau/codef1tenth/install/Waypoints/lib/Waypoints
[8.034s] writing list of installed files to '/home/etdisc/Bureau/codef1tenth/build/Waypoints/install.log'
[8.965s] Invoked command in '/home/etdisc/Bureau/codef1tenth/src/Waypoints' returned '0': PYTHONPATH=/home/etdisc/Bureau/codef1tenth/build/Waypoints/prefix_override:/usr/lib/python3/dist-packages/colcon_core/task/python/colcon_distutils_commands:/home/etdisc/Bureau/codef1tenth/install/Waypoints/lib/python3.8/site-packages:${PYTHONPATH} /usr/bin/python3 -W ignore:setup.py install is deprecated -W ignore:easy_install command is deprecated setup.py egg_info --egg-base ../../build/Waypoints build --build-base /home/etdisc/Bureau/codef1tenth/build/Waypoints/build install --record /home/etdisc/Bureau/codef1tenth/build/Waypoints/install.log --single-version-externally-managed install_data
