/home/etdisc/Bureau/codef1tenth/src/install/Waypoints/lib/python3.8/site-packages/Waypoints/pure_pursuit.py
/home/etdisc/Bureau/codef1tenth/src/install/Waypoints/lib/python3.8/site-packages/Waypoints/pure_pursuit2.py
/home/etdisc/Bureau/codef1tenth/src/install/Waypoints/lib/python3.8/site-packages/Waypoints/__init__.py
/home/etdisc/Bureau/codef1tenth/src/install/Waypoints/lib/python3.8/site-packages/Waypoints/waypoint_logger_pure_pursuit.py
/home/etdisc/Bureau/codef1tenth/src/install/Waypoints/lib/python3.8/site-packages/Waypoints/__pycache__/pure_pursuit.cpython-38.pyc
/home/etdisc/Bureau/codef1tenth/src/install/Waypoints/lib/python3.8/site-packages/Waypoints/__pycache__/pure_pursuit2.cpython-38.pyc
/home/etdisc/Bureau/codef1tenth/src/install/Waypoints/lib/python3.8/site-packages/Waypoints/__pycache__/__init__.cpython-38.pyc
/home/etdisc/Bureau/codef1tenth/src/install/Waypoints/lib/python3.8/site-packages/Waypoints/__pycache__/waypoint_logger_pure_pursuit.cpython-38.pyc
/home/etdisc/Bureau/codef1tenth/src/install/Waypoints/share/ament_index/resource_index/packages/Waypoints
/home/etdisc/Bureau/codef1tenth/src/install/Waypoints/share/Waypoints/package.xml
/home/etdisc/Bureau/codef1tenth/src/install/Waypoints/lib/python3.8/site-packages/Waypoints-0.0.0-py3.8.egg-info/SOURCES.txt
/home/etdisc/Bureau/codef1tenth/src/install/Waypoints/lib/python3.8/site-packages/Waypoints-0.0.0-py3.8.egg-info/requires.txt
/home/etdisc/Bureau/codef1tenth/src/install/Waypoints/lib/python3.8/site-packages/Waypoints-0.0.0-py3.8.egg-info/zip-safe
/home/etdisc/Bureau/codef1tenth/src/install/Waypoints/lib/python3.8/site-packages/Waypoints-0.0.0-py3.8.egg-info/entry_points.txt
/home/etdisc/Bureau/codef1tenth/src/install/Waypoints/lib/python3.8/site-packages/Waypoints-0.0.0-py3.8.egg-info/top_level.txt
/home/etdisc/Bureau/codef1tenth/src/install/Waypoints/lib/python3.8/site-packages/Waypoints-0.0.0-py3.8.egg-info/PKG-INFO
/home/etdisc/Bureau/codef1tenth/src/install/Waypoints/lib/python3.8/site-packages/Waypoints-0.0.0-py3.8.egg-info/dependency_links.txt
/home/etdisc/Bureau/codef1tenth/src/install/Waypoints/lib/Waypoints/pure_pursuit
/home/etdisc/Bureau/codef1tenth/src/install/Waypoints/lib/Waypoints/pure_pursuit2
/home/etdisc/Bureau/codef1tenth/src/install/Waypoints/lib/Waypoints/waypoints_logger
