[4.152s] Invoking command in '/home/etdisc/Bureau/codef1tenth/src/Waypoints': PYTHONPATH=/home/etdisc/Bureau/codef1tenth/build/Waypoints/prefix_override:/usr/lib/python3/dist-packages/colcon_core/task/python/colcon_distutils_commands:/home/etdisc/Bureau/codef1tenth/install/Waypoints/lib/python3.8/site-packages:${PYTHONPATH} /usr/bin/python3 -W ignore:setup.py install is deprecated -W ignore:easy_install command is deprecated setup.py egg_info --egg-base ../../build/Waypoints build --build-base /home/etdisc/Bureau/codef1tenth/build/Waypoints/build install --record /home/etdisc/Bureau/codef1tenth/build/Waypoints/install.log --single-version-externally-managed install_data
[5.026s] running egg_info
[5.027s] writing ../../build/Waypoints/Waypoints.egg-info/PKG-INFO
[5.027s] writing dependency_links to ../../build/Waypoints/Waypoints.egg-info/dependency_links.txt
[5.027s] writing entry points to ../../build/Waypoints/Waypoints.egg-info/entry_points.txt
[5.038s] writing requirements to ../../build/Waypoints/Waypoints.egg-info/requires.txt
[5.038s] writing top-level names to ../../build/Waypoints/Waypoints.egg-info/top_level.txt
[5.209s] reading manifest file '../../build/Waypoints/Waypoints.egg-info/SOURCES.txt'
[5.292s] writing manifest file '../../build/Waypoints/Waypoints.egg-info/SOURCES.txt'
[5.296s] running build
[5.296s] running build_py
[5.297s] running install
[5.298s] running install_lib
[5.301s] running install_data
[5.302s] running install_egg_info
[5.314s] removing '/home/etdisc/Bureau/codef1tenth/install/Waypoints/lib/python3.8/site-packages/Waypoints-0.0.0-py3.8.egg-info' (and everything under it)
[5.314s] Copying ../../build/Waypoints/Waypoints.egg-info to /home/etdisc/Bureau/codef1tenth/install/Waypoints/lib/python3.8/site-packages/Waypoints-0.0.0-py3.8.egg-info
[5.315s] running install_scripts
[5.428s] Installing pure_pursuit script to /home/etdisc/Bureau/codef1tenth/install/Waypoints/lib/Waypoints
[5.431s] Installing pure_pursuit2 script to /home/etdisc/Bureau/codef1tenth/install/Waypoints/lib/Waypoints
[5.431s] Installing waypoints_logger script to /home/etdisc/Bureau/codef1tenth/install/Waypoints/lib/Waypoints
[5.433s] writing list of installed files to '/home/etdisc/Bureau/codef1tenth/build/Waypoints/install.log'
[5.759s] Invoked command in '/home/etdisc/Bureau/codef1tenth/src/Waypoints' returned '0': PYTHONPATH=/home/etdisc/Bureau/codef1tenth/build/Waypoints/prefix_override:/usr/lib/python3/dist-packages/colcon_core/task/python/colcon_distutils_commands:/home/etdisc/Bureau/codef1tenth/install/Waypoints/lib/python3.8/site-packages:${PYTHONPATH} /usr/bin/python3 -W ignore:setup.py install is deprecated -W ignore:easy_install command is deprecated setup.py egg_info --egg-base ../../build/Waypoints build --build-base /home/etdisc/Bureau/codef1tenth/build/Waypoints/build install --record /home/etdisc/Bureau/codef1tenth/build/Waypoints/install.log --single-version-externally-managed install_data
