[2.412s] Invoking command in '/home/etdisc/Bureau/codef1tenth/src/strategy': PYTHONPATH=/home/etdisc/Bureau/codef1tenth/src/build/strategy/prefix_override:/usr/lib/python3/dist-packages/colcon_core/task/python/colcon_distutils_commands:/home/etdisc/Bureau/codef1tenth/src/install/strategy/lib/python3.8/site-packages:${PYTHONPATH} /usr/bin/python3 -W ignore:setup.py install is deprecated -W ignore:easy_install command is deprecated setup.py egg_info --egg-base ../build/strategy build --build-base /home/etdisc/Bureau/codef1tenth/src/build/strategy/build install --record /home/etdisc/Bureau/codef1tenth/src/build/strategy/install.log --single-version-externally-managed install_data
[2.767s] running egg_info
[2.768s] writing ../build/strategy/strategy.egg-info/PKG-INFO
[2.769s] writing dependency_links to ../build/strategy/strategy.egg-info/dependency_links.txt
[2.771s] writing entry points to ../build/strategy/strategy.egg-info/entry_points.txt
[2.772s] writing requirements to ../build/strategy/strategy.egg-info/requires.txt
[2.772s] writing top-level names to ../build/strategy/strategy.egg-info/top_level.txt
[2.821s] reading manifest file '../build/strategy/strategy.egg-info/SOURCES.txt'
[2.822s] writing manifest file '../build/strategy/strategy.egg-info/SOURCES.txt'
[2.824s] running build
[2.824s] running build_py
[2.824s] running install
[2.827s] running install_lib
[2.830s] running install_data
[2.832s] running install_egg_info
[2.835s] removing '/home/etdisc/Bureau/codef1tenth/src/install/strategy/lib/python3.8/site-packages/strategy-0.0.0-py3.8.egg-info' (and everything under it)
[2.835s] Copying ../build/strategy/strategy.egg-info to /home/etdisc/Bureau/codef1tenth/src/install/strategy/lib/python3.8/site-packages/strategy-0.0.0-py3.8.egg-info
[2.837s] running install_scripts
[2.867s] Installing basic_strategy_manager script to /home/etdisc/Bureau/codef1tenth/src/install/strategy/lib/strategy
[2.869s] writing list of installed files to '/home/etdisc/Bureau/codef1tenth/src/build/strategy/install.log'
[2.905s] Invoked command in '/home/etdisc/Bureau/codef1tenth/src/strategy' returned '0': PYTHONPATH=/home/etdisc/Bureau/codef1tenth/src/build/strategy/prefix_override:/usr/lib/python3/dist-packages/colcon_core/task/python/colcon_distutils_commands:/home/etdisc/Bureau/codef1tenth/src/install/strategy/lib/python3.8/site-packages:${PYTHONPATH} /usr/bin/python3 -W ignore:setup.py install is deprecated -W ignore:easy_install command is deprecated setup.py egg_info --egg-base ../build/strategy build --build-base /home/etdisc/Bureau/codef1tenth/src/build/strategy/build install --record /home/etdisc/Bureau/codef1tenth/src/build/strategy/install.log --single-version-externally-managed install_data
