[4.000s] Invoking command in '/home/etdisc/Bureau/codef1tenth/src/localisation': PYTHONPATH=/home/etdisc/Bureau/codef1tenth/src/build/localisation/prefix_override:/usr/lib/python3/dist-packages/colcon_core/task/python/colcon_distutils_commands:/home/etdisc/Bureau/codef1tenth/src/install/localisation/lib/python3.8/site-packages:${PYTHONPATH} /usr/bin/python3 -W ignore:setup.py install is deprecated -W ignore:easy_install command is deprecated setup.py egg_info --egg-base ../build/localisation build --build-base /home/etdisc/Bureau/codef1tenth/src/build/localisation/build install --record /home/etdisc/Bureau/codef1tenth/src/build/localisation/install.log --single-version-externally-managed install_data
[4.606s] running egg_info
[4.608s] creating ../build/localisation/localisation.egg-info
[4.608s] writing ../build/localisation/localisation.egg-info/PKG-INFO
[4.608s] writing dependency_links to ../build/localisation/localisation.egg-info/dependency_links.txt
[4.609s] writing entry points to ../build/localisation/localisation.egg-info/entry_points.txt
[4.609s] writing requirements to ../build/localisation/localisation.egg-info/requires.txt
[4.609s] writing top-level names to ../build/localisation/localisation.egg-info/top_level.txt
[4.612s] writing manifest file '../build/localisation/localisation.egg-info/SOURCES.txt'
[4.691s] reading manifest file '../build/localisation/localisation.egg-info/SOURCES.txt'
[4.700s] writing manifest file '../build/localisation/localisation.egg-info/SOURCES.txt'
[4.701s] running build
[4.701s] running build_py
[4.701s] creating /home/etdisc/Bureau/codef1tenth/src/build/localisation/build
[4.701s] creating /home/etdisc/Bureau/codef1tenth/src/build/localisation/build/lib
[4.701s] creating /home/etdisc/Bureau/codef1tenth/src/build/localisation/build/lib/localisation
[4.702s] copying localisation/lap_tracker.py -> /home/etdisc/Bureau/codef1tenth/src/build/localisation/build/lib/localisation
[4.703s] copying localisation/__init__.py -> /home/etdisc/Bureau/codef1tenth/src/build/localisation/build/lib/localisation
[4.703s] running install
[4.704s] running install_lib
[4.705s] creating /home/etdisc/Bureau/codef1tenth/src/install/localisation/lib/python3.8/site-packages/localisation
[4.705s] copying /home/etdisc/Bureau/codef1tenth/src/build/localisation/build/lib/localisation/lap_tracker.py -> /home/etdisc/Bureau/codef1tenth/src/install/localisation/lib/python3.8/site-packages/localisation
[4.706s] copying /home/etdisc/Bureau/codef1tenth/src/build/localisation/build/lib/localisation/__init__.py -> /home/etdisc/Bureau/codef1tenth/src/install/localisation/lib/python3.8/site-packages/localisation
[4.710s] byte-compiling /home/etdisc/Bureau/codef1tenth/src/install/localisation/lib/python3.8/site-packages/localisation/lap_tracker.py to lap_tracker.cpython-38.pyc
[4.716s] byte-compiling /home/etdisc/Bureau/codef1tenth/src/install/localisation/lib/python3.8/site-packages/localisation/__init__.py to __init__.cpython-38.pyc
[4.717s] running install_data
[4.717s] creating /home/etdisc/Bureau/codef1tenth/src/install/localisation/share/ament_index
[4.717s] creating /home/etdisc/Bureau/codef1tenth/src/install/localisation/share/ament_index/resource_index
[4.717s] creating /home/etdisc/Bureau/codef1tenth/src/install/localisation/share/ament_index/resource_index/packages
[4.717s] copying resource/localisation -> /home/etdisc/Bureau/codef1tenth/src/install/localisation/share/ament_index/resource_index/packages
[4.717s] copying package.xml -> /home/etdisc/Bureau/codef1tenth/src/install/localisation/share/localisation
[4.718s] running install_egg_info
[4.718s] Copying ../build/localisation/localisation.egg-info to /home/etdisc/Bureau/codef1tenth/src/install/localisation/lib/python3.8/site-packages/localisation-0.0.0-py3.8.egg-info
[4.720s] running install_scripts
[4.768s] Installing lap_tracker script to /home/etdisc/Bureau/codef1tenth/src/install/localisation/lib/localisation
[4.775s] writing list of installed files to '/home/etdisc/Bureau/codef1tenth/src/build/localisation/install.log'
[4.927s] Invoked command in '/home/etdisc/Bureau/codef1tenth/src/localisation' returned '0': PYTHONPATH=/home/etdisc/Bureau/codef1tenth/src/build/localisation/prefix_override:/usr/lib/python3/dist-packages/colcon_core/task/python/colcon_distutils_commands:/home/etdisc/Bureau/codef1tenth/src/install/localisation/lib/python3.8/site-packages:${PYTHONPATH} /usr/bin/python3 -W ignore:setup.py install is deprecated -W ignore:easy_install command is deprecated setup.py egg_info --egg-base ../build/localisation build --build-base /home/etdisc/Bureau/codef1tenth/src/build/localisation/build install --record /home/etdisc/Bureau/codef1tenth/src/build/localisation/install.log --single-version-externally-managed install_data
