[4.676s] Invoking command in '/home/etdisc/Bureau/codef1tenth/src/f1tenth_gym_ros': PYTHONPATH=/home/etdisc/Bureau/codef1tenth/src/build/f1tenth_gym_ros/prefix_override:/usr/lib/python3/dist-packages/colcon_core/task/python/colcon_distutils_commands:/home/etdisc/Bureau/codef1tenth/src/install/f1tenth_gym_ros/lib/python3.8/site-packages:${PYTHONPATH} /usr/bin/python3 -W ignore:setup.py install is deprecated -W ignore:easy_install command is deprecated setup.py egg_info --egg-base ../build/f1tenth_gym_ros build --build-base /home/etdisc/Bureau/codef1tenth/src/build/f1tenth_gym_ros/build install --record /home/etdisc/Bureau/codef1tenth/src/build/f1tenth_gym_ros/install.log --install-scripts $base/lib/f1tenth_gym_ros --single-version-externally-managed install_data
[5.390s] running egg_info
[5.392s] writing ../build/f1tenth_gym_ros/f1tenth_gym_ros.egg-info/PKG-INFO
[5.406s] writing dependency_links to ../build/f1tenth_gym_ros/f1tenth_gym_ros.egg-info/dependency_links.txt
[5.407s] writing entry points to ../build/f1tenth_gym_ros/f1tenth_gym_ros.egg-info/entry_points.txt
[5.407s] writing requirements to ../build/f1tenth_gym_ros/f1tenth_gym_ros.egg-info/requires.txt
[5.408s] writing top-level names to ../build/f1tenth_gym_ros/f1tenth_gym_ros.egg-info/top_level.txt
[5.499s] reading manifest file '../build/f1tenth_gym_ros/f1tenth_gym_ros.egg-info/SOURCES.txt'
[5.500s] writing manifest file '../build/f1tenth_gym_ros/f1tenth_gym_ros.egg-info/SOURCES.txt'
[5.517s] running build
[5.518s] running build_py
[5.518s] running install
[5.518s] running install_lib
[5.520s] running install_data
[5.523s] running install_egg_info
[5.531s] removing '/home/etdisc/Bureau/codef1tenth/src/install/f1tenth_gym_ros/lib/python3.8/site-packages/f1tenth_gym_ros-0.0.0-py3.8.egg-info' (and everything under it)
[5.532s] Copying ../build/f1tenth_gym_ros/f1tenth_gym_ros.egg-info to /home/etdisc/Bureau/codef1tenth/src/install/f1tenth_gym_ros/lib/python3.8/site-packages/f1tenth_gym_ros-0.0.0-py3.8.egg-info
[5.532s] running install_scripts
[5.574s] Installing gym_bridge script to /home/etdisc/Bureau/codef1tenth/src/install/f1tenth_gym_ros/lib/f1tenth_gym_ros
[5.578s] writing list of installed files to '/home/etdisc/Bureau/codef1tenth/src/build/f1tenth_gym_ros/install.log'
[6.131s] Invoked command in '/home/etdisc/Bureau/codef1tenth/src/f1tenth_gym_ros' returned '0': PYTHONPATH=/home/etdisc/Bureau/codef1tenth/src/build/f1tenth_gym_ros/prefix_override:/usr/lib/python3/dist-packages/colcon_core/task/python/colcon_distutils_commands:/home/etdisc/Bureau/codef1tenth/src/install/f1tenth_gym_ros/lib/python3.8/site-packages:${PYTHONPATH} /usr/bin/python3 -W ignore:setup.py install is deprecated -W ignore:easy_install command is deprecated setup.py egg_info --egg-base ../build/f1tenth_gym_ros build --build-base /home/etdisc/Bureau/codef1tenth/src/build/f1tenth_gym_ros/build install --record /home/etdisc/Bureau/codef1tenth/src/build/f1tenth_gym_ros/install.log --install-scripts $base/lib/f1tenth_gym_ros --single-version-externally-managed install_data
