[3.949s] Invoking command in '/home/etdisc/Bureau/codef1tenth/src/Mapping': PYTHONPATH=/home/etdisc/Bureau/codef1tenth/build/Mapping/prefix_override:/usr/lib/python3/dist-packages/colcon_core/task/python/colcon_distutils_commands:/home/etdisc/Bureau/codef1tenth/install/Mapping/lib/python3.8/site-packages:${PYTHONPATH} /usr/bin/python3 -W ignore:setup.py install is deprecated -W ignore:easy_install command is deprecated setup.py egg_info --egg-base ../../build/Mapping build --build-base /home/etdisc/Bureau/codef1tenth/build/Mapping/build install --record /home/etdisc/Bureau/codef1tenth/build/Mapping/install.log --single-version-externally-managed install_data
[4.703s] running egg_info
[4.712s] writing ../../build/Mapping/Mapping.egg-info/PKG-INFO
[4.712s] writing dependency_links to ../../build/Mapping/Mapping.egg-info/dependency_links.txt
[4.713s] writing entry points to ../../build/Mapping/Mapping.egg-info/entry_points.txt
[4.713s] writing requirements to ../../build/Mapping/Mapping.egg-info/requires.txt
[4.713s] writing top-level names to ../../build/Mapping/Mapping.egg-info/top_level.txt
[4.763s] reading manifest file '../../build/Mapping/Mapping.egg-info/SOURCES.txt'
[4.765s] writing manifest file '../../build/Mapping/Mapping.egg-info/SOURCES.txt'
[4.778s] running build
[4.779s] running build_py
[4.781s] running install
[4.782s] running install_lib
[4.783s] running install_data
[4.783s] running install_egg_info
[4.784s] removing '/home/etdisc/Bureau/codef1tenth/install/Mapping/lib/python3.8/site-packages/Mapping-0.0.0-py3.8.egg-info' (and everything under it)
[4.784s] Copying ../../build/Mapping/Mapping.egg-info to /home/etdisc/Bureau/codef1tenth/install/Mapping/lib/python3.8/site-packages/Mapping-0.0.0-py3.8.egg-info
[4.785s] running install_scripts
[4.820s] Installing centerline_extraction script to /home/etdisc/Bureau/codef1tenth/install/Mapping/lib/Mapping
[4.822s] Installing custom_slam script to /home/etdisc/Bureau/codef1tenth/install/Mapping/lib/Mapping
[4.822s] Installing occupancy_grid script to /home/etdisc/Bureau/codef1tenth/install/Mapping/lib/Mapping
[4.823s] Installing pose_listener script to /home/etdisc/Bureau/codef1tenth/install/Mapping/lib/Mapping
[4.823s] Installing scan_filter script to /home/etdisc/Bureau/codef1tenth/install/Mapping/lib/Mapping
[4.824s] Installing virtual_imu script to /home/etdisc/Bureau/codef1tenth/install/Mapping/lib/Mapping
[4.825s] writing list of installed files to '/home/etdisc/Bureau/codef1tenth/build/Mapping/install.log'
[5.294s] Invoked command in '/home/etdisc/Bureau/codef1tenth/src/Mapping' returned '0': PYTHONPATH=/home/etdisc/Bureau/codef1tenth/build/Mapping/prefix_override:/usr/lib/python3/dist-packages/colcon_core/task/python/colcon_distutils_commands:/home/etdisc/Bureau/codef1tenth/install/Mapping/lib/python3.8/site-packages:${PYTHONPATH} /usr/bin/python3 -W ignore:setup.py install is deprecated -W ignore:easy_install command is deprecated setup.py egg_info --egg-base ../../build/Mapping build --build-base /home/etdisc/Bureau/codef1tenth/build/Mapping/build install --record /home/etdisc/Bureau/codef1tenth/build/Mapping/install.log --single-version-externally-managed install_data
